******************************************************************************
                  TI ARM Linker PC v18.12.4                    
******************************************************************************
>> Linked Sat May 16 17:05:54 2020

OUTPUT FILE NAME:   <3.Buttons-QT_TIVA.out>
ENTRY POINT SYMBOL: "_c_int00_noargs"  address: 00014b61


MEMORY CONFIGURATION

         name            origin    length      used     unused   attr    fill
----------------------  --------  ---------  --------  --------  ----  --------
  FLASH                 00000000   00040000  00015b8e  0002a472  R  X
  SRAM                  20000000   00008000  0000676d  00001893  RW X


SEGMENT ALLOCATION MAP

run origin  load origin   length   init length attrs members
----------  ----------- ---------- ----------- ----- -------
00000000    00000000    00015b90   00015b90    r-x
  00000000    00000000    0000026c   0000026c    r-- .intvecs
  0000026c    0000026c    00014aca   00014aca    r-x .text
  00014d38    00014d38    00000ce8   00000ce8    r-- .const
  00015a20    00015a20    00000170   00000170    r-- .cinit
20000000    20000000    00006770   00000000    rw-
  20000000    20000000    0000026c   00000000    rw- .vtable
  2000026c    2000026c    00006069   00000000    rw- .bss
  200062d8    200062d8    00000298   00000000    rw- .data
  20006570    20006570    00000200   00000000    rw- .stack


SECTION ALLOCATION MAP

 output                                  attributes/
section   page    origin      length       input sections
--------  ----  ----------  ----------   ----------------
.intvecs   0    00000000    0000026c     
                  00000000    0000026c     startup_ccs.obj (.intvecs)

.text      0    0000026c    00014aca     
                  0000026c    00002db0     usbhostenum.obj (.text)
                  0000301c    00001c18     tasks.obj (.text)
                  00004c34    000015b6     usb.obj (.text)
                  000061ea    00000002     rtsv7M4_T_le_v4SPD16_eabi.lib : div0.asm.obj (.text)
                  000061ec    0000134c     usbdenum.obj (.text)
                  00007538    00000f80     sysctl.obj (.text)
                  000084b8    00000f20     usbdma.obj (.text)
                  000093d8    00000e6c     usbdcdc.obj (.text)
                  0000a244    00000c8c     queue.obj (.text)
                  0000aed0    00000bc8     Botones.obj (.text)
                  0000ba98    00000b94     gpio.obj (.text)
                  0000c62c    00000aec     uartstdioMod.obj (.text)
                  0000d118    00000a4e     rtsv7M4_T_le_v4SPD16_eabi.lib : _printfi.c.obj (.text:__TI_printfi)
                  0000db66    00000002     --HOLE-- [fill = 0]
                  0000db68    00000924     usbhhub.obj (.text)
                  0000e48c    0000083a     adc.obj (.text)
                  0000ecc6    00000002     --HOLE-- [fill = 0]
                  0000ecc8    000006cc     timers.obj (.text)
                  0000f394    00000642     timer.obj (.text)
                  0000f9d6    00000002     --HOLE-- [fill = 0]
                  0000f9d8    0000062e     uart.obj (.text)
                  00010006    00000002     --HOLE-- [fill = 0]
                  00010008    00000500     usbmode.obj (.text)
                  00010508    000004d4     commands.obj (.text)
                  000109dc    000004ae     usbbuffer.obj (.text)
                  00010e8a    00000002     --HOLE-- [fill = 0]
                  00010e8c    0000042c     rgb.obj (.text)
                  000112b8    00000408     event_groups.obj (.text)
                  000116c0    000003c0     interrupt.obj (.text)
                  00011a80    00000388     serial2USBprotocol.obj (.text)
                  00011e08    00000388     usbdconfig.obj (.text)
                  00012190    00000374     usb_dev_serial.obj (.text)
                  00012504    000002f4     usbringbuf.obj (.text)
                  000127f8    000002de     usbdcdesc.obj (.text)
                  00012ad6    00000002     --HOLE-- [fill = 0]
                  00012ad8    000002c8     heap_4.obj (.text)
                  00012da0    00000270     rtsv7M4_T_le_v4SPD16_eabi.lib : _printfi.c.obj (.text:_pconv_a)
                  00013010    000001d2     usbdesc.obj (.text)
                  000131e2    00000002     --HOLE-- [fill = 0]
                  000131e4    000001d0     rtsv7M4_T_le_v4SPD16_eabi.lib : _printfi.c.obj (.text:_pconv_g)
                  000133b4    000001b6                                   : fd_add_t2.asm.obj (.text)
                  0001356a    00000002     --HOLE-- [fill = 0]
                  0001356c    0000013c                                   : _printfi.c.obj (.text:_pconv_e)
                  000136a8    0000013c     port.obj (.text)
                  000137e4    00000136     rtsv7M4_T_le_v4SPD16_eabi.lib : fd_div_t2.asm.obj (.text)
                  0001391a    0000012a     list.obj (.text)
                  00013a44    00000128     buttons.obj (.text)
                  00013b6c    00000124     rtsv7M4_T_le_v4SPD16_eabi.lib : _printfi.c.obj (.text:fcvt)
                  00013c90    00000110                                   : s_scalbn.c.obj (.text:scalbn)
                  00013da0    000000fc                                   : fd_mul_t2.asm.obj (.text)
                  00013e9c    000000f0     cpu_usage.obj (.text)
                  00013f8c    000000ec     usbtick.obj (.text)
                  00014078    000000da     portasm.obj (.text)
                  00014152    000000c8     usbulpi.obj (.text)
                  0001421a    00000002     --HOLE-- [fill = 0]
                  0001421c    000000b1     rtsv7M4_T_le_v4SPD16_eabi.lib : _printfi.c.obj (.text:_ltostr)
                  000142cd    00000003     --HOLE-- [fill = 0]
                  000142d0    000000ac     cmdline.obj (.text)
                  0001437c    0000009c     rtsv7M4_T_le_v4SPD16_eabi.lib : memcpy_t2.asm.obj (.text)
                  00014418    00000096                                   : ull_div_t2.asm.obj (.text)
                  000144ae    00000086                                   : fd_cmp_t2.asm.obj (.text:__aeabi_cdcmple)
                  00014534    00000086                                   : fd_cmp_t2.asm.obj (.text:__aeabi_cdrcmple)
                  000145ba    0000007a                                   : memset_t2.asm.obj (.text)
                  00014634    0000006e                                   : _printfi.c.obj (.text:_mcpy)
                  000146a2    00000002     --HOLE-- [fill = 0]
                  000146a4    00000068     crc.obj (.text)
                  0001470c    00000068     RunTimeStatsConfig.obj (.text)
                  00014774    00000068     rtsv7M4_T_le_v4SPD16_eabi.lib : copy_decompress_lzss.c.obj (.text:decompress:lzss:__TI_decompress_lzss)
                  000147dc    00000064                                   : s_frexp.c.obj (.text:frexp)
                  00014840    00000056                                   : _printfi.c.obj (.text:_pconv_f)
                  00014896    00000054                                   : ltoa.c.obj (.text:ltoa)
                  000148ea    00000052                                   : _printfi.c.obj (.text:_ecpy)
                  0001493c    00000050                                   : fs_toull_t2.asm.obj (.text)
                  0001498c    0000004c                                   : atoi.c.obj (.text:atoi)
                  000149d8    00000048                                   : fd_toi_t2.asm.obj (.text)
                  00014a20    00000044                                   : autoinit.c.obj (.text:__TI_auto_init_nobinit_nopinit:__TI_auto_init_nobinit_nopinit)
                  00014a64    00000040                                   : u_divt2.asm.obj (.text)
                  00014aa4    00000040                                   : sprintf.c.obj (.text:sprintf)
                  00014ae4    0000003e                                   : _printfi.c.obj (.text:_fcpy)
                  00014b22    0000003e     cpu.obj (.text)
                  00014b60    00000034     rtsv7M4_T_le_v4SPD16_eabi.lib : boot_cortex_m.c.obj (.text:_c_int00_noargs:_c_int00_noargs)
                  00014b94    0000002e                                   : i_tofd_t2.asm.obj (.text)
                  00014bc2    0000002c                                   : strncmp.c.obj (.text:strncmp)
                  00014bee    00000002     --HOLE-- [fill = 0]
                  00014bf0    00000024     RunTimeStatsConfig.obj (.text:GetOverflowCounts)
                  00014c14    00000024     usbdhandler.obj (.text)
                  00014c38    0000001c     rtsv7M4_T_le_v4SPD16_eabi.lib : memccpy.c.obj (.text:memccpy)
                  00014c54    0000001a                                   : s_copysign.c.obj (.text:copysign)
                  00014c6e    00000018                                   : sprintf.c.obj (.text:_outs)
                  00014c86    00000018                                   : strcmp.c.obj (.text:strcmp)
                  00014c9e    00000016                                   : strchr.c.obj (.text:strchr)
                  00014cb4    00000014                                   : strcpy.c.obj (.text:strcpy)
                  00014cc8    00000014                                   : strlen.c.obj (.text:strlen)
                  00014cdc    00000012                                   : wcslen.c.obj (.text:wcslen)
                  00014cee    0000000e                                   : copy_decompress_none.c.obj (.text:decompress:none:__TI_decompress_none)
                  00014cfc    0000000c                                   : copy_zero_init.c.obj (.text:decompress:ZI:__TI_zero_init)
                  00014d08    0000000c     startup_ccs.obj (.text)
                  00014d14    0000000a     rtsv7M4_T_le_v4SPD16_eabi.lib : sprintf.c.obj (.text:_outc)
                  00014d1e    00000002     --HOLE-- [fill = 0]
                  00014d20    00000008                                   : errno.c.obj (.text:__aeabi_errno_addr)
                  00014d28    00000006     sysctl.obj (.text:SysCtlDelay)
                  00014d2e    00000004     rtsv7M4_T_le_v4SPD16_eabi.lib : pre_init.c.obj (.text:_system_pre_init)
                  00014d32    00000004                                   : exit.c.obj (.text:abort:abort)

.const     0    00014d38    00000ce8     
                  00014d38    00000200     crc.obj (.const:crctttab)
                  00014f38    000001b0     sysctl.obj (.const:g_pppui32XTALtoVCO)
                  000150e8    00000112     commands.obj (.const:.string)
                  000151fa    00000101     rtsv7M4_T_le_v4SPD16_eabi.lib : ctype.c.obj (.const:.string:_ctypes_)
                  000152fb    00000001     --HOLE-- [fill = 0]
                  000152fc    000000d8     gpio.obj (.const:g_ppui32GPIOIntMapSnowflake)
                  000153d4    000000c0     gpio.obj (.const:g_ppui32GPIOIntMapBlizzard)
                  00015494    0000009c     interrupt.obj (.const:g_pui32Regs)
                  00015530    00000090     gpio.obj (.const:g_pui32GPIOBaseAddrs)
                  000155c0    0000006c     sysctl.obj (.const:g_pui32Xtals)
                  0001562c    00000060     timer.obj (.const:g_ppui32TimerIntMap)
                  0001568c    00000040     timer.obj (.const:g_ppui32TimerIntMapSnowflake)
                  000156cc    00000040     uart.obj (.const:g_ppui32UARTIntMap)
                  0001570c    00000040     uart.obj (.const:g_ppui32UARTIntMapSnowflake)
                  0001574c    00000036     usb_serial_structs.obj (.const:.string:g_pui8ConfigString)
                  00015782    00000002     --HOLE-- [fill = 0]
                  00015784    00000034     usbdenum.obj (.const:g_psUSBDStdRequests)
                  000157b8    00000030     usbdcdc.obj (.const:g_sCDCHandlers)
                  000157e8    00000030     sysctl.obj (.const:g_sXTALtoMEMTIM)
                  00015818    0000002c     usb_serial_structs.obj (.const:.string:g_pui8ControlInterfaceString)
                  00015844    00000024     usb_serial_structs.obj (.const:.string:g_pui8ManufacturerString)
                  00015868    00000023     usbdcdc.obj (.const:.string:g_pui8CDCSerCommInterface)
                  0001588b    00000022     usb_serial_structs.obj (.const:.string:g_pui8ProductString)
                  000158ad    00000003     --HOLE-- [fill = 0]
                  000158b0    00000020     interrupt.obj (.const:g_pui32Priority)
                  000158d0    00000018     usb_serial_structs.obj (.const:g_ppui8StringDescriptors)
                  000158e8    00000017     usbdcdc.obj (.const:.string:g_pui8CDCSerDataInterface)
                  000158ff    00000017     usbdcdc.obj (.const:.string:g_pui8CDCSerDataInterfaceHS)
                  00015916    00000002     --HOLE-- [fill = 0]
                  00015918    00000014     interrupt.obj (.const:g_pui32Dii16Regs)
                  0001592c    00000014     interrupt.obj (.const:g_pui32EnRegs)
                  00015940    00000014     interrupt.obj (.const:g_pui32PendRegs)
                  00015954    00000014     interrupt.obj (.const:g_pui32UnpendRegs)
                  00015968    00000012     usb_serial_structs.obj (.const:.string:g_pui8SerialNumberString)
                  0001597a    00000002     --HOLE-- [fill = 0]
                  0001597c    00000012     uartstdioMod.obj (.const:.string)
                  0001598e    00000002     --HOLE-- [fill = 0]
                  00015990    0000000c     uartstdioMod.obj (.const:g_ui32UARTBase)
                  0001599c    0000000c     uartstdioMod.obj (.const:g_ui32UARTInt)
                  000159a8    0000000c     uartstdioMod.obj (.const:g_ui32UARTPeriph)
                  000159b4    00000008     sysctl.obj (.const:g_pui32VCOFrequencies)
                  000159bc    00000008     usbdcdc.obj (.const:g_sCDCCompSerConfigHeader)
                  000159c4    00000008     usbdcdc.obj (.const:g_sCDCCompSerConfigHeaderHS)
                  000159cc    00000008     usbdcdc.obj (.const:g_sCDCSerCommInterfaceSection)
                  000159d4    00000008     usbdcdc.obj (.const:g_sCDCSerConfigHeader)
                  000159dc    00000008     usbdcdc.obj (.const:g_sCDCSerConfigHeaderHS)
                  000159e4    00000008     usbdcdc.obj (.const:g_sCDCSerConfigSection)
                  000159ec    00000008     usbdcdc.obj (.const:g_sCDCSerDataInterfaceSection)
                  000159f4    00000008     usbdcdc.obj (.const:g_sCDCSerDataInterfaceSectionHS)
                  000159fc    00000008     usbdcdc.obj (.const:g_sIADSerConfigSection)
                  00015a04    00000004     usb_serial_structs.obj (.const:.string:g_pui8LangDescriptor)
                  00015a08    00000004     usbdcdc.obj (.const:g_pCDCCompSerConfigDescriptors)
                  00015a0c    00000004     usbdcdc.obj (.const:g_pCDCCompSerConfigDescriptorsHS)
                  00015a10    00000004     usbdcdc.obj (.const:g_ppCDCSerConfigDescriptors)
                  00015a14    00000004     usbdcdc.obj (.const:g_ppCDCSerConfigDescriptorsHS)
                  00015a18    00000004     port.obj (.const)
                  00015a1c    00000004     uartstdioMod.obj (.const)

.cinit     0    00015a20    00000170     
                  00015a20    00000137     (.cinit..data.load) [load image, compression = lzss]
                  00015b57    00000001     --HOLE-- [fill = 0]
                  00015b58    0000000c     (__TI_handler_table)
                  00015b64    00000004     --HOLE-- [fill = 0]
                  00015b68    00000008     (.cinit..bss.load) [load image, compression = zero_init]
                  00015b70    00000008     (.cinit..vtable.load) [load image, compression = zero_init]
                  00015b78    00000018     (__TI_cinit_table)

.init_array 
*          0    00000000    00000000     UNINITIALIZED

.vtable    0    20000000    0000026c     UNINITIALIZED
                  20000000    0000026c     interrupt.obj (.vtable)

.bss       0    2000026c    00006069     UNINITIALIZED
                  2000026c    00005000     heap_4.obj (.bss:ucHeap)
                  2000526c    000006cc     usbhostenum.obj (.bss:g_sUSBHCD)
                  20005938    00000200     uartstdioMod.obj (.bss:g_pcUARTRxHistoryBuffer)
                  20005b38    00000140     tasks.obj (.bss:pxReadyTasksLists)
                  20005c78    00000110     usbdma.obj (.bss:g_psUSBDMAInst)
                  20005d88    00000100     (.common:g_pui8USBRxBuffer)
                  20005e88    00000100     (.common:g_pui8USBTxBuffer)
                  20005f88    0000009c     usbhhub.obj (.bss:g_sRootHub)
                  20006024    00000050     (.common:g_psDCDInst)
                  20006074    00000050     (.common:xQueueRegistry)
                  200060c4    00000040     usbdenum.obj (.bss:g_pui8DataBufferIn)
                  20006104    00000024     cmdline.obj (.bss:g_ppcArgv)
                  20006128    00000020     uartstdioMod.obj (.bss:g_usUARTRxHistoryOffset)
                  20006148    00000018     usbhostenum.obj (.bss:g_pi32USBHActiveDriver)
                  20006160    00000018     usbhostenum.obj (.bss:g_ppvDriverInstance)
                  20006178    00000018     (.common:g_pfnTickHandlers)
                  20006190    00000018     (.common:g_pvTickInstance)
                  200061a8    00000014     uartstdioMod.obj (.bss)
                  200061bc    00000014     timers.obj (.bss:xActiveTimerList1)
                  200061d0    00000014     timers.obj (.bss:xActiveTimerList2)
                  200061e4    00000014     tasks.obj (.bss:xDelayedTaskList1)
                  200061f8    00000014     tasks.obj (.bss:xDelayedTaskList2)
                  2000620c    00000014     tasks.obj (.bss:xPendingReadyList)
                  20006220    00000014     tasks.obj (.bss:xSuspendedTaskList)
                  20006234    00000014     tasks.obj (.bss:xTasksWaitingTermination)
                  20006248    0000000c     cpu_usage.obj (.bss)
                  20006254    0000000c     rgb.obj (.bss:g_ui32Colors)
                  20006260    00000008     usbhostenum.obj (.bss:g_pui32Alloc)
                  20006268    00000008     adc.obj (.bss:g_pui8OversampleFactor)
                  20006270    00000008     tasks.obj (.bss)
                  20006278    00000008     timers.obj (.bss)
                  20006280    00000008     usb_dev_serial.obj (.bss)
                  20006288    00000008     usbhhub.obj (.bss)
                  20006290    00000008     heap_4.obj (.bss:xStart)
                  20006298    00000004     rgb.obj (.bss)
                  2000629c    00000004     usbdenum.obj (.bss)
                  200062a0    00000004     usbhostenum.obj (.bss)
                  200062a4    00000004     usbmode.obj (.bss)
                  200062a8    00000004     (.common:FlagsEventos)
                  200062ac    00000004     (.common:cola_freertos)
                  200062b0    00000004     (.common:cola_hora)
                  200062b4    00000004     (.common:cola_temperatura)
                  200062b8    00000004     (.common:g_ppsDevInfo)
                  200062bc    00000004     (.common:g_ui32CPUUsage)
                  200062c0    00000004     (.common:g_ui32PollRate)
                  200062c4    00000004     (.common:g_ui32SystemClock)
                  200062c8    00000004     (.common:mutexUSB)
                  200062cc    00000004     (.common:ui32Period)
                  200062d0    00000004     (.common:xTimer)
                  200062d4    00000001     (.common:g_eOTGModeState)

.data      0    200062d8    00000298     UNINITIALIZED
                  200062d8    00000060     commands.obj (.data:g_psCmdTable)
                  20006338    00000060     usb_serial_structs.obj (.data:g_sCDCDevice)
                  20006398    0000003c     tasks.obj (.data)
                  200063d4    00000038     usb_serial_structs.obj (.data:g_sRxBuffer)
                  2000640c    00000038     usb_serial_structs.obj (.data:g_sTxBuffer)
                  20006444    00000018     cpu_usage.obj (.data:g_pui32CPUUsageTimerBase)
                  2000645c    00000018     cpu_usage.obj (.data:g_pui32CPUUsageTimerPeriph)
                  20006474    00000018     usbhostenum.obj (.data:g_sUSBHEP0State)
                  2000648c    00000014     usbhostenum.obj (.data)
                  200064a0    00000012     usbdcdc.obj (.data:g_pui8CDCSerDeviceDescriptor)
                  200064b2    00000002     usbdcdc.obj (.data)
                  200064b4    00000010     usbdcdc.obj (.data:g_psCDCCompSerSections)
                  200064c4    00000010     usbdcdc.obj (.data:g_psCDCCompSerSectionsHS)
                  200064d4    00000010     heap_4.obj (.data)
                  200064e4    0000000c     usbdcdc.obj (.data:g_psCDCSerSections)
                  200064f0    0000000c     usbdcdc.obj (.data:g_psCDCSerSectionsHS)
                  200064fc    0000000c     timers.obj (.data)
                  20006508    0000000c     uartstdioMod.obj (.data)
                  20006514    0000000c     usbtick.obj (.data)
                  20006520    00000009     Botones.obj (.data)
                  20006529    00000009     usbdcdc.obj (.data:g_pui8CDCSerDescriptor)
                  20006532    00000002     --HOLE--
                  20006534    00000009     usb_dev_serial.obj (.data)
                  2000653d    00000003     buttons.obj (.data)
                  20006540    00000009     usbmode.obj (.data)
                  20006549    00000008     usbdcdc.obj (.data:g_pui8IADSerDescriptor)
                  20006551    00000003     --HOLE--
                  20006554    00000008     usbdenum.obj (.data)
                  2000655c    00000007     usb_dev_serial.obj (.data:ConfigLinea)
                  20006563    00000001     --HOLE--
                  20006564    00000004     port.obj (.data)
                  20006568    00000004     rgb.obj (.data)
                  2000656c    00000004     rtsv7M4_T_le_v4SPD16_eabi.lib : errno.c.obj (.data)

.stack     0    20006570    00000200     UNINITIALIZED
                  20006570    00000004     rtsv7M4_T_le_v4SPD16_eabi.lib : boot_cortex_m.c.obj (.stack)
                  20006574    000001fc     --HOLE--

MODULE SUMMARY

       Module                       code    ro data   rw data
       ------                       ----    -------   -------
    .\
       Botones.obj                  3016    0         45     
       commands.obj                 1236    274       96     
       usb_serial_structs.obj       0       214       720    
       usb_dev_serial.obj           884     0         24     
       serial2USBprotocol.obj       904     0         0      
       startup_ccs.obj              12      620       0      
       crc.obj                      104     512       0      
    +--+----------------------------+-------+---------+---------+
       Total:                       6156    1620      885    
                                                             
    .\FreeRTOS\Source\
       tasks.obj                    7192    0         488    
       queue.obj                    3212    0         80     
       timers.obj                   1740    0         60     
       event_groups.obj             1032    0         0      
       list.obj                     298     0         0      
    +--+----------------------------+-------+---------+---------+
       Total:                       13474   0         628    
                                                             
    .\FreeRTOS\Source\portable\CCS\ARM_CM4F\
       port.obj                     316     4         4      
       portasm.obj                  218     0         0      
    +--+----------------------------+-------+---------+---------+
       Total:                       534     4         4      
                                                             
    .\FreeRTOS\Source\portable\MemMang\
       heap_4.obj                   712     0         20504  
    +--+----------------------------+-------+---------+---------+
       Total:                       712     0         20504  
                                                             
    .\driverlib\
       usb.obj                      5558    0         0      
       sysctl.obj                   3974    596       0      
       gpio.obj                     2964    552       0      
       adc.obj                      2106    0         8      
       interrupt.obj                960     268       620    
       timer.obj                    1602    160       0      
       uart.obj                     1582    128       0      
       cpu.obj                      62      0         0      
    +--+----------------------------+-------+---------+---------+
       Total:                       18808   1704      628    
                                                             
    .\drivers\
       rgb.obj                      1068    0         20     
       buttons.obj                  296     0         3      
    +--+----------------------------+-------+---------+---------+
       Total:                       1364    0         23     
                                                             
    .\usblib\
       usbdma.obj                   3872    0         272    
       usbmode.obj                  1280    0         18     
       usbbuffer.obj                1198    0         0      
       usbringbuf.obj               756     0         0      
       usbdesc.obj                  466     0         0      
       usbtick.obj                  236     0         60     
       usbulpi.obj                  200     0         0      
    +--+----------------------------+-------+---------+---------+
       Total:                       8008    0         350    
                                                             
    .\usblib\device\
       usbdenum.obj                 4940    52        160    
       usbdcdc.obj                  3692    217       93     
       usbdconfig.obj               904     0         0      
       usbdcdesc.obj                734     0         0      
       usbdhandler.obj              36      0         0      
    +--+----------------------------+-------+---------+---------+
       Total:                       10306   269       253    
                                                             
    .\usblib\host\
       usbhostenum.obj              11696   0         1844   
       usbhhub.obj                  2340    0         164    
    +--+----------------------------+-------+---------+---------+
       Total:                       14036   0         2008   
                                                             
    .\utils\
       uartstdioMod.obj             2796    58        576    
       cpu_usage.obj                240     0         60     
       cmdline.obj                  172     0         36     
       RunTimeStatsConfig.obj       140     0         0      
    +--+----------------------------+-------+---------+---------+
       Total:                       3348    58        672    
                                                             
    C:\ti\ccs930\ccs\tools\compiler\ti-cgt-arm_18.12.4.LTS\lib\rtsv7M4_T_le_v4SPD16_eabi.lib
       _printfi.c.obj               4851    0         0      
       fd_add_t2.asm.obj            438     0         0      
       fd_div_t2.asm.obj            310     0         0      
       s_scalbn.c.obj               272     0         0      
       fd_cmp_t2.asm.obj            268     0         0      
       ctype.c.obj                  0       257       0      
       fd_mul_t2.asm.obj            252     0         0      
       memcpy_t2.asm.obj            156     0         0      
       ull_div_t2.asm.obj           150     0         0      
       memset_t2.asm.obj            122     0         0      
       copy_decompress_lzss.c.obj   104     0         0      
       s_frexp.c.obj                100     0         0      
       sprintf.c.obj                98      0         0      
       ltoa.c.obj                   84      0         0      
       fs_toull_t2.asm.obj          80      0         0      
       atoi.c.obj                   76      0         0      
       fd_toi_t2.asm.obj            72      0         0      
       autoinit.c.obj               68      0         0      
       u_divt2.asm.obj              64      0         0      
       boot_cortex_m.c.obj          52      0         0      
       i_tofd_t2.asm.obj            46      0         0      
       strncmp.c.obj                44      0         0      
       memccpy.c.obj                28      0         0      
       s_copysign.c.obj             26      0         0      
       strcmp.c.obj                 24      0         0      
       strchr.c.obj                 22      0         0      
       strcpy.c.obj                 20      0         0      
       strlen.c.obj                 20      0         0      
       wcslen.c.obj                 18      0         0      
       copy_decompress_none.c.obj   14      0         0      
       copy_zero_init.c.obj         12      0         0      
       errno.c.obj                  8       0         4      
       exit.c.obj                   4       0         0      
       pre_init.c.obj               4       0         0      
       div0.asm.obj                 2       0         0      
    +--+----------------------------+-------+---------+---------+
       Total:                       7909    257       4      
                                                             
       Stack:                       0       0         512    
       Linker Generated:            0       363       0      
    +--+----------------------------+-------+---------+---------+
       Grand Total:                 84655   4275      26471  


LINKER GENERATED COPY TABLES

__TI_cinit_table @ 00015b78 records: 3, size/record: 8, table size: 24
	.data: load addr=00015a20, load size=00000137 bytes, run addr=200062d8, run size=00000298 bytes, compression=lzss
	.bss: load addr=00015b68, load size=00000008 bytes, run addr=2000026c, run size=00006069 bytes, compression=zero_init
	.vtable: load addr=00015b70, load size=00000008 bytes, run addr=20000000, run size=0000026c bytes, compression=zero_init


LINKER GENERATED HANDLER TABLE

__TI_handler_table @ 00015b58 records: 3, size/record: 4, table size: 12
	index: 0, handler: __TI_zero_init
	index: 1, handler: __TI_decompress_lzss
	index: 2, handler: __TI_decompress_none


GLOBAL SYMBOLS: SORTED ALPHABETICALLY BY Name 

address   name                                 
-------   ----                                 
0000ec3d  ADCBusy                              
0000ec85  ADCClockConfigGet                    
0000ec5b  ADCClockConfigSet                    
0000ea57  ADCComparatorConfigure               
0000eb31  ADCComparatorIntClear                
0000eadd  ADCComparatorIntDisable              
0000eafb  ADCComparatorIntEnable               
0000eb1d  ADCComparatorIntStatus               
0000ea73  ADCComparatorRegionSet               
0000ea97  ADCComparatorReset                   
0000ea25  ADCHardwareOversampleConfigure       
0000e5c7  ADCIntClear                          
0000eba5  ADCIntClearEx                        
0000e52d  ADCIntDisable                        
0000eb43  ADCIntDisableEx                      
0000e549  ADCIntEnable                         
0000eb5b  ADCIntEnableEx                       
0000e4e7  ADCIntRegister                       
0000e56f  ADCIntStatus                         
0000eb73  ADCIntStatusEx                       
0000e50f  ADCIntUnregister                     
0000ebf7  ADCPhaseDelayGet                     
0000ebe5  ADCPhaseDelaySet                     
0000e839  ADCProcessorTrigger                  
0000ebd3  ADCReferenceGet                      
0000ebb7  ADCReferenceSet                      
0000b907  ADCSequence0Handler                  
0000b95b  ADCSequence1Handler                  
0000e611  ADCSequenceConfigure                 
0000ec21  ADCSequenceDMADisable                
0000ec05  ADCSequenceDMAEnable                 
0000e7f7  ADCSequenceDataGet                   
0000e5f7  ADCSequenceDisable                   
0000e5dd  ADCSequenceEnable                    
0000e79b  ADCSequenceOverflow                  
0000e7b3  ADCSequenceOverflowClear             
0000e6ad  ADCSequenceStepConfigure             
0000e7c9  ADCSequenceUnderflow                 
0000e7e1  ADCSequenceUnderflowClear            
0000e85d  ADCSoftwareOversampleConfigure       
0000e991  ADCSoftwareOversampleDataGet         
0000e8af  ADCSoftwareOversampleStepConfigure   
00013aeb  ButtonsInit                          
00013a45  ButtonsPoll                          
00014d33  C$$EXIT                              
00013edb  CPUUsageInit                         
00013e9d  CPUUsageTick                         
00014b57  CPUbasepriGet                        
00014b49  CPUbasepriSet                        
00014b23  CPUcpsid                             
00014b39  CPUcpsie                             
00014b2f  CPUprimask                           
00014b45  CPUwfi                               
000142d1  CmdLineProcess                       
0000026d  ConfigDescAlloc                      
00000303  ConfigDescFree                       
200062a8  FlagsEventos                         
0000c605  GPIOADCTriggerDisable                
0000c5e7  GPIOADCTriggerEnable                 
0000c5c9  GPIODMATriggerDisable                
0000c5ab  GPIODMATriggerEnable                 
0000bb53  GPIODirModeGet                       
0000baf7  GPIODirModeSet                       
0000b9d5  GPIOFIntHandler                      
0000c0bb  GPIOIntClear                         
0000c07f  GPIOIntDisable                       
0000c065  GPIOIntEnable                        
0000c0cf  GPIOIntRegister                      
0000c107  GPIOIntRegisterPin                   
0000c099  GPIOIntStatus                        
0000bc43  GPIOIntTypeGet                       
0000bb9f  GPIOIntTypeSet                       
0000c0ed  GPIOIntUnregister                    
0000c135  GPIOIntUnregisterPin                 
0000bf13  GPIOPadConfigGet                     
0000bcd9  GPIOPadConfigSet                     
0000c54d  GPIOPinConfigure                     
0000c159  GPIOPinRead                          
0000c191  GPIOPinTypeADC                       
0000c1b5  GPIOPinTypeCAN                       
0000c1d9  GPIOPinTypeComparator                
0000c1fd  GPIOPinTypeComparatorOutput          
0000c221  GPIOPinTypeDIVSCLK                   
0000c245  GPIOPinTypeEPI                       
0000c269  GPIOPinTypeEthernetLED               
0000c28d  GPIOPinTypeEthernetMII               
0000c2b1  GPIOPinTypeGPIOInput                 
0000c2d5  GPIOPinTypeGPIOOutput                
0000c2f9  GPIOPinTypeGPIOOutputOD              
0000c31d  GPIOPinTypeHibernateRTCCLK           
0000c341  GPIOPinTypeI2C                       
0000c365  GPIOPinTypeI2CSCL                    
0000c389  GPIOPinTypeLCD                       
0000c3ad  GPIOPinTypeOneWire                   
0000c3d1  GPIOPinTypePWM                       
0000c3f5  GPIOPinTypeQEI                       
0000c419  GPIOPinTypeSSI                       
0000c43d  GPIOPinTypeTimer                     
0000c461  GPIOPinTypeTrace                     
0000c485  GPIOPinTypeUART                      
0000c4a9  GPIOPinTypeUSBAnalog                 
0000c4cd  GPIOPinTypeUSBDigital                
0000c4f1  GPIOPinTypeWakeHigh                  
0000c517  GPIOPinTypeWakeLow                   
0000c53d  GPIOPinWakeStatus                    
0000c171  GPIOPinWrite                         
00014bf1  GetOverflowCounts                    
00011881  IntDisable                           
0001180f  IntEnable                            
000118f3  IntIsEnabled                         
000116d3  IntMasterDisable                     
000116c3  IntMasterEnable                      
000119e9  IntPendClear                         
00011979  IntPendSet                           
000117eb  IntPriorityGet                       
00011763  IntPriorityGroupingGet               
00011749  IntPriorityGroupingSet               
00011a43  IntPriorityMaskGet                   
00011a37  IntPriorityMaskSet                   
0001179b  IntPrioritySet                       
000116e3  IntRegister                          
00011a4b  IntTrigger                           
00011735  IntUnregister                        
000023dd  InternalUSBHCDSendEvent              
00013fd3  InternalUSBRegisterTickHandler       
00014023  InternalUSBStartOfFrameTick          
00013f8d  InternalUSBTickInit                  
00013fcb  InternalUSBTickReset                 
000103eb  OTGDeviceDisconnect                  
00009621  ProcessDataFromHost                  
00009731  ProcessDataToHost                    
000096cf  ProcessNotificationToHost            
00010e8d  RGBBlinkIntHandler                   
000111a1  RGBBlinkRateSet                      
0001122d  RGBColorGet                          
000110e3  RGBColorSet                          
0001106d  RGBDisable                           
00010fb5  RGBEnable                            
00010ebb  RGBInit                              
0001118d  RGBIntensitySet                      
000110cb  RGBSet                               
00014d09  ResetISR                             
00008475  SysCtlAltClkConfig                   
00007b9d  SysCtlClockFreqSet                   
00008065  SysCtlClockGet                       
00008459  SysCtlClockOutConfig                 
00007e95  SysCtlClockSet                       
00007aa1  SysCtlDeepSleep                      
00008229  SysCtlDeepSleepClockConfigSet        
0000820b  SysCtlDeepSleepClockSet              
00007a81  SysCtlDeepSleepPowerSet              
00014d29  SysCtlDelay                          
0000762f  SysCtlFlashSectorSizeGet             
00007603  SysCtlFlashSizeGet                   
000082ff  SysCtlGPIOAHBDisable                 
000082e3  SysCtlGPIOAHBEnable                  
00007a15  SysCtlIntClear                       
000079fd  SysCtlIntDisable                     
000079e9  SysCtlIntEnable                      
000079c1  SysCtlIntRegister                    
00007a25  SysCtlIntStatus                      
000079d9  SysCtlIntUnregister                  
00007a67  SysCtlLDODeepSleepGet                
00007a57  SysCtlLDODeepSleepSet                
00007a51  SysCtlLDOSleepGet                    
00007a41  SysCtlLDOSleepSet                    
00007ad7  SysCtlMOSCConfigSet                  
0000843d  SysCtlNMIClear                       
00008429  SysCtlNMIStatus                      
00007aed  SysCtlPIOSCCalibrate                 
000082cd  SysCtlPWMClockGet                    
000082b3  SysCtlPWMClockSet                    
0000796d  SysCtlPeripheralClockGating          
00007925  SysCtlPeripheralDeepSleepDisable     
000078d5  SysCtlPeripheralDeepSleepEnable      
00007811  SysCtlPeripheralDisable              
000077d5  SysCtlPeripheralEnable               
00007711  SysCtlPeripheralPowerOff             
000076d5  SysCtlPeripheralPowerOn              
00007655  SysCtlPeripheralPresent              
00007695  SysCtlPeripheralReady                
0000774d  SysCtlPeripheralReset                
00007899  SysCtlPeripheralSleepDisable         
00007855  SysCtlPeripheralSleepEnable          
00007a91  SysCtlReset                          
00007b4d  SysCtlResetBehaviorGet               
00007b3d  SysCtlResetBehaviorSet               
00007ac3  SysCtlResetCauseClear                
00007abd  SysCtlResetCauseGet                  
000075f9  SysCtlSRAMSizeGet                    
00007a99  SysCtlSleep                          
00007a6d  SysCtlSleepPowerSet                  
00008327  SysCtlUSBPLLDisable                  
0000831b  SysCtlUSBPLLEnable                   
0000836d  SysCtlVCOGet                         
00008355  SysCtlVoltageEventClear              
00008339  SysCtlVoltageEventConfig             
00008349  SysCtlVoltageEventStatus             
0000f955  TimerADCEventGet                     
0000f943  TimerADCEventSet                     
0000f679  TimerClockSourceGet                  
0000f64f  TimerClockSourceSet                  
0000f443  TimerConfigure                       
0000f563  TimerControlEvent                    
0000f4bf  TimerControlLevel                    
0000f58d  TimerControlStall                    
0000f4f5  TimerControlTrigger                  
0000f5c3  TimerControlWaitOnTrigger            
0000f975  TimerDMAEventGet                     
0000f963  TimerDMAEventSet                     
0000f425  TimerDisable                         
0000f407  TimerEnable                          
0000f91f  TimerIntClear                        
0000f8e9  TimerIntDisable                      
0000f8d1  TimerIntEnable                       
0000f88b  TimerIntRegister                     
0000f901  TimerIntStatus                       
0000f8b3  TimerIntUnregister                   
0000f743  TimerLoadGet                         
0000f779  TimerLoadGet64                       
0000f719  TimerLoadSet                         
0000f75f  TimerLoadSet64                       
0000f823  TimerMatchGet                        
0000f859  TimerMatchGet64                      
0000f7f9  TimerMatchSet                        
0000f83f  TimerMatchSet64                      
0000f6b3  TimerPrescaleGet                     
0000f6fd  TimerPrescaleMatchGet                
0000f6cf  TimerPrescaleMatchSet                
0000f689  TimerPrescaleSet                     
0000f639  TimerRTCDisable                      
0000f623  TimerRTCEnable                       
0000f931  TimerSynchronize                     
0000f983  TimerUpdateMode                      
0000f7ab  TimerValueGet                        
0000f7c7  TimerValueGet64                      
0000ffa9  UART9BitAddrSend                     
0000ff83  UART9BitAddrSet                      
0000ff6d  UART9BitDisable                      
0000ff57  UART9BitEnable                       
0000fdfb  UARTBreakCtl                         
0000fe25  UARTBusy                             
0000fda3  UARTCharGet                          
0000fd87  UARTCharGetNonBlocking               
0000fddd  UARTCharPut                          
0000fdb9  UARTCharPutNonBlocking               
0000fd4b  UARTCharsAvail                       
0000ff47  UARTClockSourceGet                   
0000ff33  UARTClockSourceSet                   
0000fb1b  UARTConfigGetExpClk                  
0000faa5  UARTConfigSetExpClk                  
0000fef9  UARTDMADisable                       
0000fee1  UARTDMAEnable                        
0000fb8b  UARTDisable                          
0000fc0f  UARTDisableSIR                       
0000cfe7  UARTEchoSet                          
0000fb67  UARTEnable                           
0000fbe1  UARTEnableSIR                        
0000fbcb  UARTFIFODisable                      
0000fbb5  UARTFIFOEnable                       
0000fa7d  UARTFIFOLevelGet                     
0000fa65  UARTFIFOLevelSet                     
0000fd0b  UARTFlowControlGet                   
0000fcef  UARTFlowControlSet                   
0000cfb3  UARTFlushRx                          
0000cfc1  UARTFlushTx                          
0000fecf  UARTIntClear                         
0000fe99  UARTIntDisable                       
0000fe81  UARTIntEnable                        
0000fe43  UARTIntRegister                      
0000feb1  UARTIntStatus                        
0000fe61  UARTIntUnregister                    
0000fff1  UARTLoopbackEnable                   
0000fca5  UARTModemControlClear                
0000fcc9  UARTModemControlGet                  
0000fc6d  UARTModemControlSet                  
0000fcdb  UARTModemStatusGet                   
0000fa53  UARTParityModeGet                    
0000fa37  UARTParityModeSet                    
0000cf9b  UARTRxBytesAvail                     
0000ff23  UARTRxErrorClear                     
0000ff11  UARTRxErrorGet                       
0000fc57  UARTSmartCardDisable                 
0000fc25  UARTSmartCardEnable                  
0000fd69  UARTSpaceAvail                       
0000c687  UARTStdioConfig                      
0000d00f  UARTStdioIntHandler                  
0000cfa7  UARTTxBytesFree                      
0000fd39  UARTTxIntModeGet                     
0000fd1d  UARTTxIntModeSet                     
0000cc55  UARTgetc                             
0000c83d  UARTgets                             
0000cf77  UARTprintf                           
0000cc7d  UARTvprintf                          
0000c78d  UARTwrite                            
00014153  ULPIConfigSet                        
000141f5  ULPIPowerTransceiver                 
00014c15  USB0DeviceIntHandler                 
000100c5  USB0DualModeIntHandler               
000022e5  USB0HostIntHandler                   
00010305  USB0OTGModeIntHandler                
00010d3f  USBBufferCallbackDataSet             
00010ded  USBBufferDataAvailable               
00010d25  USBBufferDataRemoved                 
00010d05  USBBufferDataWritten                 
00010e11  USBBufferEventCallback               
00010d9d  USBBufferFlush                       
00010cd9  USBBufferInfoGet                     
00010c8b  USBBufferInit                        
00010daf  USBBufferRead                        
00010dff  USBBufferSpaceAvailable              
00010d59  USBBufferWrite                       
00010ca9  USBBufferZeroLengthPacketInsert      
00005e27  USBClockDisable                      
00005e0b  USBClockEnable                       
000121d5  USBControlHandler                    
00005df7  USBControllerVersion                 
00009da1  USBDCDCCompositeInit                 
00009ed3  USBDCDCInit                          
0000a065  USBDCDCPacketRead                    
00009fb3  USBDCDCPacketWrite                   
0000a21b  USBDCDCPowerStatusSet                
0000a22f  USBDCDCRemoteWakeupRequest           
0000a165  USBDCDCRxPacketAvailable             
0000a1c1  USBDCDCSerialStateChange             
00009f59  USBDCDCSetControlCBData              
00009f77  USBDCDCSetRxCBData                   
00009f95  USBDCDCSetTxCBData                   
00009f41  USBDCDCTerm                          
0000a13b  USBDCDCTxPacketAvailable             
00012951  USBDCDConfigDescGet                  
00012903  USBDCDConfigDescGetNum               
000128cb  USBDCDConfigDescGetSize              
00012a33  USBDCDConfigGetInterface             
00012a69  USBDCDConfigGetInterfaceEndpoint     
000129df  USBDCDConfigGetNumAlternateInterfaces
000061ed  USBDCDDeviceInfoInit                 
00006625  USBDCDFeatureGet                     
00006569  USBDCDFeatureSet                     
0000623d  USBDCDInit                           
000064f9  USBDCDPowerStatusSet                 
0000665d  USBDCDRemoteWakeLPM                  
00006677  USBDCDRemoteWakeupRequest            
00006473  USBDCDRequestDataEP0                 
00006499  USBDCDSendDataEP0                    
000064bb  USBDCDSetDefaultConfiguration        
000064cd  USBDCDStallEP0                       
000063fb  USBDCDTerm                           
00005f5f  USBDMAChannelAddressGet              
00005f43  USBDMAChannelAddressSet              
00005ec9  USBDMAChannelConfigSet               
00005f93  USBDMAChannelCountGet                
00005f77  USBDMAChannelCountSet                
00005ea9  USBDMAChannelDisable                 
00005e89  USBDMAChannelEnable                  
00005e59  USBDMAChannelIntDisable              
00005e39  USBDMAChannelIntEnable               
00005e79  USBDMAChannelIntStatus               
00005ef9  USBDMAChannelStatus                  
00005f19  USBDMAChannelStatusClear             
00005fab  USBDMANumChannels                    
0001306d  USBDescGet                           
00013191  USBDescGetInterface                  
000131bf  USBDescGetInterfaceEndpoint          
00013011  USBDescGetNum                        
000130d7  USBDescGetNumAlternateInterfaces     
00005265  USBDevAddrGet                        
00005251  USBDevAddrSet                        
00005225  USBDevConnect                        
0000523b  USBDevDisconnect                     
0000559b  USBDevEndpointConfigGet              
000054a9  USBDevEndpointConfigSet              
00005925  USBDevEndpointDataAck                
0000514f  USBDevEndpointStall                  
000051b1  USBDevEndpointStallClear             
00004fc9  USBDevEndpointStatusClear            
00006117  USBDevLPMConfig                      
00006145  USBDevLPMDisable                     
0000612d  USBDevLPMEnable                      
000060ff  USBDevLPMRemoteWake                  
00005d5f  USBDevMode                           
00004d8f  USBDevSpeedGet                       
00011ecf  USBDeviceConfig                      
000120c5  USBDeviceConfigAlternate             
000067ad  USBDeviceEnumHandler                 
000068fd  USBDeviceEnumResetHandler            
00007349  USBDeviceIntHandlerInternal          
000066b1  USBDeviceResumeTickHandler           
00010111  USBDualModeInit                      
00010181  USBDualModeTerm                      
00005d11  USBEndpointDMAChannel                
00005757  USBEndpointDMAConfigSet              
00005829  USBEndpointDMADisable                
000057ef  USBEndpointDMAEnable                 
00005863  USBEndpointDataAvail                 
0000589b  USBEndpointDataGet                   
00005995  USBEndpointDataPut                   
000059f9  USBEndpointDataSend                  
000050e9  USBEndpointDataToggleClear           
00005dc3  USBEndpointPacketCountSet            
00004f55  USBEndpointStatus                    
00005ce7  USBFIFOAddrGet                       
000056f1  USBFIFOConfigGet                     
0000568b  USBFIFOConfigSet                     
00005a51  USBFIFOFlush                         
00005cab  USBFrameNumberGet                    
00002915  USBHCDControlTransfer                
00002d65  USBHCDDevAddress                     
00002d99  USBHCDDevClass                       
00002d3d  USBHCDDevHubPort                     
00002e2d  USBHCDDevProtocol                    
00002de5  USBHCDDevSubClass                    
0000041b  USBHCDEventDisable                   
000003eb  USBHCDEventEnable                    
00002e8d  USBHCDFeatureSet                     
00002a71  USBHCDHubDeviceConnected             
00002b09  USBHCDHubDeviceDisconnected          
00001495  USBHCDInit                           
00002fd7  USBHCDLPMResume                      
00002f6f  USBHCDLPMSleep                       
00002f45  USBHCDLPMStatus                      
0000250d  USBHCDMain                           
00000873  USBHCDPipeAlloc                      
000005f1  USBHCDPipeAllocSize                  
000008c1  USBHCDPipeConfig                     
00000dcb  USBHCDPipeDataAck                    
00001011  USBHCDPipeFree                       
00000dfd  USBHCDPipeRead                       
00000d81  USBHCDPipeReadNonBlocking            
00000c55  USBHCDPipeSchedule                   
00000a3b  USBHCDPipeStatus                     
000005cb  USBHCDPipeTransferSizeGet            
00000a71  USBHCDPipeWrite                      
0000143f  USBHCDPowerAutomatic                 
000013ab  USBHCDPowerConfigGet                 
00001399  USBHCDPowerConfigInit                
000013cd  USBHCDPowerConfigSet                 
000015b1  USBHCDRegisterDrivers                
000016b5  USBHCDReset                          
00001711  USBHCDResume                         
000018f1  USBHCDSetAddress                     
00001a37  USBHCDSetConfig                      
00001a7f  USBHCDSetInterface                   
00001891  USBHCDStringDescriptorGet            
000016ff  USBHCDSuspend                        
000015e5  USBHCDTerm                           
0000e3f9  USBHHubClose                         
0000e39d  USBHHubEnumerationComplete           
0000e3bf  USBHHubEnumerationError              
0000e40d  USBHHubInit                          
0000e43b  USBHHubLPMSleep                      
0000e449  USBHHubLPMStatus                     
0000e171  USBHHubMain                          
0000e3e1  USBHHubOpen                          
00004cfd  USBHighSpeed                         
00005b61  USBHostAddrGet                       
00005b29  USBHostAddrSet                       
00001acb  USBHostCheckPipes                    
00005279  USBHostEndpointConfig                
00005963  USBHostEndpointDataAck               
0000504d  USBHostEndpointDataToggle            
00005123  USBHostEndpointPing                  
00005413  USBHostEndpointSpeed                 
00004f81  USBHostEndpointStatusClear           
00005bf3  USBHostHubAddrGet                    
00005b8f  USBHostHubAddrSet                    
00001b91  USBHostIntHandlerInternal            
000060c3  USBHostLPMConfig                     
000060e7  USBHostLPMResume                     
0000607b  USBHostLPMSend                       
00005d4d  USBHostMode                          
00005c21  USBHostPwrConfig                     
00005c93  USBHostPwrDisable                    
00005c7b  USBHostPwrEnable                     
00005c63  USBHostPwrFaultDisable               
00005c4b  USBHostPwrFaultEnable                
00005ac1  USBHostRequestIN                     
00005ae9  USBHostRequestINClear                
00005b17  USBHostRequestStatus                 
00004ccf  USBHostReset                         
00004d2b  USBHostResume                        
00004d59  USBHostSpeedGet                      
00004cb9  USBHostSuspend                       
00004da7  USBIntDisableControl                 
00004e6b  USBIntDisableEndpoint                
00004de5  USBIntEnableControl                  
00004e99  USBIntEnableEndpoint                 
00004f1d  USBIntRegister                       
00004e1f  USBIntStatusControl                  
00004ec7  USBIntStatusEndpoint                 
00004f3b  USBIntUnregister                     
00006171  USBLPMEndpointGet                    
000061d1  USBLPMIntDisable                     
000061b7  USBLPMIntEnable                      
000061a7  USBLPMIntStatus                      
0000615d  USBLPMLinkStateGet                   
0000618d  USBLPMRemoteWakeEnabled              
000091d5  USBLibDMAAddrGet                     
00009205  USBLibDMAInit                        
000091ed  USBLibDMASizeGet                     
00005d83  USBModeConfig                        
00005cfd  USBModeGet                           
00005de3  USBNumEndpointsGet                   
000104a7  USBOTGFeatureSet                     
00010411  USBOTGMain                           
00005d71  USBOTGMode                           
000101ef  USBOTGModeInit                       
000101b5  USBOTGModeTerm                       
000102df  USBOTGPollRate                       
00005cb9  USBOTGSessionRequest                 
00005d97  USBPHYPowerOff                       
00005dad  USBPHYPowerOn                        
000126ef  USBRingBufAdvanceRead                
0001271d  USBRingBufAdvanceWrite               
00012649  USBRingBufContigFree                 
0001261b  USBRingBufContigUsed                 
00012589  USBRingBufEmpty                      
000125b3  USBRingBufFlush                      
00012605  USBRingBufFree                       
0001254f  USBRingBufFull                       
000127d5  USBRingBufInit                       
000126b9  USBRingBufRead                       
00012693  USBRingBufReadOne                    
00012685  USBRingBufSize                       
000125d3  USBRingBufUsed                       
0001279f  USBRingBufWrite                      
00012779  USBRingBufWriteOne                   
000122cb  USBRxHandler                         
000123b9  USBSerialGetChar                     
00012329  USBSerialInit                        
000123cd  USBSerialPutChar                     
00012415  USBSerialRead                        
00012465  USBSerialWrite                       
00010089  USBStackModeSet                      
0001225f  USBTxHandler                         
00005fbd  USBULPIConfig                        
00005feb  USBULPIDisable                       
00005fd3  USBULPIEnable                        
00006003  USBULPIRegRead                       
0000603b  USBULPIRegWrite                      
20006770  __STACK_END                          
00000200  __STACK_SIZE                         
20006770  __STACK_TOP                          
00015b78  __TI_CINIT_Base                      
00015b90  __TI_CINIT_Limit                     
00015b58  __TI_Handler_Table_Base              
00015b64  __TI_Handler_Table_Limit             
00014a21  __TI_auto_init_nobinit_nopinit       
00014775  __TI_decompress_lzss                 
00014cef  __TI_decompress_none                 
ffffffff  __TI_pprof_out_hndl                  
0000d119  __TI_printfi                         
ffffffff  __TI_prof_data_size                  
ffffffff  __TI_prof_data_start                 
00000000  __TI_static_base__                   
00014cfd  __TI_zero_init                       
000144af  __aeabi_cdcmpeq                      
000144af  __aeabi_cdcmple                      
00014535  __aeabi_cdrcmple                     
000149d9  __aeabi_d2iz                         
000133bf  __aeabi_dadd                         
000137e5  __aeabi_ddiv                         
00013da1  __aeabi_dmul                         
000133b5  __aeabi_dsub                         
00014d21  __aeabi_errno_addr                   
0001493d  __aeabi_f2ulz                        
00014b95  __aeabi_i2d                          
000061eb  __aeabi_idiv0                        
000061eb  __aeabi_ldiv0                        
000145bb  __aeabi_memclr                       
000145bb  __aeabi_memclr4                      
000145bb  __aeabi_memclr8                      
0001437d  __aeabi_memcpy                       
0001437d  __aeabi_memcpy4                      
0001437d  __aeabi_memcpy8                      
000145bd  __aeabi_memset                       
000145bd  __aeabi_memset4                      
000145bd  __aeabi_memset8                      
00014a65  __aeabi_uidiv                        
00014a65  __aeabi_uidivmod                     
00014419  __aeabi_uldivmod                     
ffffffff  __binit__                            
ffffffff  __c_args__                           
UNDEFED   __mpu_init                           
20006570  __stack                              
00014b61  _c_int00_noargs                      
000151fa  _ctypes_                             
UNDEFED   _system_post_cinit                   
00014d2f  _system_pre_init                     
00014d33  abort                                
0001498d  atoi                                 
ffffffff  binit                                
00011d19  check_and_extract_command_param      
200062ac  cola_freertos                        
200062b0  cola_hora                            
200062b4  cola_temperatura                     
00014c55  copysign                             
00014c55  copysignl                            
000146a5  create_checksum                      
00011c87  create_frame                         
00011d0b  decode_command_type                  
00011c33  destuff_and_check_checksum           
000033a9  eTaskGetState                        
2000656c  errno                                
000147dd  frexp                                
000147dd  frexpl                               
20006514  g_bUSBTimerInitialized               
200062d4  g_eOTGModeState                      
20006540  g_iUSBMode                           
00015a08  g_pCDCCompSerConfigDescriptors       
00015a0c  g_pCDCCompSerConfigDescriptorsHS     
20000000  g_pfnRAMVectors                      
20006178  g_pfnTickHandlers                    
00000000  g_pfnVectors                         
00015a10  g_ppCDCSerConfigDescriptors          
00015a14  g_ppCDCSerConfigDescriptorsHS        
200062b8  g_ppsDevInfo                         
000158d0  g_ppui8StringDescriptors             
200064b4  g_psCDCCompSerSections               
200064c4  g_psCDCCompSerSectionsHS             
200064e4  g_psCDCSerSections                   
200064f0  g_psCDCSerSectionsHS                 
200062d8  g_psCmdTable                         
20006024  g_psDCDInst                          
00015868  g_pui8CDCSerCommInterface            
000158e8  g_pui8CDCSerDataInterface            
000158ff  g_pui8CDCSerDataInterfaceHS          
20006529  g_pui8CDCSerDescriptor               
200064a0  g_pui8CDCSerDeviceDescriptor         
0001574c  g_pui8ConfigString                   
00015818  g_pui8ControlInterfaceString         
20006549  g_pui8IADSerDescriptor               
00015a04  g_pui8LangDescriptor                 
00015844  g_pui8ManufacturerString             
0001588b  g_pui8ProductString                  
00015968  g_pui8SerialNumberString             
20005d88  g_pui8USBRxBuffer                    
20005e88  g_pui8USBTxBuffer                    
20006190  g_pvTickInstance                     
000159bc  g_sCDCCompSerConfigHeader            
000159c4  g_sCDCCompSerConfigHeaderHS          
20006338  g_sCDCDevice                         
000157b8  g_sCDCHandlers                       
000159cc  g_sCDCSerCommInterfaceSection        
000159d4  g_sCDCSerConfigHeader                
000159dc  g_sCDCSerConfigHeaderHS              
000159e4  g_sCDCSerConfigSection               
000159ec  g_sCDCSerDataInterfaceSection        
000159f4  g_sCDCSerDataInterfaceSectionHS      
000159fc  g_sIADSerConfigSection               
200063d4  g_sRxBuffer                          
2000640c  g_sTxBuffer                          
200062bc  g_ui32CPUUsage                       
20006518  g_ui32CurrentUSBTick                 
200062c0  g_ui32PollRate                       
200062c4  g_ui32SystemClock                    
2000651c  g_ui32USBSOFCount                    
20006544  g_ui32WaitTicks                      
20006538  g_ulUARTRxCount                      
20006534  g_ulUARTTxCount                      
00011d45  get_command_param_pointer            
20006524  higherPriorityTaskWoken              
0001070f  initCommandLine                      
00013c91  ldexp                                
00013c91  ldexpl                               
00014897  ltoa                                 
0000b6b5  main                                 
00014c39  memccpy                              
0001437d  memcpy                               
000145c3  memset                               
20006520  miSemaforo                           
200062c8  mutexUSB                             
0000ade7  pcQueueGetName                       
000039a9  pcTaskGetName                        
0000ee4d  pcTimerGetName                       
00012ad9  pvPortMalloc                         
00004735  pvTaskIncrementMutexHeldCount        
0000f2b7  pvTimerGetTimerID                    
20006398  pxCurrentTCB                         
000136a9  pxPortInitialiseStack                
00011d73  receive_frame                        
00013c91  scalbn                               
00013c91  scalbnl                              
00011dd9  send_frame                           
00014aa5  sprintf                              
00014c9f  strchr                               
00014c87  strcmp                               
00014cb5  strcpy                               
00014cc9  strlen                               
00014bc3  strncmp                              
0000ab37  ucQueueGetQueueType                  
200062cc  ui32Period                           
00015a18  ulMaxSyscallInterruptPriority        
00014089  ulPortGetIPSR                        
0000474d  ulTaskNotifyTake                     
00011687  uxEventGroupGetNumber                
000139fd  uxListRemove                         
0000ab17  uxQueueGetQueueNumber                
0000aab5  uxQueueMessagesWaiting               
0000aaeb  uxQueueMessagesWaitingFromISR        
0000aacb  uxQueueSpacesAvailable               
0000399d  uxTaskGetNumberOfTasks               
000041a5  uxTaskGetStackHighWaterMark          
000039c9  uxTaskGetSystemState                 
00003f0f  uxTaskGetTaskNumber                  
00003459  uxTaskPriorityGet                    
00003485  uxTaskPriorityGetFromISR             
00004713  uxTaskResetEventItemValue            
0000f357  uxTimerGetTimerNumber                
0000aefb  vApplicationIdleHook                 
0000af03  vApplicationMallocFailedHook         
0000aed1  vApplicationStackOverflowHook        
0000aedb  vApplicationTickHook                 
0001470d  vConfigureTimerForRunTimeStats       
00011621  vEventGroupClearBitsCallback         
000115dd  vEventGroupDelete                    
00011611  vEventGroupSetBitsCallback           
000116a7  vEventGroupSetNumber                 
0001391b  vListInitialise                      
0001394b  vListInitialiseItem                  
00013997  vListInsert                          
0001395b  vListInsertEnd                       
00014145  vPortEnableVFP                       
00013749  vPortEndScheduler                    
0001374b  vPortEnterCritical                   
0001376b  vPortExitCritical                    
00012be3  vPortFree                            
00012c41  vPortInitialiseBlocks                
00014101  vPortSVCHandler                      
000137a7  vPortSetupTimerInterrupt             
00014121  vPortStartFirstTask                  
0000ada5  vQueueAddToRegistry                  
0000ab01  vQueueDelete                         
0000ab25  vQueueSetQueueNumber                 
0000ae27  vQueueUnregisterQueue                
0000ae6b  vQueueWaitForMessageRestricted       
00003369  vTaskDelay                           
000032d9  vTaskDelayUntil                      
0000322b  vTaskDelete                          
00003861  vTaskEndScheduler                    
00004011  vTaskGetInfo                         
0000463b  vTaskGetRunTimeStats                 
00003e5f  vTaskInternalSetTimeOutState         
00004529  vTaskList                            
00003f07  vTaskMissedYield                     
00004a8d  vTaskNotifyGiveFromISR               
00003cd5  vTaskPlaceOnEventList                
00003d29  vTaskPlaceOnEventListRestricted      
00003cf9  vTaskPlaceOnUnorderedEventList       
00004405  vTaskPriorityDisinheritAfterTimeout  
000034cd  vTaskPrioritySet                     
00003dd5  vTaskRemoveFromUnorderedEventList    
000036f9  vTaskResume                          
00003f35  vTaskSetTaskNumber                   
00003e41  vTaskSetTimeOutState                 
00003801  vTaskStartScheduler                  
000035e5  vTaskSuspend                         
0000387d  vTaskSuspendAll                      
00003bf5  vTaskSwitchContext                   
0000af05  vTimerCallback                       
0000ee01  vTimerSetReloadMode                  
0000f2d1  vTimerSetTimerID                     
0000f365  vTimerSetTimerNumber                 
00014cdd  wcslen                               
0001149d  xEventGroupClearBits                 
000114c9  xEventGroupClearBitsFromISR          
000112b9  xEventGroupCreate                    
000114e1  xEventGroupGetBitsFromISR            
00011511  xEventGroupSetBits                   
00011667  xEventGroupSetBitsFromISR            
000112d9  xEventGroupSync                      
000113ad  xEventGroupWaitBits                  
00012c35  xPortGetFreeHeapSize                 
00012c3b  xPortGetMinimumEverFreeHeapSize      
000140a1  xPortPendSVHandler                   
00013713  xPortStartScheduler                  
00013781  xPortSysTickHandler                  
0000a3a3  xQueueCreateMutex                    
0000a2e5  xQueueGenericCreate                  
0000a245  xQueueGenericReset                   
0000a3cf  xQueueGenericSend                    
0000a4fd  xQueueGenericSendFromISR             
0000a599  xQueueGiveFromISR                    
0000ad39  xQueueIsQueueEmptyFromISR            
0000ad7f  xQueueIsQueueFullFromISR             
0000a8a3  xQueuePeek                           
0000aa63  xQueuePeekFromISR                    
0000a62d  xQueueReceive                        
0000a9c9  xQueueReceiveFromISR                 
20006074  xQueueRegistry                       
0000a747  xQueueSemaphoreTake                  
00003e89  xTaskCheckForTimeOut                 
0000301d  xTaskCreate                          
0000487d  xTaskGenericNotify                   
00004985  xTaskGenericNotifyFromISR            
00004221  xTaskGetCurrentTaskHandle            
0000424d  xTaskGetSchedulerState               
00003979  xTaskGetTickCount                    
00003989  xTaskGetTickCountFromISR             
00003abd  xTaskIncrementTick                   
00004b39  xTaskNotifyStateClear                
000047c9  xTaskNotifyWait                      
00004361  xTaskPriorityDisinherit              
0000427d  xTaskPriorityInherit                 
00003d5d  xTaskRemoveFromEventList             
00003891  xTaskResumeAll                       
00003773  xTaskResumeFromISR                   
200062d0  xTimer                               
0000ecf5  xTimerCreate                         
0000ecc9  xTimerCreateTimerTask                
0000ed7d  xTimerGenericCommand                 
0000ee37  xTimerGetExpiryTime                  
0000edef  xTimerGetPeriod                      
0000ede9  xTimerGetTimerDaemonTaskHandle       
0000f28f  xTimerIsTimerActive                  
0000f321  xTimerPendFunctionCall               
0000f2eb  xTimerPendFunctionCallFromISR        


GLOBAL SYMBOLS: SORTED BY Symbol Address 

address   name                                 
-------   ----                                 
00000000  __TI_static_base__                   
00000000  g_pfnVectors                         
00000200  __STACK_SIZE                         
0000026d  ConfigDescAlloc                      
00000303  ConfigDescFree                       
000003eb  USBHCDEventEnable                    
0000041b  USBHCDEventDisable                   
000005cb  USBHCDPipeTransferSizeGet            
000005f1  USBHCDPipeAllocSize                  
00000873  USBHCDPipeAlloc                      
000008c1  USBHCDPipeConfig                     
00000a3b  USBHCDPipeStatus                     
00000a71  USBHCDPipeWrite                      
00000c55  USBHCDPipeSchedule                   
00000d81  USBHCDPipeReadNonBlocking            
00000dcb  USBHCDPipeDataAck                    
00000dfd  USBHCDPipeRead                       
00001011  USBHCDPipeFree                       
00001399  USBHCDPowerConfigInit                
000013ab  USBHCDPowerConfigGet                 
000013cd  USBHCDPowerConfigSet                 
0000143f  USBHCDPowerAutomatic                 
00001495  USBHCDInit                           
000015b1  USBHCDRegisterDrivers                
000015e5  USBHCDTerm                           
000016b5  USBHCDReset                          
000016ff  USBHCDSuspend                        
00001711  USBHCDResume                         
00001891  USBHCDStringDescriptorGet            
000018f1  USBHCDSetAddress                     
00001a37  USBHCDSetConfig                      
00001a7f  USBHCDSetInterface                   
00001acb  USBHostCheckPipes                    
00001b91  USBHostIntHandlerInternal            
000022e5  USB0HostIntHandler                   
000023dd  InternalUSBHCDSendEvent              
0000250d  USBHCDMain                           
00002915  USBHCDControlTransfer                
00002a71  USBHCDHubDeviceConnected             
00002b09  USBHCDHubDeviceDisconnected          
00002d3d  USBHCDDevHubPort                     
00002d65  USBHCDDevAddress                     
00002d99  USBHCDDevClass                       
00002de5  USBHCDDevSubClass                    
00002e2d  USBHCDDevProtocol                    
00002e8d  USBHCDFeatureSet                     
00002f45  USBHCDLPMStatus                      
00002f6f  USBHCDLPMSleep                       
00002fd7  USBHCDLPMResume                      
0000301d  xTaskCreate                          
0000322b  vTaskDelete                          
000032d9  vTaskDelayUntil                      
00003369  vTaskDelay                           
000033a9  eTaskGetState                        
00003459  uxTaskPriorityGet                    
00003485  uxTaskPriorityGetFromISR             
000034cd  vTaskPrioritySet                     
000035e5  vTaskSuspend                         
000036f9  vTaskResume                          
00003773  xTaskResumeFromISR                   
00003801  vTaskStartScheduler                  
00003861  vTaskEndScheduler                    
0000387d  vTaskSuspendAll                      
00003891  xTaskResumeAll                       
00003979  xTaskGetTickCount                    
00003989  xTaskGetTickCountFromISR             
0000399d  uxTaskGetNumberOfTasks               
000039a9  pcTaskGetName                        
000039c9  uxTaskGetSystemState                 
00003abd  xTaskIncrementTick                   
00003bf5  vTaskSwitchContext                   
00003cd5  vTaskPlaceOnEventList                
00003cf9  vTaskPlaceOnUnorderedEventList       
00003d29  vTaskPlaceOnEventListRestricted      
00003d5d  xTaskRemoveFromEventList             
00003dd5  vTaskRemoveFromUnorderedEventList    
00003e41  vTaskSetTimeOutState                 
00003e5f  vTaskInternalSetTimeOutState         
00003e89  xTaskCheckForTimeOut                 
00003f07  vTaskMissedYield                     
00003f0f  uxTaskGetTaskNumber                  
00003f35  vTaskSetTaskNumber                   
00004011  vTaskGetInfo                         
000041a5  uxTaskGetStackHighWaterMark          
00004221  xTaskGetCurrentTaskHandle            
0000424d  xTaskGetSchedulerState               
0000427d  xTaskPriorityInherit                 
00004361  xTaskPriorityDisinherit              
00004405  vTaskPriorityDisinheritAfterTimeout  
00004529  vTaskList                            
0000463b  vTaskGetRunTimeStats                 
00004713  uxTaskResetEventItemValue            
00004735  pvTaskIncrementMutexHeldCount        
0000474d  ulTaskNotifyTake                     
000047c9  xTaskNotifyWait                      
0000487d  xTaskGenericNotify                   
00004985  xTaskGenericNotifyFromISR            
00004a8d  vTaskNotifyGiveFromISR               
00004b39  xTaskNotifyStateClear                
00004cb9  USBHostSuspend                       
00004ccf  USBHostReset                         
00004cfd  USBHighSpeed                         
00004d2b  USBHostResume                        
00004d59  USBHostSpeedGet                      
00004d8f  USBDevSpeedGet                       
00004da7  USBIntDisableControl                 
00004de5  USBIntEnableControl                  
00004e1f  USBIntStatusControl                  
00004e6b  USBIntDisableEndpoint                
00004e99  USBIntEnableEndpoint                 
00004ec7  USBIntStatusEndpoint                 
00004f1d  USBIntRegister                       
00004f3b  USBIntUnregister                     
00004f55  USBEndpointStatus                    
00004f81  USBHostEndpointStatusClear           
00004fc9  USBDevEndpointStatusClear            
0000504d  USBHostEndpointDataToggle            
000050e9  USBEndpointDataToggleClear           
00005123  USBHostEndpointPing                  
0000514f  USBDevEndpointStall                  
000051b1  USBDevEndpointStallClear             
00005225  USBDevConnect                        
0000523b  USBDevDisconnect                     
00005251  USBDevAddrSet                        
00005265  USBDevAddrGet                        
00005279  USBHostEndpointConfig                
00005413  USBHostEndpointSpeed                 
000054a9  USBDevEndpointConfigSet              
0000559b  USBDevEndpointConfigGet              
0000568b  USBFIFOConfigSet                     
000056f1  USBFIFOConfigGet                     
00005757  USBEndpointDMAConfigSet              
000057ef  USBEndpointDMAEnable                 
00005829  USBEndpointDMADisable                
00005863  USBEndpointDataAvail                 
0000589b  USBEndpointDataGet                   
00005925  USBDevEndpointDataAck                
00005963  USBHostEndpointDataAck               
00005995  USBEndpointDataPut                   
000059f9  USBEndpointDataSend                  
00005a51  USBFIFOFlush                         
00005ac1  USBHostRequestIN                     
00005ae9  USBHostRequestINClear                
00005b17  USBHostRequestStatus                 
00005b29  USBHostAddrSet                       
00005b61  USBHostAddrGet                       
00005b8f  USBHostHubAddrSet                    
00005bf3  USBHostHubAddrGet                    
00005c21  USBHostPwrConfig                     
00005c4b  USBHostPwrFaultEnable                
00005c63  USBHostPwrFaultDisable               
00005c7b  USBHostPwrEnable                     
00005c93  USBHostPwrDisable                    
00005cab  USBFrameNumberGet                    
00005cb9  USBOTGSessionRequest                 
00005ce7  USBFIFOAddrGet                       
00005cfd  USBModeGet                           
00005d11  USBEndpointDMAChannel                
00005d4d  USBHostMode                          
00005d5f  USBDevMode                           
00005d71  USBOTGMode                           
00005d83  USBModeConfig                        
00005d97  USBPHYPowerOff                       
00005dad  USBPHYPowerOn                        
00005dc3  USBEndpointPacketCountSet            
00005de3  USBNumEndpointsGet                   
00005df7  USBControllerVersion                 
00005e0b  USBClockEnable                       
00005e27  USBClockDisable                      
00005e39  USBDMAChannelIntEnable               
00005e59  USBDMAChannelIntDisable              
00005e79  USBDMAChannelIntStatus               
00005e89  USBDMAChannelEnable                  
00005ea9  USBDMAChannelDisable                 
00005ec9  USBDMAChannelConfigSet               
00005ef9  USBDMAChannelStatus                  
00005f19  USBDMAChannelStatusClear             
00005f43  USBDMAChannelAddressSet              
00005f5f  USBDMAChannelAddressGet              
00005f77  USBDMAChannelCountSet                
00005f93  USBDMAChannelCountGet                
00005fab  USBDMANumChannels                    
00005fbd  USBULPIConfig                        
00005fd3  USBULPIEnable                        
00005feb  USBULPIDisable                       
00006003  USBULPIRegRead                       
0000603b  USBULPIRegWrite                      
0000607b  USBHostLPMSend                       
000060c3  USBHostLPMConfig                     
000060e7  USBHostLPMResume                     
000060ff  USBDevLPMRemoteWake                  
00006117  USBDevLPMConfig                      
0000612d  USBDevLPMEnable                      
00006145  USBDevLPMDisable                     
0000615d  USBLPMLinkStateGet                   
00006171  USBLPMEndpointGet                    
0000618d  USBLPMRemoteWakeEnabled              
000061a7  USBLPMIntStatus                      
000061b7  USBLPMIntEnable                      
000061d1  USBLPMIntDisable                     
000061eb  __aeabi_idiv0                        
000061eb  __aeabi_ldiv0                        
[...]
0000e5f7  ADCSequenceDisable                   
0000e611  ADCSequenceConfigure                 
0000e6ad  ADCSequenceStepConfigure             
0000e79b  ADCSequenceOverflow                  
0000e7b3  ADCSequenceOverflowClear             
0000e7c9  ADCSequenceUnderflow                 
0000e7e1  ADCSequenceUnderflowClear            
0000e7f7  ADCSequenceDataGet                   
0000e839  ADCProcessorTrigger                  
0000e85d  ADCSoftwareOversampleConfigure       
0000e8af  ADCSoftwareOversampleStepConfigure   
0000e991  ADCSoftwareOversampleDataGet         
0000ea25  ADCHardwareOversampleConfigure       
0000ea57  ADCComparatorConfigure               
0000ea73  ADCComparatorRegionSet               
0000ea97  ADCComparatorReset                   
0000eadd  ADCComparatorIntDisable              
0000eafb  ADCComparatorIntEnable               
0000eb1d  ADCComparatorIntStatus               
0000eb31  ADCComparatorIntClear                
0000eb43  ADCIntDisableEx                      
0000eb5b  ADCIntEnableEx                       
0000eb73  ADCIntStatusEx                       
0000eba5  ADCIntClearEx                        
0000ebb7  ADCReferenceSet                      
0000ebd3  ADCReferenceGet                      
0000ebe5  ADCPhaseDelaySet                     
0000ebf7  ADCPhaseDelayGet                     
0000ec05  ADCSequenceDMAEnable                 
0000ec21  ADCSequenceDMADisable                
0000ec3d  ADCBusy                              
0000ec5b  ADCClockConfigSet                    
0000ec85  ADCClockConfigGet                    
0000ecc9  xTimerCreateTimerTask                
0000ecf5  xTimerCreate                         
0000ed7d  xTimerGenericCommand                 
0000ede9  xTimerGetTimerDaemonTaskHandle       
0000edef  xTimerGetPeriod                      
0000ee01  vTimerSetReloadMode                  
0000ee37  xTimerGetExpiryTime                  
0000ee4d  pcTimerGetName                       
0000f28f  xTimerIsTimerActive                  
0000f2b7  pvTimerGetTimerID                    
0000f2d1  vTimerSetTimerID                     
0000f2eb  xTimerPendFunctionCallFromISR        
0000f321  xTimerPendFunctionCall               
0000f357  uxTimerGetTimerNumber                
0000f365  vTimerSetTimerNumber                 
0000f407  TimerEnable                          
0000f425  TimerDisable                         
0000f443  TimerConfigure                       
0000f4bf  TimerControlLevel                    
0000f4f5  TimerControlTrigger                  
0000f563  TimerControlEvent                    
0000f58d  TimerControlStall                    
0000f5c3  TimerControlWaitOnTrigger            
0000f623  TimerRTCEnable                       
0000f639  TimerRTCDisable                      
0000f64f  TimerClockSourceSet                  
0000f679  TimerClockSourceGet                  
0000f689  TimerPrescaleSet                     
0000f6b3  TimerPrescaleGet                     
0000f6cf  TimerPrescaleMatchSet                
0000f6fd  TimerPrescaleMatchGet                
0000f719  TimerLoadSet                         
0000f743  TimerLoadGet                         
0000f75f  TimerLoadSet64                       
0000f779  TimerLoadGet64                       
0000f7ab  TimerValueGet                        
0000f7c7  TimerValueGet64                      
0000f7f9  TimerMatchSet                        
0000f823  TimerMatchGet                        
0000f83f  TimerMatchSet64                      
0000f859  TimerMatchGet64                      
0000f88b  TimerIntRegister                     
0000f8b3  TimerIntUnregister                   
0000f8d1  TimerIntEnable                       
0000f8e9  TimerIntDisable                      
0000f901  TimerIntStatus                       
0000f91f  TimerIntClear                        
0000f931  TimerSynchronize                     
0000f943  TimerADCEventSet                     
0000f955  TimerADCEventGet                     
0000f963  TimerDMAEventSet                     
0000f975  TimerDMAEventGet                     
0000f983  TimerUpdateMode                      
0000fa37  UARTParityModeSet                    
0000fa53  UARTParityModeGet                    
0000fa65  UARTFIFOLevelSet                     
0000fa7d  UARTFIFOLevelGet                     
0000faa5  UARTConfigSetExpClk                  
0000fb1b  UARTConfigGetExpClk                  
0000fb67  UARTEnable                           
0000fb8b  UARTDisable                          
0000fbb5  UARTFIFOEnable                       
0000fbcb  UARTFIFODisable                      
0000fbe1  UARTEnableSIR                        
0000fc0f  UARTDisableSIR                       
0000fc25  UARTSmartCardEnable                  
0000fc57  UARTSmartCardDisable                 
0000fc6d  UARTModemControlSet                  
0000fca5  UARTModemControlClear                
0000fcc9  UARTModemControlGet                  
0000fcdb  UARTModemStatusGet                   
0000fcef  UARTFlowControlSet                   
0000fd0b  UARTFlowControlGet                   
0000fd1d  UARTTxIntModeSet                     
0000fd39  UARTTxIntModeGet                     
0000fd4b  UARTCharsAvail                       
0000fd69  UARTSpaceAvail                       
0000fd87  UARTCharGetNonBlocking               
0000fda3  UARTCharGet                          
0000fdb9  UARTCharPutNonBlocking               
0000fddd  UARTCharPut                          
0000fdfb  UARTBreakCtl                         
0000fe25  UARTBusy                             
0000fe43  UARTIntRegister                      
0000fe61  UARTIntUnregister                    
0000fe81  UARTIntEnable                        
0000fe99  UARTIntDisable                       
0000feb1  UARTIntStatus                        
0000fecf  UARTIntClear                         
0000fee1  UARTDMAEnable                        
0000fef9  UARTDMADisable                       
0000ff11  UARTRxErrorGet                       
0000ff23  UARTRxErrorClear                     
0000ff33  UARTClockSourceSet                   
0000ff47  UARTClockSourceGet                   
0000ff57  UART9BitEnable                       
0000ff6d  UART9BitDisable                      
0000ff83  UART9BitAddrSet                      
0000ffa9  UART9BitAddrSend                     
0000fff1  UARTLoopbackEnable                   
00010089  USBStackModeSet                      
000100c5  USB0DualModeIntHandler               
00010111  USBDualModeInit                      
00010181  USBDualModeTerm                      
000101b5  USBOTGModeTerm                       
000101ef  USBOTGModeInit                       
000102df  USBOTGPollRate                       
00010305  USB0OTGModeIntHandler                
000103eb  OTGDeviceDisconnect                  
00010411  USBOTGMain                           
000104a7  USBOTGFeatureSet                     
0001070f  initCommandLine                      
00010c8b  USBBufferInit                        
00010ca9  USBBufferZeroLengthPacketInsert      
00010cd9  USBBufferInfoGet                     
00010d05  USBBufferDataWritten                 
00010d25  USBBufferDataRemoved                 
00010d3f  USBBufferCallbackDataSet             
00010d59  USBBufferWrite                       
00010d9d  USBBufferFlush                       
00010daf  USBBufferRead                        
00010ded  USBBufferDataAvailable               
00010dff  USBBufferSpaceAvailable              
00010e11  USBBufferEventCallback               
00010e8d  RGBBlinkIntHandler                   
00010ebb  RGBInit                              
00010fb5  RGBEnable                            
0001106d  RGBDisable                           
000110cb  RGBSet                               
000110e3  RGBColorSet                          
0001118d  RGBIntensitySet                      
000111a1  RGBBlinkRateSet                      
0001122d  RGBColorGet                          
000112b9  xEventGroupCreate                    
000112d9  xEventGroupSync                      
000113ad  xEventGroupWaitBits                  
0001149d  xEventGroupClearBits                 
000114c9  xEventGroupClearBitsFromISR          
000114e1  xEventGroupGetBitsFromISR            
00011511  xEventGroupSetBits                   
000115dd  vEventGroupDelete                    
00011611  vEventGroupSetBitsCallback           
00011621  vEventGroupClearBitsCallback         
00011667  xEventGroupSetBitsFromISR            
00011687  uxEventGroupGetNumber                
000116a7  vEventGroupSetNumber                 
000116c3  IntMasterEnable                      
000116d3  IntMasterDisable                     
000116e3  IntRegister                          
00011735  IntUnregister                        
00011749  IntPriorityGroupingSet               
00011763  IntPriorityGroupingGet               
0001179b  IntPrioritySet                       
000117eb  IntPriorityGet                       
0001180f  IntEnable                            
00011881  IntDisable                           
000118f3  IntIsEnabled                         
00011979  IntPendSet                           
000119e9  IntPendClear                         
00011a37  IntPriorityMaskSet                   
00011a43  IntPriorityMaskGet                   
00011a4b  IntTrigger                           
00011c33  destuff_and_check_checksum           
00011c87  create_frame                         
00011d0b  decode_command_type                  
00011d19  check_and_extract_command_param      
00011d45  get_command_param_pointer            
00011d73  receive_frame                        
00011dd9  send_frame                           
00011ecf  USBDeviceConfig                      
000120c5  USBDeviceConfigAlternate             
000121d5  USBControlHandler                    
0001225f  USBTxHandler                         
000122cb  USBRxHandler                         
00012329  USBSerialInit                        
000123b9  USBSerialGetChar                     
000123cd  USBSerialPutChar                     
00012415  USBSerialRead                        
00012465  USBSerialWrite                       
0001254f  USBRingBufFull                       
00012589  USBRingBufEmpty                      
000125b3  USBRingBufFlush                      
000125d3  USBRingBufUsed                       
00012605  USBRingBufFree                       
0001261b  USBRingBufContigUsed                 
00012649  USBRingBufContigFree                 
00012685  USBRingBufSize                       
00012693  USBRingBufReadOne                    
000126b9  USBRingBufRead                       
000126ef  USBRingBufAdvanceRead                
0001271d  USBRingBufAdvanceWrite               
00012779  USBRingBufWriteOne                   
0001279f  USBRingBufWrite                      
000127d5  USBRingBufInit                       
000128cb  USBDCDConfigDescGetSize              
00012903  USBDCDConfigDescGetNum               
00012951  USBDCDConfigDescGet                  
000129df  USBDCDConfigGetNumAlternateInterfaces
00012a33  USBDCDConfigGetInterface             
00012a69  USBDCDConfigGetInterfaceEndpoint     
00012ad9  pvPortMalloc                         
00012be3  vPortFree                            
00012c35  xPortGetFreeHeapSize                 
00012c3b  xPortGetMinimumEverFreeHeapSize      
00012c41  vPortInitialiseBlocks                
00013011  USBDescGetNum                        
0001306d  USBDescGet                           
000130d7  USBDescGetNumAlternateInterfaces     
00013191  USBDescGetInterface                  
000131bf  USBDescGetInterfaceEndpoint          
000133b5  __aeabi_dsub                         
000133bf  __aeabi_dadd                         
000136a9  pxPortInitialiseStack                
00013713  xPortStartScheduler                  
00013749  vPortEndScheduler                    
0001374b  vPortEnterCritical                   
0001376b  vPortExitCritical                    
00013781  xPortSysTickHandler                  
000137a7  vPortSetupTimerInterrupt             
000137e5  __aeabi_ddiv                         
0001391b  vListInitialise                      
0001394b  vListInitialiseItem                  
0001395b  vListInsertEnd                       
00013997  vListInsert                          
000139fd  uxListRemove                         
00013a45  ButtonsPoll                          
00013aeb  ButtonsInit                          
00013c91  ldexp                                
00013c91  ldexpl                               
00013c91  scalbn                               
00013c91  scalbnl                              
00013da1  __aeabi_dmul                         
00013e9d  CPUUsageTick                         
00013edb  CPUUsageInit                         
00013f8d  InternalUSBTickInit                  
00013fcb  InternalUSBTickReset                 
00013fd3  InternalUSBRegisterTickHandler       
00014023  InternalUSBStartOfFrameTick          
00014089  ulPortGetIPSR                        
000140a1  xPortPendSVHandler                   
00014101  vPortSVCHandler                      
00014121  vPortStartFirstTask                  
00014145  vPortEnableVFP                       
00014153  ULPIConfigSet                        
000141f5  ULPIPowerTransceiver                 
000142d1  CmdLineProcess                       
0001437d  __aeabi_memcpy                       
0001437d  __aeabi_memcpy4                      
0001437d  __aeabi_memcpy8                      
0001437d  memcpy                               
00014419  __aeabi_uldivmod                     
000144af  __aeabi_cdcmpeq                      
000144af  __aeabi_cdcmple                      
00014535  __aeabi_cdrcmple                     
000145bb  __aeabi_memclr                       
000145bb  __aeabi_memclr4                      
000145bb  __aeabi_memclr8                      
000145bd  __aeabi_memset                       
000145bd  __aeabi_memset4                      
000145bd  __aeabi_memset8                      
000145c3  memset                               
000146a5  create_checksum                      
0001470d  vConfigureTimerForRunTimeStats       
00014775  __TI_decompress_lzss                 
000147dd  frexp                                
000147dd  frexpl                               
00014897  ltoa                                 
0001493d  __aeabi_f2ulz                        
0001498d  atoi                                 
000149d9  __aeabi_d2iz                         
00014a21  __TI_auto_init_nobinit_nopinit       
00014a65  __aeabi_uidiv                        
00014a65  __aeabi_uidivmod                     
00014aa5  sprintf                              
00014b23  CPUcpsid                             
00014b2f  CPUprimask                           
00014b39  CPUcpsie                             
00014b45  CPUwfi                               
00014b49  CPUbasepriSet                        
00014b57  CPUbasepriGet                        
00014b61  _c_int00_noargs                      
00014b95  __aeabi_i2d                          
00014bc3  strncmp                              
00014bf1  GetOverflowCounts                    
00014c15  USB0DeviceIntHandler                 
00014c39  memccpy                              
00014c55  copysign                             
00014c55  copysignl                            
00014c87  strcmp                               
00014c9f  strchr                               
00014cb5  strcpy                               
00014cc9  strlen                               
00014cdd  wcslen                               
00014cef  __TI_decompress_none                 
00014cfd  __TI_zero_init                       
00014d09  ResetISR                             
00014d21  __aeabi_errno_addr                   
00014d29  SysCtlDelay                          
00014d2f  _system_pre_init                     
00014d33  C$$EXIT                              
00014d33  abort                                
000151fa  _ctypes_                             
0001574c  g_pui8ConfigString                   
000157b8  g_sCDCHandlers                       
00015818  g_pui8ControlInterfaceString         
00015844  g_pui8ManufacturerString             
00015868  g_pui8CDCSerCommInterface            
0001588b  g_pui8ProductString                  
000158d0  g_ppui8StringDescriptors             
000158e8  g_pui8CDCSerDataInterface            
000158ff  g_pui8CDCSerDataInterfaceHS          
00015968  g_pui8SerialNumberString             
000159bc  g_sCDCCompSerConfigHeader            
000159c4  g_sCDCCompSerConfigHeaderHS          
000159cc  g_sCDCSerCommInterfaceSection        
000159d4  g_sCDCSerConfigHeader                
000159dc  g_sCDCSerConfigHeaderHS              
000159e4  g_sCDCSerConfigSection               
000159ec  g_sCDCSerDataInterfaceSection        
000159f4  g_sCDCSerDataInterfaceSectionHS      
000159fc  g_sIADSerConfigSection               
00015a04  g_pui8LangDescriptor                 
00015a08  g_pCDCCompSerConfigDescriptors       
00015a0c  g_pCDCCompSerConfigDescriptorsHS     
00015a10  g_ppCDCSerConfigDescriptors          
00015a14  g_ppCDCSerConfigDescriptorsHS        
00015a18  ulMaxSyscallInterruptPriority        
00015b58  __TI_Handler_Table_Base              
00015b64  __TI_Handler_Table_Limit             
00015b78  __TI_CINIT_Base                      
00015b90  __TI_CINIT_Limit                     
20000000  g_pfnRAMVectors                      
20005d88  g_pui8USBRxBuffer                    
20005e88  g_pui8USBTxBuffer                    
20006024  g_psDCDInst                          
20006074  xQueueRegistry                       
20006178  g_pfnTickHandlers                    
20006190  g_pvTickInstance                     
200062a8  FlagsEventos                         
200062ac  cola_freertos                        
200062b0  cola_hora                            
200062b4  cola_temperatura                     
200062b8  g_ppsDevInfo                         
200062bc  g_ui32CPUUsage                       
200062c0  g_ui32PollRate                       
200062c4  g_ui32SystemClock                    
200062c8  mutexUSB                             
200062cc  ui32Period                           
200062d0  xTimer                               
200062d4  g_eOTGModeState                      
200062d8  g_psCmdTable                         
20006338  g_sCDCDevice                         
20006398  pxCurrentTCB                         
200063d4  g_sRxBuffer                          
2000640c  g_sTxBuffer                          
200064a0  g_pui8CDCSerDeviceDescriptor         
200064b4  g_psCDCCompSerSections               
200064c4  g_psCDCCompSerSectionsHS             
200064e4  g_psCDCSerSections                   
200064f0  g_psCDCSerSectionsHS                 
20006514  g_bUSBTimerInitialized               
20006518  g_ui32CurrentUSBTick                 
2000651c  g_ui32USBSOFCount                    
20006520  miSemaforo                           
20006524  higherPriorityTaskWoken              
20006529  g_pui8CDCSerDescriptor               
20006534  g_ulUARTTxCount                      
20006538  g_ulUARTRxCount                      
20006540  g_iUSBMode                           
20006544  g_ui32WaitTicks                      
20006549  g_pui8IADSerDescriptor               
2000656c  errno                                
20006570  __stack                              
20006770  __STACK_END                          
20006770  __STACK_TOP                          
ffffffff  __TI_pprof_out_hndl                  
ffffffff  __TI_prof_data_size                  
ffffffff  __TI_prof_data_start                 
ffffffff  __binit__                            
ffffffff  __c_args__                           
ffffffff  binit                                
UNDEFED   __mpu_init                           
UNDEFED   _system_post_cinit                   

[817 symbols]
