<?xml version="1.0" encoding="ISO-8859-1" ?>
<link_info>
   <banner>TI ARM Linker PC v18.12.4.LTS</banner>
   <copyright>Copyright (c) 1996-2018 Texas Instruments Incorporated</copyright>
   <link_time>0x5ec50486</link_time>
   <link_errors>0x0</link_errors>
   <output_file>3.Buttons-QT_TIVA.out</output_file>
   <entry_point>
      <name>_c_int00_noargs</name>
      <address>0x158d5</address>
   </entry_point>
   <input_file_list>
      <input_file id="fl-2">
         <path>.\</path>
         <kind>object</kind>
         <file>Botones.obj</file>
         <name>Botones.obj</name>
      </input_file>
      <input_file id="fl-3">
         <path>.\</path>
         <kind>object</kind>
         <file>commands.obj</file>
         <name>commands.obj</name>
      </input_file>
      <input_file id="fl-4">
         <path>.\</path>
         <kind>object</kind>
         <file>crc.obj</file>
         <name>crc.obj</name>
      </input_file>
      <input_file id="fl-5">
         <path>.\</path>
         <kind>object</kind>
         <file>serial2USBprotocol.obj</file>
         <name>serial2USBprotocol.obj</name>
      </input_file>
      <input_file id="fl-6">
         <path>.\</path>
         <kind>object</kind>
         <file>startup_ccs.obj</file>
         <name>startup_ccs.obj</name>
      </input_file>
      <input_file id="fl-7">
         <path>.\</path>
         <kind>object</kind>
         <file>usb_dev_serial.obj</file>
         <name>usb_dev_serial.obj</name>
      </input_file>
      <input_file id="fl-8">
         <path>.\</path>
         <kind>object</kind>
         <file>usb_serial_structs.obj</file>
         <name>usb_serial_structs.obj</name>
      </input_file>
      <input_file id="fl-9">
         <path>.\FreeRTOS\Source\</path>
         <kind>object</kind>
         <file>croutine.obj</file>
         <name>croutine.obj</name>
      </input_file>
      <input_file id="fl-a">
         <path>.\FreeRTOS\Source\</path>
         <kind>object</kind>
         <file>event_groups.obj</file>
         <name>event_groups.obj</name>
      </input_file>
      <input_file id="fl-b">
         <path>.\FreeRTOS\Source\</path>
         <kind>object</kind>
         <file>list.obj</file>
         <name>list.obj</name>
      </input_file>
      <input_file id="fl-c">
         <path>.\FreeRTOS\Source\</path>
         <kind>object</kind>
         <file>queue.obj</file>
         <name>queue.obj</name>
      </input_file>
      <input_file id="fl-d">
         <path>.\FreeRTOS\Source\</path>
         <kind>object</kind>
         <file>stream_buffer.obj</file>
         <name>stream_buffer.obj</name>
      </input_file>
      <input_file id="fl-e">
         <path>.\FreeRTOS\Source\</path>
         <kind>object</kind>
         <file>tasks.obj</file>
         <name>tasks.obj</name>
      </input_file>
      <input_file id="fl-f">
         <path>.\FreeRTOS\Source\</path>
         <kind>object</kind>
         <file>timers.obj</file>
         <name>timers.obj</name>
      </input_file>
      <input_file id="fl-10">
         <path>.\FreeRTOS\Source\portable\CCS\ARM_CM4F\</path>
         <kind>object</kind>
         <file>port.obj</file>
         <name>port.obj</name>
      </input_file>
      <input_file id="fl-11">
         <path>.\FreeRTOS\Source\portable\CCS\ARM_CM4F\</path>
         <kind>object</kind>
         <file>portasm.obj</file>
         <name>portasm.obj</name>
      </input_file>
      <input_file id="fl-12">
         <path>.\FreeRTOS\Source\portable\MemMang\</path>
         <kind>object</kind>
         <file>heap_4.obj</file>
         <name>heap_4.obj</name>
      </input_file>
      <input_file id="fl-13">
         <path>.\driverlib\</path>
         <kind>object</kind>
         <file>adc.obj</file>
         <name>adc.obj</name>
      </input_file>
      <input_file id="fl-14">
         <path>.\driverlib\</path>
         <kind>object</kind>
         <file>aes.obj</file>
         <name>aes.obj</name>
      </input_file>
      <input_file id="fl-15">
         <path>.\driverlib\</path>
         <kind>object</kind>
         <file>can.obj</file>
         <name>can.obj</name>
      </input_file>
      <input_file id="fl-16">
         <path>.\driverlib\</path>
         <kind>object</kind>
         <file>comp.obj</file>
         <name>comp.obj</name>
      </input_file>
      <input_file id="fl-17">
         <path>.\driverlib\</path>
         <kind>object</kind>
         <file>cpu.obj</file>
         <name>cpu.obj</name>
      </input_file>
      <input_file id="fl-18">
         <path>.\driverlib\</path>
         <kind>object</kind>
         <file>crc.obj</file>
         <name>crc.obj</name>
      </input_file>
      <input_file id="fl-19">
         <path>.\driverlib\</path>
         <kind>object</kind>
         <file>des.obj</file>
         <name>des.obj</name>
      </input_file>
      <input_file id="fl-1a">
         <path>.\driverlib\</path>
         <kind>object</kind>
         <file>eeprom.obj</file>
         <name>eeprom.obj</name>
      </input_file>
      <input_file id="fl-1b">
         <path>.\driverlib\</path>
         <kind>object</kind>
         <file>emac.obj</file>
         <name>emac.obj</name>
      </input_file>
      <input_file id="fl-1c">
         <path>.\driverlib\</path>
         <kind>object</kind>
         <file>epi.obj</file>
         <name>epi.obj</name>
      </input_file>
      <input_file id="fl-1d">
         <path>.\driverlib\</path>
         <kind>object</kind>
         <file>epi_workaround_ccs.obj</file>
         <name>epi_workaround_ccs.obj</name>
      </input_file>
      <input_file id="fl-1e">
         <path>.\driverlib\</path>
         <kind>object</kind>
         <file>flash.obj</file>
         <name>flash.obj</name>
      </input_file>
      <input_file id="fl-1f">
         <path>.\driverlib\</path>
         <kind>object</kind>
         <file>fpu.obj</file>
         <name>fpu.obj</name>
      </input_file>
      <input_file id="fl-20">
         <path>.\driverlib\</path>
         <kind>object</kind>
         <file>gpio.obj</file>
         <name>gpio.obj</name>
      </input_file>
      <input_file id="fl-21">
         <path>.\driverlib\</path>
         <kind>object</kind>
         <file>hibernate.obj</file>
         <name>hibernate.obj</name>
      </input_file>
      <input_file id="fl-22">
         <path>.\driverlib\</path>
         <kind>object</kind>
         <file>i2c.obj</file>
         <name>i2c.obj</name>
      </input_file>
      <input_file id="fl-23">
         <path>.\driverlib\</path>
         <kind>object</kind>
         <file>interrupt.obj</file>
         <name>interrupt.obj</name>
      </input_file>
      <input_file id="fl-24">
         <path>.\driverlib\</path>
         <kind>object</kind>
         <file>lcd.obj</file>
         <name>lcd.obj</name>
      </input_file>
      <input_file id="fl-25">
         <path>.\driverlib\</path>
         <kind>object</kind>
         <file>mpu.obj</file>
         <name>mpu.obj</name>
      </input_file>
      <input_file id="fl-26">
         <path>.\driverlib\</path>
         <kind>object</kind>
         <file>onewire.obj</file>
         <name>onewire.obj</name>
      </input_file>
      <input_file id="fl-27">
         <path>.\driverlib\</path>
         <kind>object</kind>
         <file>pwm.obj</file>
         <name>pwm.obj</name>
      </input_file>
      <input_file id="fl-28">
         <path>.\driverlib\</path>
         <kind>object</kind>
         <file>qei.obj</file>
         <name>qei.obj</name>
      </input_file>
      <input_file id="fl-29">
         <path>.\driverlib\</path>
         <kind>object</kind>
         <file>shamd5.obj</file>
         <name>shamd5.obj</name>
      </input_file>
      <input_file id="fl-2a">
         <path>.\driverlib\</path>
         <kind>object</kind>
         <file>ssi.obj</file>
         <name>ssi.obj</name>
      </input_file>
      <input_file id="fl-2b">
         <path>.\driverlib\</path>
         <kind>object</kind>
         <file>sw_crc.obj</file>
         <name>sw_crc.obj</name>
      </input_file>
      <input_file id="fl-2c">
         <path>.\driverlib\</path>
         <kind>object</kind>
         <file>sysctl.obj</file>
         <name>sysctl.obj</name>
      </input_file>
      <input_file id="fl-2d">
         <path>.\driverlib\</path>
         <kind>object</kind>
         <file>sysexc.obj</file>
         <name>sysexc.obj</name>
      </input_file>
      <input_file id="fl-2e">
         <path>.\driverlib\</path>
         <kind>object</kind>
         <file>systick.obj</file>
         <name>systick.obj</name>
      </input_file>
      <input_file id="fl-2f">
         <path>.\driverlib\</path>
         <kind>object</kind>
         <file>timer.obj</file>
         <name>timer.obj</name>
      </input_file>
      <input_file id="fl-30">
         <path>.\driverlib\</path>
         <kind>object</kind>
         <file>uart.obj</file>
         <name>uart.obj</name>
      </input_file>
      <input_file id="fl-31">
         <path>.\driverlib\</path>
         <kind>object</kind>
         <file>udma.obj</file>
         <name>udma.obj</name>
      </input_file>
      <input_file id="fl-32">
         <path>.\driverlib\</path>
         <kind>object</kind>
         <file>usb.obj</file>
         <name>usb.obj</name>
      </input_file>
      <input_file id="fl-33">
         <path>.\driverlib\</path>
         <kind>object</kind>
         <file>watchdog.obj</file>
         <name>watchdog.obj</name>
      </input_file>
      <input_file id="fl-34">
         <path>.\drivers\</path>
         <kind>object</kind>
         <file>buttons.obj</file>
         <name>buttons.obj</name>
      </input_file>
      <input_file id="fl-35">
         <path>.\drivers\</path>
         <kind>object</kind>
         <file>rgb.obj</file>
         <name>rgb.obj</name>
      </input_file>
      <input_file id="fl-36">
         <path>.\usblib\device\</path>
         <kind>object</kind>
         <file>usbdaudio.obj</file>
         <name>usbdaudio.obj</name>
      </input_file>
      <input_file id="fl-37">
         <path>.\usblib\device\</path>
         <kind>object</kind>
         <file>usbdbulk.obj</file>
         <name>usbdbulk.obj</name>
      </input_file>
      <input_file id="fl-38">
         <path>.\usblib\device\</path>
         <kind>object</kind>
         <file>usbdcdc.obj</file>
         <name>usbdcdc.obj</name>
      </input_file>
      <input_file id="fl-39">
         <path>.\usblib\device\</path>
         <kind>object</kind>
         <file>usbdcdesc.obj</file>
         <name>usbdcdesc.obj</name>
      </input_file>
      <input_file id="fl-3a">
         <path>.\usblib\device\</path>
         <kind>object</kind>
         <file>usbdcomp.obj</file>
         <name>usbdcomp.obj</name>
      </input_file>
      <input_file id="fl-3b">
         <path>.\usblib\device\</path>
         <kind>object</kind>
         <file>usbdconfig.obj</file>
         <name>usbdconfig.obj</name>
      </input_file>
      <input_file id="fl-3c">
         <path>.\usblib\device\</path>
         <kind>object</kind>
         <file>usbddfu-rt.obj</file>
         <name>usbddfu-rt.obj</name>
      </input_file>
      <input_file id="fl-3d">
         <path>.\usblib\device\</path>
         <kind>object</kind>
         <file>usbdenum.obj</file>
         <name>usbdenum.obj</name>
      </input_file>
      <input_file id="fl-3e">
         <path>.\usblib\device\</path>
         <kind>object</kind>
         <file>usbdhandler.obj</file>
         <name>usbdhandler.obj</name>
      </input_file>
      <input_file id="fl-3f">
         <path>.\usblib\device\</path>
         <kind>object</kind>
         <file>usbdhid.obj</file>
         <name>usbdhid.obj</name>
      </input_file>
      <input_file id="fl-40">
         <path>.\usblib\device\</path>
         <kind>object</kind>
         <file>usbdhidgamepad.obj</file>
         <name>usbdhidgamepad.obj</name>
      </input_file>
      <input_file id="fl-41">
         <path>.\usblib\device\</path>
         <kind>object</kind>
         <file>usbdhidkeyb.obj</file>
         <name>usbdhidkeyb.obj</name>
      </input_file>
      <input_file id="fl-42">
         <path>.\usblib\device\</path>
         <kind>object</kind>
         <file>usbdhidmouse.obj</file>
         <name>usbdhidmouse.obj</name>
      </input_file>
      <input_file id="fl-43">
         <path>.\usblib\device\</path>
         <kind>object</kind>
         <file>usbdmsc.obj</file>
         <name>usbdmsc.obj</name>
      </input_file>
      <input_file id="fl-44">
         <path>.\usblib\host\</path>
         <kind>object</kind>
         <file>usbhaudio.obj</file>
         <name>usbhaudio.obj</name>
      </input_file>
      <input_file id="fl-45">
         <path>.\usblib\host\</path>
         <kind>object</kind>
         <file>usbhhid.obj</file>
         <name>usbhhid.obj</name>
      </input_file>
      <input_file id="fl-46">
         <path>.\usblib\host\</path>
         <kind>object</kind>
         <file>usbhhidkeyboard.obj</file>
         <name>usbhhidkeyboard.obj</name>
      </input_file>
      <input_file id="fl-47">
         <path>.\usblib\host\</path>
         <kind>object</kind>
         <file>usbhhidmouse.obj</file>
         <name>usbhhidmouse.obj</name>
      </input_file>
      <input_file id="fl-48">
         <path>.\usblib\host\</path>
         <kind>object</kind>
         <file>usbhhub.obj</file>
         <name>usbhhub.obj</name>
      </input_file>
      <input_file id="fl-49">
         <path>.\usblib\host\</path>
         <kind>object</kind>
         <file>usbhmsc.obj</file>
         <name>usbhmsc.obj</name>
      </input_file>
      <input_file id="fl-4a">
         <path>.\usblib\host\</path>
         <kind>object</kind>
         <file>usbhostenum.obj</file>
         <name>usbhostenum.obj</name>
      </input_file>
      <input_file id="fl-4b">
         <path>.\usblib\host\</path>
         <kind>object</kind>
         <file>usbhscsi.obj</file>
         <name>usbhscsi.obj</name>
      </input_file>
      <input_file id="fl-4c">
         <path>.\usblib\</path>
         <kind>object</kind>
         <file>usbbuffer.obj</file>
         <name>usbbuffer.obj</name>
      </input_file>
      <input_file id="fl-4d">
         <path>.\usblib\</path>
         <kind>object</kind>
         <file>usbdesc.obj</file>
         <name>usbdesc.obj</name>
      </input_file>
      <input_file id="fl-4e">
         <path>.\usblib\</path>
         <kind>object</kind>
         <file>usbdma.obj</file>
         <name>usbdma.obj</name>
      </input_file>
      <input_file id="fl-4f">
         <path>.\usblib\</path>
         <kind>object</kind>
         <file>usbkeyboardmap.obj</file>
         <name>usbkeyboardmap.obj</name>
      </input_file>
      <input_file id="fl-50">
         <path>.\usblib\</path>
         <kind>object</kind>
         <file>usbmode.obj</file>
         <name>usbmode.obj</name>
      </input_file>
      <input_file id="fl-51">
         <path>.\usblib\</path>
         <kind>object</kind>
         <file>usbringbuf.obj</file>
         <name>usbringbuf.obj</name>
      </input_file>
      <input_file id="fl-52">
         <path>.\usblib\</path>
         <kind>object</kind>
         <file>usbtick.obj</file>
         <name>usbtick.obj</name>
      </input_file>
      <input_file id="fl-53">
         <path>.\usblib\</path>
         <kind>object</kind>
         <file>usbulpi.obj</file>
         <name>usbulpi.obj</name>
      </input_file>
      <input_file id="fl-54">
         <path>.\utils\</path>
         <kind>object</kind>
         <file>RunTimeStatsConfig.obj</file>
         <name>RunTimeStatsConfig.obj</name>
      </input_file>
      <input_file id="fl-55">
         <path>.\utils\</path>
         <kind>object</kind>
         <file>cmdline.obj</file>
         <name>cmdline.obj</name>
      </input_file>
      <input_file id="fl-56">
         <path>.\utils\</path>
         <kind>object</kind>
         <file>cpu_usage.obj</file>
         <name>cpu_usage.obj</name>
      </input_file>
      <input_file id="fl-57">
         <path>.\utils\</path>
         <kind>object</kind>
         <file>uartstdioMod.obj</file>
         <name>uartstdioMod.obj</name>
      </input_file>
      <input_file id="fl-5b">
         <kind>object</kind>
         <file>&lt;internal&gt;</file>
         <name>&lt;internal&gt;</name>
      </input_file>
      <input_file id="fl-111">
         <path>C:\ti\ccs930\ccs\tools\compiler\ti-cgt-arm_18.12.4.LTS\lib\</path>
         <kind>archive</kind>
         <file>rtsv7M4_T_le_v4SPD16_eabi.lib</file>
         <name>sprintf.c.obj</name>
      </input_file>
      <input_file id="fl-112">
         <path>C:\ti\ccs930\ccs\tools\compiler\ti-cgt-arm_18.12.4.LTS\lib\</path>
         <kind>archive</kind>
         <file>rtsv7M4_T_le_v4SPD16_eabi.lib</file>
         <name>fd_tos_t2.asm.obj</name>
      </input_file>
      <input_file id="fl-113">
         <path>C:\ti\ccs930\ccs\tools\compiler\ti-cgt-arm_18.12.4.LTS\lib\</path>
         <kind>archive</kind>
         <file>rtsv7M4_T_le_v4SPD16_eabi.lib</file>
         <name>fs_toull_t2.asm.obj</name>
      </input_file>
      <input_file id="fl-114">
         <path>C:\ti\ccs930\ccs\tools\compiler\ti-cgt-arm_18.12.4.LTS\lib\</path>
         <kind>archive</kind>
         <file>rtsv7M4_T_le_v4SPD16_eabi.lib</file>
         <name>memcpy_t2.asm.obj</name>
      </input_file>
      <input_file id="fl-115">
         <path>C:\ti\ccs930\ccs\tools\compiler\ti-cgt-arm_18.12.4.LTS\lib\</path>
         <kind>archive</kind>
         <file>rtsv7M4_T_le_v4SPD16_eabi.lib</file>
         <name>u_divt2.asm.obj</name>
      </input_file>
      <input_file id="fl-116">
         <path>C:\ti\ccs930\ccs\tools\compiler\ti-cgt-arm_18.12.4.LTS\lib\</path>
         <kind>archive</kind>
         <file>rtsv7M4_T_le_v4SPD16_eabi.lib</file>
         <name>memset_t2.asm.obj</name>
      </input_file>
      <input_file id="fl-117">
         <path>C:\ti\ccs930\ccs\tools\compiler\ti-cgt-arm_18.12.4.LTS\lib\</path>
         <kind>archive</kind>
         <file>rtsv7M4_T_le_v4SPD16_eabi.lib</file>
         <name>copy_zero_init.c.obj</name>
      </input_file>
      <input_file id="fl-118">
         <path>C:\ti\ccs930\ccs\tools\compiler\ti-cgt-arm_18.12.4.LTS\lib\</path>
         <kind>archive</kind>
         <file>rtsv7M4_T_le_v4SPD16_eabi.lib</file>
         <name>copy_decompress_none.c.obj</name>
      </input_file>
      <input_file id="fl-119">
         <path>C:\ti\ccs930\ccs\tools\compiler\ti-cgt-arm_18.12.4.LTS\lib\</path>
         <kind>archive</kind>
         <file>rtsv7M4_T_le_v4SPD16_eabi.lib</file>
         <name>copy_decompress_lzss.c.obj</name>
      </input_file>
      <input_file id="fl-11a">
         <path>C:\ti\ccs930\ccs\tools\compiler\ti-cgt-arm_18.12.4.LTS\lib\</path>
         <kind>archive</kind>
         <file>rtsv7M4_T_le_v4SPD16_eabi.lib</file>
         <name>atof.c.obj</name>
      </input_file>
      <input_file id="fl-11b">
         <path>C:\ti\ccs930\ccs\tools\compiler\ti-cgt-arm_18.12.4.LTS\lib\</path>
         <kind>archive</kind>
         <file>rtsv7M4_T_le_v4SPD16_eabi.lib</file>
         <name>strcmp.c.obj</name>
      </input_file>
      <input_file id="fl-11c">
         <path>C:\ti\ccs930\ccs\tools\compiler\ti-cgt-arm_18.12.4.LTS\lib\</path>
         <kind>archive</kind>
         <file>rtsv7M4_T_le_v4SPD16_eabi.lib</file>
         <name>strcpy.c.obj</name>
      </input_file>
      <input_file id="fl-11d">
         <path>C:\ti\ccs930\ccs\tools\compiler\ti-cgt-arm_18.12.4.LTS\lib\</path>
         <kind>archive</kind>
         <file>rtsv7M4_T_le_v4SPD16_eabi.lib</file>
         <name>strlen.c.obj</name>
      </input_file>
      <input_file id="fl-11e">
         <path>C:\ti\ccs930\ccs\tools\compiler\ti-cgt-arm_18.12.4.LTS\lib\</path>
         <kind>archive</kind>
         <file>rtsv7M4_T_le_v4SPD16_eabi.lib</file>
         <name>strncmp.c.obj</name>
      </input_file>
      <input_file id="fl-11f">
         <path>C:\ti\ccs930\ccs\tools\compiler\ti-cgt-arm_18.12.4.LTS\lib\</path>
         <kind>archive</kind>
         <file>rtsv7M4_T_le_v4SPD16_eabi.lib</file>
         <name>strtod.c.obj</name>
      </input_file>
      <input_file id="fl-120">
         <path>C:\ti\ccs930\ccs\tools\compiler\ti-cgt-arm_18.12.4.LTS\lib\</path>
         <kind>archive</kind>
         <file>rtsv7M4_T_le_v4SPD16_eabi.lib</file>
         <name>strtoul.c.obj</name>
      </input_file>
      <input_file id="fl-121">
         <path>C:\ti\ccs930\ccs\tools\compiler\ti-cgt-arm_18.12.4.LTS\lib\</path>
         <kind>archive</kind>
         <file>rtsv7M4_T_le_v4SPD16_eabi.lib</file>
         <name>boot_cortex_m.c.obj</name>
      </input_file>
      <input_file id="fl-122">
         <path>C:\ti\ccs930\ccs\tools\compiler\ti-cgt-arm_18.12.4.LTS\lib\</path>
         <kind>archive</kind>
         <file>rtsv7M4_T_le_v4SPD16_eabi.lib</file>
         <name>errno.c.obj</name>
      </input_file>
      <input_file id="fl-123">
         <path>C:\ti\ccs930\ccs\tools\compiler\ti-cgt-arm_18.12.4.LTS\lib\</path>
         <kind>archive</kind>
         <file>rtsv7M4_T_le_v4SPD16_eabi.lib</file>
         <name>s_scalbn.c.obj</name>
      </input_file>
      <input_file id="fl-124">
         <path>C:\ti\ccs930\ccs\tools\compiler\ti-cgt-arm_18.12.4.LTS\lib\</path>
         <kind>archive</kind>
         <file>rtsv7M4_T_le_v4SPD16_eabi.lib</file>
         <name>_printfi.c.obj</name>
      </input_file>
      <input_file id="fl-125">
         <path>C:\ti\ccs930\ccs\tools\compiler\ti-cgt-arm_18.12.4.LTS\lib\</path>
         <kind>archive</kind>
         <file>rtsv7M4_T_le_v4SPD16_eabi.lib</file>
         <name>div0.asm.obj</name>
      </input_file>
      <input_file id="fl-126">
         <path>C:\ti\ccs930\ccs\tools\compiler\ti-cgt-arm_18.12.4.LTS\lib\</path>
         <kind>archive</kind>
         <file>rtsv7M4_T_le_v4SPD16_eabi.lib</file>
         <name>fd_add_t2.asm.obj</name>
      </input_file>
      <input_file id="fl-127">
         <path>C:\ti\ccs930\ccs\tools\compiler\ti-cgt-arm_18.12.4.LTS\lib\</path>
         <kind>archive</kind>
         <file>rtsv7M4_T_le_v4SPD16_eabi.lib</file>
         <name>fd_cmp_t2.asm.obj</name>
      </input_file>
      <input_file id="fl-128">
         <path>C:\ti\ccs930\ccs\tools\compiler\ti-cgt-arm_18.12.4.LTS\lib\</path>
         <kind>archive</kind>
         <file>rtsv7M4_T_le_v4SPD16_eabi.lib</file>
         <name>fd_div_t2.asm.obj</name>
      </input_file>
      <input_file id="fl-129">
         <path>C:\ti\ccs930\ccs\tools\compiler\ti-cgt-arm_18.12.4.LTS\lib\</path>
         <kind>archive</kind>
         <file>rtsv7M4_T_le_v4SPD16_eabi.lib</file>
         <name>fd_mul_t2.asm.obj</name>
      </input_file>
      <input_file id="fl-12a">
         <path>C:\ti\ccs930\ccs\tools\compiler\ti-cgt-arm_18.12.4.LTS\lib\</path>
         <kind>archive</kind>
         <file>rtsv7M4_T_le_v4SPD16_eabi.lib</file>
         <name>fd_toi_t2.asm.obj</name>
      </input_file>
      <input_file id="fl-12b">
         <path>C:\ti\ccs930\ccs\tools\compiler\ti-cgt-arm_18.12.4.LTS\lib\</path>
         <kind>archive</kind>
         <file>rtsv7M4_T_le_v4SPD16_eabi.lib</file>
         <name>i_tofd_t2.asm.obj</name>
      </input_file>
      <input_file id="fl-12c">
         <path>C:\ti\ccs930\ccs\tools\compiler\ti-cgt-arm_18.12.4.LTS\lib\</path>
         <kind>archive</kind>
         <file>rtsv7M4_T_le_v4SPD16_eabi.lib</file>
         <name>ull_div_t2.asm.obj</name>
      </input_file>
      <input_file id="fl-12d">
         <path>C:\ti\ccs930\ccs\tools\compiler\ti-cgt-arm_18.12.4.LTS\lib\</path>
         <kind>archive</kind>
         <file>rtsv7M4_T_le_v4SPD16_eabi.lib</file>
         <name>autoinit.c.obj</name>
      </input_file>
      <input_file id="fl-12e">
         <path>C:\ti\ccs930\ccs\tools\compiler\ti-cgt-arm_18.12.4.LTS\lib\</path>
         <kind>archive</kind>
         <file>rtsv7M4_T_le_v4SPD16_eabi.lib</file>
         <name>pre_init.c.obj</name>
      </input_file>
      <input_file id="fl-12f">
         <path>C:\ti\ccs930\ccs\tools\compiler\ti-cgt-arm_18.12.4.LTS\lib\</path>
         <kind>archive</kind>
         <file>rtsv7M4_T_le_v4SPD16_eabi.lib</file>
         <name>cpy_tbl.c.obj</name>
      </input_file>
      <input_file id="fl-130">
         <path>C:\ti\ccs930\ccs\tools\compiler\ti-cgt-arm_18.12.4.LTS\lib\</path>
         <kind>archive</kind>
         <file>rtsv7M4_T_le_v4SPD16_eabi.lib</file>
         <name>exit.c.obj</name>
      </input_file>
      <input_file id="fl-131">
         <path>C:\ti\ccs930\ccs\tools\compiler\ti-cgt-arm_18.12.4.LTS\lib\</path>
         <kind>archive</kind>
         <file>rtsv7M4_T_le_v4SPD16_eabi.lib</file>
         <name>_lock.c.obj</name>
      </input_file>
      <input_file id="fl-132">
         <path>C:\ti\ccs930\ccs\tools\compiler\ti-cgt-arm_18.12.4.LTS\lib\</path>
         <kind>archive</kind>
         <file>rtsv7M4_T_le_v4SPD16_eabi.lib</file>
         <name>args_main.c.obj</name>
      </input_file>
      <input_file id="fl-133">
         <path>C:\ti\ccs930\ccs\tools\compiler\ti-cgt-arm_18.12.4.LTS\lib\</path>
         <kind>archive</kind>
         <file>rtsv7M4_T_le_v4SPD16_eabi.lib</file>
         <name>atoi.c.obj</name>
      </input_file>
      <input_file id="fl-134">
         <path>C:\ti\ccs930\ccs\tools\compiler\ti-cgt-arm_18.12.4.LTS\lib\</path>
         <kind>archive</kind>
         <file>rtsv7M4_T_le_v4SPD16_eabi.lib</file>
         <name>ctype.c.obj</name>
      </input_file>
      <input_file id="fl-135">
         <path>C:\ti\ccs930\ccs\tools\compiler\ti-cgt-arm_18.12.4.LTS\lib\</path>
         <kind>archive</kind>
         <file>rtsv7M4_T_le_v4SPD16_eabi.lib</file>
         <name>ltoa.c.obj</name>
      </input_file>
      <input_file id="fl-136">
         <path>C:\ti\ccs930\ccs\tools\compiler\ti-cgt-arm_18.12.4.LTS\lib\</path>
         <kind>archive</kind>
         <file>rtsv7M4_T_le_v4SPD16_eabi.lib</file>
         <name>memccpy.c.obj</name>
      </input_file>
      <input_file id="fl-137">
         <path>C:\ti\ccs930\ccs\tools\compiler\ti-cgt-arm_18.12.4.LTS\lib\</path>
         <kind>archive</kind>
         <file>rtsv7M4_T_le_v4SPD16_eabi.lib</file>
         <name>strchr.c.obj</name>
      </input_file>
      <input_file id="fl-138">
         <path>C:\ti\ccs930\ccs\tools\compiler\ti-cgt-arm_18.12.4.LTS\lib\</path>
         <kind>archive</kind>
         <file>rtsv7M4_T_le_v4SPD16_eabi.lib</file>
         <name>s_copysign.c.obj</name>
      </input_file>
      <input_file id="fl-139">
         <path>C:\ti\ccs930\ccs\tools\compiler\ti-cgt-arm_18.12.4.LTS\lib\</path>
         <kind>archive</kind>
         <file>rtsv7M4_T_le_v4SPD16_eabi.lib</file>
         <name>wcslen.c.obj</name>
      </input_file>
      <input_file id="fl-13a">
         <path>C:\ti\ccs930\ccs\tools\compiler\ti-cgt-arm_18.12.4.LTS\lib\</path>
         <kind>archive</kind>
         <file>rtsv7M4_T_le_v4SPD16_eabi.lib</file>
         <name>s_frexp.c.obj</name>
      </input_file>
   </input_file_list>
   <object_component_list>
      <object_component id="oc-f">
         <name>.intvecs</name>
         <load_address>0x0</load_address>
         <run_address>0x0</run_address>
         <size>0x26c</size>
         <input_file_ref idref="fl-6"/>
      </object_component>
      <object_component id="oc-476">
         <name>.text</name>
         <load_address>0x26c</load_address>
         <run_address>0x26c</run_address>
         <size>0x2db0</size>
         <input_file_ref idref="fl-4a"/>
      </object_component>
      <object_component id="oc-8e">
         <name>.text</name>
         <load_address>0x301c</load_address>
         <run_address>0x301c</run_address>
         <size>0x1c18</size>
         <input_file_ref idref="fl-e"/>
      </object_component>
      <object_component id="oc-314">
         <name>.text</name>
         <load_address>0x4c34</load_address>
         <run_address>0x4c34</run_address>
         <size>0x15b6</size>
         <input_file_ref idref="fl-32"/>
      </object_component>
      <object_component id="oc-21a">
         <name>.text</name>
         <load_address>0x61ea</load_address>
         <run_address>0x61ea</run_address>
         <size>0x2</size>
         <input_file_ref idref="fl-125"/>
      </object_component>
      <object_component id="oc-14e">
         <name>.text</name>
         <load_address>0x61ec</load_address>
         <run_address>0x61ec</run_address>
         <size>0x134c</size>
         <input_file_ref idref="fl-3d"/>
      </object_component>
      <object_component id="oc-e4">
         <name>.text</name>
         <load_address>0x7538</load_address>
         <run_address>0x7538</run_address>
         <size>0xf80</size>
         <input_file_ref idref="fl-2c"/>
      </object_component>
      <object_component id="oc-3b">
         <name>.text</name>
         <load_address>0x84b8</load_address>
         <run_address>0x84b8</run_address>
         <size>0xf48</size>
         <input_file_ref idref="fl-2"/>
      </object_component>
      <object_component id="oc-320">
         <name>.text</name>
         <load_address>0x9400</load_address>
         <run_address>0x9400</run_address>
         <size>0xf20</size>
         <input_file_ref idref="fl-4e"/>
      </object_component>
      <object_component id="oc-2e9">
         <name>.text</name>
         <load_address>0xa320</load_address>
         <run_address>0xa320</run_address>
         <size>0xe6c</size>
         <input_file_ref idref="fl-38"/>
      </object_component>
      <object_component id="oc-a4">
         <name>.text</name>
         <load_address>0xb18c</load_address>
         <run_address>0xb18c</run_address>
         <size>0xcac</size>
         <input_file_ref idref="fl-c"/>
      </object_component>
      <object_component id="oc-fb">
         <name>.text</name>
         <load_address>0xbe38</load_address>
         <run_address>0xbe38</run_address>
         <size>0xb94</size>
         <input_file_ref idref="fl-20"/>
      </object_component>
      <object_component id="oc-35">
         <name>.text</name>
         <load_address>0xc9cc</load_address>
         <run_address>0xc9cc</run_address>
         <size>0xaec</size>
         <input_file_ref idref="fl-57"/>
      </object_component>
      <object_component id="oc-3cd">
         <name>.text:__TI_printfi</name>
         <load_address>0xd4b8</load_address>
         <run_address>0xd4b8</run_address>
         <size>0xa4e</size>
         <input_file_ref idref="fl-124"/>
      </object_component>
      <object_component id="oc-5b1">
         <name>.text</name>
         <load_address>0xdf08</load_address>
         <run_address>0xdf08</run_address>
         <size>0x924</size>
         <input_file_ref idref="fl-48"/>
      </object_component>
      <object_component id="oc-131">
         <name>.text</name>
         <load_address>0xe82c</load_address>
         <run_address>0xe82c</run_address>
         <size>0x8cc</size>
         <input_file_ref idref="fl-3"/>
      </object_component>
      <object_component id="oc-115">
         <name>.text</name>
         <load_address>0xf0f8</load_address>
         <run_address>0xf0f8</run_address>
         <size>0x83a</size>
         <input_file_ref idref="fl-13"/>
      </object_component>
      <object_component id="oc-11b">
         <name>.text</name>
         <load_address>0xf934</load_address>
         <run_address>0xf934</run_address>
         <size>0x6cc</size>
         <input_file_ref idref="fl-f"/>
      </object_component>
      <object_component id="oc-10f">
         <name>.text</name>
         <load_address>0x10000</load_address>
         <run_address>0x10000</run_address>
         <size>0x642</size>
         <input_file_ref idref="fl-2f"/>
      </object_component>
      <object_component id="oc-aa">
         <name>.text</name>
         <load_address>0x10644</load_address>
         <run_address>0x10644</run_address>
         <size>0x62e</size>
         <input_file_ref idref="fl-30"/>
      </object_component>
      <object_component id="oc-2e3">
         <name>.text</name>
         <load_address>0x10c74</load_address>
         <run_address>0x10c74</run_address>
         <size>0x500</size>
         <input_file_ref idref="fl-50"/>
      </object_component>
      <object_component id="oc-2dd">
         <name>.text</name>
         <load_address>0x11174</load_address>
         <run_address>0x11174</run_address>
         <size>0x4ae</size>
         <input_file_ref idref="fl-4c"/>
      </object_component>
      <object_component id="oc-44c">
         <name>.text:strtod</name>
         <load_address>0x11624</load_address>
         <run_address>0x11624</run_address>
         <size>0x460</size>
         <input_file_ref idref="fl-11f"/>
      </object_component>
      <object_component id="oc-107">
         <name>.text</name>
         <load_address>0x11a84</load_address>
         <run_address>0x11a84</run_address>
         <size>0x42c</size>
         <input_file_ref idref="fl-35"/>
      </object_component>
      <object_component id="oc-101">
         <name>.text</name>
         <load_address>0x11eb0</load_address>
         <run_address>0x11eb0</run_address>
         <size>0x408</size>
         <input_file_ref idref="fl-a"/>
      </object_component>
      <object_component id="oc-12b">
         <name>.text</name>
         <load_address>0x122b8</load_address>
         <run_address>0x122b8</run_address>
         <size>0x3c0</size>
         <input_file_ref idref="fl-23"/>
      </object_component>
      <object_component id="oc-f5">
         <name>.text</name>
         <load_address>0x12678</load_address>
         <run_address>0x12678</run_address>
         <size>0x388</size>
         <input_file_ref idref="fl-5"/>
      </object_component>
      <object_component id="oc-345">
         <name>.text</name>
         <load_address>0x12a00</load_address>
         <run_address>0x12a00</run_address>
         <size>0x388</size>
         <input_file_ref idref="fl-3b"/>
      </object_component>
      <object_component id="oc-137">
         <name>.text</name>
         <load_address>0x12d88</load_address>
         <run_address>0x12d88</run_address>
         <size>0x374</size>
         <input_file_ref idref="fl-7"/>
      </object_component>
      <object_component id="oc-46e">
         <name>.text</name>
         <load_address>0x130fc</load_address>
         <run_address>0x130fc</run_address>
         <size>0x2f4</size>
         <input_file_ref idref="fl-51"/>
      </object_component>
      <object_component id="oc-33f">
         <name>.text</name>
         <load_address>0x133f0</load_address>
         <run_address>0x133f0</run_address>
         <size>0x2de</size>
         <input_file_ref idref="fl-39"/>
      </object_component>
      <object_component id="oc-18e">
         <name>.text</name>
         <load_address>0x136d0</load_address>
         <run_address>0x136d0</run_address>
         <size>0x2c8</size>
         <input_file_ref idref="fl-12"/>
      </object_component>
      <object_component id="oc-54d">
         <name>.text:_pconv_a</name>
         <load_address>0x13998</load_address>
         <run_address>0x13998</run_address>
         <size>0x270</size>
         <input_file_ref idref="fl-124"/>
      </object_component>
      <object_component id="oc-4ea">
         <name>.text</name>
         <load_address>0x13c08</load_address>
         <run_address>0x13c08</run_address>
         <size>0x1d2</size>
         <input_file_ref idref="fl-4d"/>
      </object_component>
      <object_component id="oc-53b">
         <name>.text:_pconv_g</name>
         <load_address>0x13ddc</load_address>
         <run_address>0x13ddc</run_address>
         <size>0x1d0</size>
         <input_file_ref idref="fl-124"/>
      </object_component>
      <object_component id="oc-57c">
         <name>.text</name>
         <load_address>0x13fac</load_address>
         <run_address>0x13fac</run_address>
         <size>0x1b6</size>
         <input_file_ref idref="fl-126"/>
      </object_component>
      <object_component id="oc-547">
         <name>.text:_pconv_e</name>
         <load_address>0x14164</load_address>
         <run_address>0x14164</run_address>
         <size>0x13c</size>
         <input_file_ref idref="fl-124"/>
      </object_component>
      <object_component id="oc-2f">
         <name>.text</name>
         <load_address>0x142a0</load_address>
         <run_address>0x142a0</run_address>
         <size>0x13c</size>
         <input_file_ref idref="fl-10"/>
      </object_component>
      <object_component id="oc-581">
         <name>.text</name>
         <load_address>0x143dc</load_address>
         <run_address>0x143dc</run_address>
         <size>0x136</size>
         <input_file_ref idref="fl-128"/>
      </object_component>
      <object_component id="oc-194">
         <name>.text</name>
         <load_address>0x14512</load_address>
         <run_address>0x14512</run_address>
         <size>0x12a</size>
         <input_file_ref idref="fl-b"/>
      </object_component>
      <object_component id="oc-125">
         <name>.text</name>
         <load_address>0x1463c</load_address>
         <run_address>0x1463c</run_address>
         <size>0x128</size>
         <input_file_ref idref="fl-34"/>
      </object_component>
      <object_component id="oc-677">
         <name>.text:fcvt</name>
         <load_address>0x14764</load_address>
         <run_address>0x14764</run_address>
         <size>0x124</size>
         <input_file_ref idref="fl-124"/>
      </object_component>
      <object_component id="oc-586">
         <name>.text:scalbn</name>
         <load_address>0x14888</load_address>
         <run_address>0x14888</run_address>
         <size>0x110</size>
         <input_file_ref idref="fl-123"/>
      </object_component>
      <object_component id="oc-2cd">
         <name>.text:strtoul</name>
         <load_address>0x14998</load_address>
         <run_address>0x14998</run_address>
         <size>0x110</size>
         <input_file_ref idref="fl-120"/>
      </object_component>
      <object_component id="oc-577">
         <name>.text</name>
         <load_address>0x14aa8</load_address>
         <run_address>0x14aa8</run_address>
         <size>0xfc</size>
         <input_file_ref idref="fl-129"/>
      </object_component>
      <object_component id="oc-de">
         <name>.text</name>
         <load_address>0x14ba4</load_address>
         <run_address>0x14ba4</run_address>
         <size>0xf0</size>
         <input_file_ref idref="fl-56"/>
      </object_component>
      <object_component id="oc-326">
         <name>.text</name>
         <load_address>0x14c94</load_address>
         <run_address>0x14c94</run_address>
         <size>0xec</size>
         <input_file_ref idref="fl-52"/>
      </object_component>
      <object_component id="oc-2a">
         <name>.text</name>
         <load_address>0x14d80</load_address>
         <run_address>0x14d80</run_address>
         <size>0xda</size>
         <input_file_ref idref="fl-11"/>
      </object_component>
      <object_component id="oc-31a">
         <name>.text</name>
         <load_address>0x14e5a</load_address>
         <run_address>0x14e5a</run_address>
         <size>0xc8</size>
         <input_file_ref idref="fl-53"/>
      </object_component>
      <object_component id="oc-530">
         <name>.text:_ltostr</name>
         <load_address>0x14f24</load_address>
         <run_address>0x14f24</run_address>
         <size>0xb1</size>
         <input_file_ref idref="fl-124"/>
      </object_component>
      <object_component id="oc-2d3">
         <name>.text</name>
         <load_address>0x14fd8</load_address>
         <run_address>0x14fd8</run_address>
         <size>0xac</size>
         <input_file_ref idref="fl-55"/>
      </object_component>
      <object_component id="oc-55">
         <name>.text</name>
         <load_address>0x15084</load_address>
         <run_address>0x15084</run_address>
         <size>0x9c</size>
         <input_file_ref idref="fl-114"/>
      </object_component>
      <object_component id="oc-64e">
         <name>.text</name>
         <load_address>0x15120</load_address>
         <run_address>0x15120</run_address>
         <size>0x96</size>
         <input_file_ref idref="fl-12c"/>
      </object_component>
      <object_component id="oc-536">
         <name>.text:__aeabi_cdcmple</name>
         <load_address>0x151b6</load_address>
         <run_address>0x151b6</run_address>
         <size>0x86</size>
         <input_file_ref idref="fl-127"/>
      </object_component>
      <object_component id="oc-655">
         <name>.text:__aeabi_cdrcmple</name>
         <load_address>0x1523c</load_address>
         <run_address>0x1523c</run_address>
         <size>0x86</size>
         <input_file_ref idref="fl-127"/>
      </object_component>
      <object_component id="oc-f0">
         <name>.text</name>
         <load_address>0x152c2</load_address>
         <run_address>0x152c2</run_address>
         <size>0x7a</size>
         <input_file_ref idref="fl-116"/>
      </object_component>
      <object_component id="oc-670">
         <name>.text:_mcpy</name>
         <load_address>0x1533c</load_address>
         <run_address>0x1533c</run_address>
         <size>0x6e</size>
         <input_file_ref idref="fl-124"/>
      </object_component>
      <object_component id="oc-2c8">
         <name>.text</name>
         <load_address>0x153aa</load_address>
         <run_address>0x153aa</run_address>
         <size>0x6e</size>
         <input_file_ref idref="fl-112"/>
      </object_component>
      <object_component id="oc-253">
         <name>.text</name>
         <load_address>0x15418</load_address>
         <run_address>0x15418</run_address>
         <size>0x68</size>
         <input_file_ref idref="fl-4"/>
      </object_component>
      <object_component id="oc-1a6">
         <name>.text</name>
         <load_address>0x15480</load_address>
         <run_address>0x15480</run_address>
         <size>0x68</size>
         <input_file_ref idref="fl-54"/>
      </object_component>
      <object_component id="oc-12">
         <name>.text:decompress:lzss:__TI_decompress_lzss</name>
         <load_address>0x154e8</load_address>
         <run_address>0x154e8</run_address>
         <size>0x68</size>
         <input_file_ref idref="fl-119"/>
      </object_component>
      <object_component id="oc-685">
         <name>.text:frexp</name>
         <load_address>0x15550</load_address>
         <run_address>0x15550</run_address>
         <size>0x64</size>
         <input_file_ref idref="fl-13a"/>
      </object_component>
      <object_component id="oc-541">
         <name>.text:_pconv_f</name>
         <load_address>0x155b4</load_address>
         <run_address>0x155b4</run_address>
         <size>0x56</size>
         <input_file_ref idref="fl-124"/>
      </object_component>
      <object_component id="oc-65f">
         <name>.text:ltoa</name>
         <load_address>0x1560a</load_address>
         <run_address>0x1560a</run_address>
         <size>0x54</size>
         <input_file_ref idref="fl-135"/>
      </object_component>
      <object_component id="oc-66a">
         <name>.text:_ecpy</name>
         <load_address>0x1565e</load_address>
         <run_address>0x1565e</run_address>
         <size>0x52</size>
         <input_file_ref idref="fl-124"/>
      </object_component>
      <object_component id="oc-26d">
         <name>.text</name>
         <load_address>0x156b0</load_address>
         <run_address>0x156b0</run_address>
         <size>0x50</size>
         <input_file_ref idref="fl-113"/>
      </object_component>
      <object_component id="oc-52a">
         <name>.text:atoi</name>
         <load_address>0x15700</load_address>
         <run_address>0x15700</run_address>
         <size>0x4c</size>
         <input_file_ref idref="fl-133"/>
      </object_component>
      <object_component id="oc-65a">
         <name>.text</name>
         <load_address>0x1574c</load_address>
         <run_address>0x1574c</run_address>
         <size>0x48</size>
         <input_file_ref idref="fl-12a"/>
      </object_component>
      <object_component id="oc-36f">
         <name>.text:__TI_auto_init_nobinit_nopinit:__TI_auto_init_nobinit_nopinit</name>
         <load_address>0x15794</load_address>
         <run_address>0x15794</run_address>
         <size>0x44</size>
         <input_file_ref idref="fl-12d"/>
      </object_component>
      <object_component id="oc-c5">
         <name>.text</name>
         <load_address>0x157d8</load_address>
         <run_address>0x157d8</run_address>
         <size>0x40</size>
         <input_file_ref idref="fl-115"/>
      </object_component>
      <object_component id="oc-1c8">
         <name>.text:sprintf</name>
         <load_address>0x15818</load_address>
         <run_address>0x15818</run_address>
         <size>0x40</size>
         <input_file_ref idref="fl-111"/>
      </object_component>
      <object_component id="oc-67d">
         <name>.text:_fcpy</name>
         <load_address>0x15858</load_address>
         <run_address>0x15858</run_address>
         <size>0x3e</size>
         <input_file_ref idref="fl-124"/>
      </object_component>
      <object_component id="oc-237">
         <name>.text</name>
         <load_address>0x15896</load_address>
         <run_address>0x15896</run_address>
         <size>0x3e</size>
         <input_file_ref idref="fl-17"/>
      </object_component>
      <object_component id="oc-73">
         <name>.text:_c_int00_noargs:_c_int00_noargs</name>
         <load_address>0x158d4</load_address>
         <run_address>0x158d4</run_address>
         <size>0x34</size>
         <input_file_ref idref="fl-121"/>
      </object_component>
      <object_component id="oc-665">
         <name>.text</name>
         <load_address>0x15908</load_address>
         <run_address>0x15908</run_address>
         <size>0x2e</size>
         <input_file_ref idref="fl-12b"/>
      </object_component>
      <object_component id="oc-2bc">
         <name>.text:strncmp</name>
         <load_address>0x15936</load_address>
         <run_address>0x15936</run_address>
         <size>0x2c</size>
         <input_file_ref idref="fl-11e"/>
      </object_component>
      <object_component id="oc-1af">
         <name>.text:GetOverflowCounts</name>
         <load_address>0x15964</load_address>
         <run_address>0x15964</run_address>
         <size>0x24</size>
         <input_file_ref idref="fl-54"/>
      </object_component>
      <object_component id="oc-41">
         <name>.text</name>
         <load_address>0x15988</load_address>
         <run_address>0x15988</run_address>
         <size>0x24</size>
         <input_file_ref idref="fl-3e"/>
      </object_component>
      <object_component id="oc-553">
         <name>.text:memccpy</name>
         <load_address>0x159ac</load_address>
         <run_address>0x159ac</run_address>
         <size>0x1c</size>
         <input_file_ref idref="fl-136"/>
      </object_component>
      <object_component id="oc-6af">
         <name>.text:copysign</name>
         <load_address>0x159c8</load_address>
         <run_address>0x159c8</run_address>
         <size>0x1a</size>
         <input_file_ref idref="fl-138"/>
      </object_component>
      <object_component id="oc-3d3">
         <name>.text:_outs</name>
         <load_address>0x159e2</load_address>
         <run_address>0x159e2</run_address>
         <size>0x18</size>
         <input_file_ref idref="fl-111"/>
      </object_component>
      <object_component id="oc-460">
         <name>.text:strcmp</name>
         <load_address>0x159fa</load_address>
         <run_address>0x159fa</run_address>
         <size>0x18</size>
         <input_file_ref idref="fl-11b"/>
      </object_component>
      <object_component id="oc-68b">
         <name>.text:strchr</name>
         <load_address>0x15a12</load_address>
         <run_address>0x15a12</run_address>
         <size>0x16</size>
         <input_file_ref idref="fl-137"/>
      </object_component>
      <object_component id="oc-1bc">
         <name>.text:strcpy</name>
         <load_address>0x15a28</load_address>
         <run_address>0x15a28</run_address>
         <size>0x14</size>
         <input_file_ref idref="fl-11c"/>
      </object_component>
      <object_component id="oc-1c2">
         <name>.text:strlen</name>
         <load_address>0x15a3c</load_address>
         <run_address>0x15a3c</run_address>
         <size>0x14</size>
         <input_file_ref idref="fl-11d"/>
      </object_component>
      <object_component id="oc-2c2">
         <name>.text:atof</name>
         <load_address>0x15a50</load_address>
         <run_address>0x15a50</run_address>
         <size>0x12</size>
         <input_file_ref idref="fl-11a"/>
      </object_component>
      <object_component id="oc-559">
         <name>.text:wcslen</name>
         <load_address>0x15a62</load_address>
         <run_address>0x15a62</run_address>
         <size>0x12</size>
         <input_file_ref idref="fl-139"/>
      </object_component>
      <object_component id="oc-18">
         <name>.text:decompress:none:__TI_decompress_none</name>
         <load_address>0x15a74</load_address>
         <run_address>0x15a74</run_address>
         <size>0xe</size>
         <input_file_ref idref="fl-118"/>
      </object_component>
      <object_component id="oc-67">
         <name>.text:decompress:ZI:__TI_zero_init</name>
         <load_address>0x15a82</load_address>
         <run_address>0x15a82</run_address>
         <size>0xc</size>
         <input_file_ref idref="fl-117"/>
      </object_component>
      <object_component id="oc-24">
         <name>.text</name>
         <load_address>0x15a8e</load_address>
         <run_address>0x15a8e</run_address>
         <size>0xc</size>
         <input_file_ref idref="fl-6"/>
      </object_component>
      <object_component id="oc-3d9">
         <name>.text:_outc</name>
         <load_address>0x15a9a</load_address>
         <run_address>0x15a9a</run_address>
         <size>0xa</size>
         <input_file_ref idref="fl-111"/>
      </object_component>
      <object_component id="oc-455">
         <name>.text:__aeabi_errno_addr</name>
         <load_address>0x15aa4</load_address>
         <run_address>0x15aa4</run_address>
         <size>0x8</size>
         <input_file_ref idref="fl-122"/>
      </object_component>
      <object_component id="oc-246">
         <name>.text:SysCtlDelay</name>
         <load_address>0x15aac</load_address>
         <run_address>0x15aac</run_address>
         <size>0x6</size>
         <input_file_ref idref="fl-2c"/>
      </object_component>
      <object_component id="oc-172">
         <name>.text:_system_pre_init</name>
         <load_address>0x15ab2</load_address>
         <run_address>0x15ab2</run_address>
         <size>0x4</size>
         <input_file_ref idref="fl-12e"/>
      </object_component>
      <object_component id="oc-363">
         <name>.text:abort:abort</name>
         <load_address>0x15ab6</load_address>
         <run_address>0x15ab6</run_address>
         <size>0x4</size>
         <input_file_ref idref="fl-130"/>
      </object_component>
      <object_component id="oc-405">
         <name>.const:crctttab</name>
         <load_address>0x15ac0</load_address>
         <run_address>0x15ac0</run_address>
         <size>0x200</size>
         <input_file_ref idref="fl-4"/>
      </object_component>
      <object_component id="oc-46b">
         <name>.const:.string</name>
         <load_address>0x15cc0</load_address>
         <run_address>0x15cc0</run_address>
         <size>0x1d2</size>
         <input_file_ref idref="fl-3"/>
      </object_component>
      <object_component id="oc-243">
         <name>.const:g_pppui32XTALtoVCO</name>
         <load_address>0x15e94</load_address>
         <run_address>0x15e94</run_address>
         <size>0x1b0</size>
         <input_file_ref idref="fl-2c"/>
      </object_component>
      <object_component id="oc-45b">
         <name>.const:.string:_ctypes_</name>
         <load_address>0x16044</load_address>
         <run_address>0x16044</run_address>
         <size>0x101</size>
         <input_file_ref idref="fl-134"/>
      </object_component>
      <object_component id="oc-25e">
         <name>.const:g_ppui32GPIOIntMapSnowflake</name>
         <load_address>0x16148</load_address>
         <run_address>0x16148</run_address>
         <size>0xd8</size>
         <input_file_ref idref="fl-20"/>
      </object_component>
      <object_component id="oc-58c">
         <name>.const:$O1$$</name>
         <load_address>0x16220</load_address>
         <run_address>0x16220</run_address>
         <size>0xc8</size>
         <input_file_ref idref="fl-11f"/>
      </object_component>
      <object_component id="oc-25b">
         <name>.const:g_ppui32GPIOIntMapBlizzard</name>
         <load_address>0x162e8</load_address>
         <run_address>0x162e8</run_address>
         <size>0xc0</size>
         <input_file_ref idref="fl-20"/>
      </object_component>
      <object_component id="oc-2ab">
         <name>.const:g_pui32Regs</name>
         <load_address>0x163a8</load_address>
         <run_address>0x163a8</run_address>
         <size>0x9c</size>
         <input_file_ref idref="fl-23"/>
      </object_component>
      <object_component id="oc-261">
         <name>.const:g_pui32GPIOBaseAddrs</name>
         <load_address>0x16444</load_address>
         <run_address>0x16444</run_address>
         <size>0x90</size>
         <input_file_ref idref="fl-20"/>
      </object_component>
      <object_component id="oc-23d">
         <name>.const:g_pui32Xtals</name>
         <load_address>0x164d4</load_address>
         <run_address>0x164d4</run_address>
         <size>0x6c</size>
         <input_file_ref idref="fl-2c"/>
      </object_component>
      <object_component id="oc-27b">
         <name>.const:g_ppui32TimerIntMap</name>
         <load_address>0x16540</load_address>
         <run_address>0x16540</run_address>
         <size>0x60</size>
         <input_file_ref idref="fl-2f"/>
      </object_component>
      <object_component id="oc-27e">
         <name>.const:g_ppui32TimerIntMapSnowflake</name>
         <load_address>0x165a0</load_address>
         <run_address>0x165a0</run_address>
         <size>0x40</size>
         <input_file_ref idref="fl-2f"/>
      </object_component>
      <object_component id="oc-1f5">
         <name>.const:g_ppui32UARTIntMap</name>
         <load_address>0x165e0</load_address>
         <run_address>0x165e0</run_address>
         <size>0x40</size>
         <input_file_ref idref="fl-30"/>
      </object_component>
      <object_component id="oc-1f8">
         <name>.const:g_ppui32UARTIntMapSnowflake</name>
         <load_address>0x16620</load_address>
         <run_address>0x16620</run_address>
         <size>0x40</size>
         <input_file_ref idref="fl-30"/>
      </object_component>
      <object_component id="oc-60c">
         <name>.const:.string:g_pui8ConfigString</name>
         <load_address>0x16660</load_address>
         <run_address>0x16660</run_address>
         <size>0x36</size>
         <input_file_ref idref="fl-8"/>
      </object_component>
      <object_component id="oc-33c">
         <name>.const:g_psUSBDStdRequests</name>
         <load_address>0x16698</load_address>
         <run_address>0x16698</run_address>
         <size>0x34</size>
         <input_file_ref idref="fl-3d"/>
      </object_component>
      <object_component id="oc-487">
         <name>.const:g_sCDCHandlers</name>
         <load_address>0x166cc</load_address>
         <run_address>0x166cc</run_address>
         <size>0x30</size>
         <input_file_ref idref="fl-38"/>
      </object_component>
      <object_component id="oc-234">
         <name>.const:g_sXTALtoMEMTIM</name>
         <load_address>0x166fc</load_address>
         <run_address>0x166fc</run_address>
         <size>0x30</size>
         <input_file_ref idref="fl-2c"/>
      </object_component>
      <object_component id="oc-609">
         <name>.const:.string:g_pui8ControlInterfaceString</name>
         <load_address>0x1672c</load_address>
         <run_address>0x1672c</run_address>
         <size>0x2c</size>
         <input_file_ref idref="fl-8"/>
      </object_component>
      <object_component id="oc-600">
         <name>.const:.string:g_pui8ManufacturerString</name>
         <load_address>0x16758</load_address>
         <run_address>0x16758</run_address>
         <size>0x24</size>
         <input_file_ref idref="fl-8"/>
      </object_component>
      <object_component id="oc-784">
         <name>.const:.string:g_pui8CDCSerCommInterface</name>
         <load_address>0x1677c</load_address>
         <run_address>0x1677c</run_address>
         <size>0x23</size>
         <input_file_ref idref="fl-38"/>
      </object_component>
      <object_component id="oc-603">
         <name>.const:.string:g_pui8ProductString</name>
         <load_address>0x1679f</load_address>
         <run_address>0x1679f</run_address>
         <size>0x22</size>
         <input_file_ref idref="fl-8"/>
      </object_component>
      <object_component id="oc-2a8">
         <name>.const:g_pui32Priority</name>
         <load_address>0x167c4</load_address>
         <run_address>0x167c4</run_address>
         <size>0x20</size>
         <input_file_ref idref="fl-23"/>
      </object_component>
      <object_component id="oc-4b6">
         <name>.const:g_ppui8StringDescriptors</name>
         <load_address>0x167e4</load_address>
         <run_address>0x167e4</run_address>
         <size>0x18</size>
         <input_file_ref idref="fl-8"/>
      </object_component>
      <object_component id="oc-789">
         <name>.const:.string:g_pui8CDCSerDataInterface</name>
         <load_address>0x167fc</load_address>
         <run_address>0x167fc</run_address>
         <size>0x17</size>
         <input_file_ref idref="fl-38"/>
      </object_component>
      <object_component id="oc-78e">
         <name>.const:.string:g_pui8CDCSerDataInterfaceHS</name>
         <load_address>0x16813</load_address>
         <run_address>0x16813</run_address>
         <size>0x17</size>
         <input_file_ref idref="fl-38"/>
      </object_component>
      <object_component id="oc-2b1">
         <name>.const:g_pui32Dii16Regs</name>
         <load_address>0x1682c</load_address>
         <run_address>0x1682c</run_address>
         <size>0x14</size>
         <input_file_ref idref="fl-23"/>
      </object_component>
      <object_component id="oc-2ae">
         <name>.const:g_pui32EnRegs</name>
         <load_address>0x16840</load_address>
         <run_address>0x16840</run_address>
         <size>0x14</size>
         <input_file_ref idref="fl-23"/>
      </object_component>
      <object_component id="oc-2b4">
         <name>.const:g_pui32PendRegs</name>
         <load_address>0x16854</load_address>
         <run_address>0x16854</run_address>
         <size>0x14</size>
         <input_file_ref idref="fl-23"/>
      </object_component>
      <object_component id="oc-2b7">
         <name>.const:g_pui32UnpendRegs</name>
         <load_address>0x16868</load_address>
         <run_address>0x16868</run_address>
         <size>0x14</size>
         <input_file_ref idref="fl-23"/>
      </object_component>
      <object_component id="oc-606">
         <name>.const:.string:g_pui8SerialNumberString</name>
         <load_address>0x1687c</load_address>
         <run_address>0x1687c</run_address>
         <size>0x12</size>
         <input_file_ref idref="fl-8"/>
      </object_component>
      <object_component id="oc-220">
         <name>.const:.string</name>
         <load_address>0x16890</load_address>
         <run_address>0x16890</run_address>
         <size>0x12</size>
         <input_file_ref idref="fl-57"/>
      </object_component>
      <object_component id="oc-b6">
         <name>.const:g_ui32UARTBase</name>
         <load_address>0x168a4</load_address>
         <run_address>0x168a4</run_address>
         <size>0xc</size>
         <input_file_ref idref="fl-57"/>
      </object_component>
      <object_component id="oc-bc">
         <name>.const:g_ui32UARTInt</name>
         <load_address>0x168b0</load_address>
         <run_address>0x168b0</run_address>
         <size>0xc</size>
         <input_file_ref idref="fl-57"/>
      </object_component>
      <object_component id="oc-b9">
         <name>.const:g_ui32UARTPeriph</name>
         <load_address>0x168bc</load_address>
         <run_address>0x168bc</run_address>
         <size>0xc</size>
         <input_file_ref idref="fl-57"/>
      </object_component>
      <object_component id="oc-240">
         <name>.const:g_pui32VCOFrequencies</name>
         <load_address>0x168c8</load_address>
         <run_address>0x168c8</run_address>
         <size>0x8</size>
         <input_file_ref idref="fl-2c"/>
      </object_component>
      <object_component id="oc-5e8">
         <name>.const:g_sCDCCompSerConfigHeader</name>
         <load_address>0x168d0</load_address>
         <run_address>0x168d0</run_address>
         <size>0x8</size>
         <input_file_ref idref="fl-38"/>
      </object_component>
      <object_component id="oc-5ed">
         <name>.const:g_sCDCCompSerConfigHeaderHS</name>
         <load_address>0x168d8</load_address>
         <run_address>0x168d8</run_address>
         <size>0x8</size>
         <input_file_ref idref="fl-38"/>
      </object_component>
      <object_component id="oc-763">
         <name>.const:g_sCDCSerCommInterfaceSection</name>
         <load_address>0x168e0</load_address>
         <run_address>0x168e0</run_address>
         <size>0x8</size>
         <input_file_ref idref="fl-38"/>
      </object_component>
      <object_component id="oc-5de">
         <name>.const:g_sCDCSerConfigHeader</name>
         <load_address>0x168e8</load_address>
         <run_address>0x168e8</run_address>
         <size>0x8</size>
         <input_file_ref idref="fl-38"/>
      </object_component>
      <object_component id="oc-5e3">
         <name>.const:g_sCDCSerConfigHeaderHS</name>
         <load_address>0x168f0</load_address>
         <run_address>0x168f0</run_address>
         <size>0x8</size>
         <input_file_ref idref="fl-38"/>
      </object_component>
      <object_component id="oc-760">
         <name>.const:g_sCDCSerConfigSection</name>
         <load_address>0x168f8</load_address>
         <run_address>0x168f8</run_address>
         <size>0x8</size>
         <input_file_ref idref="fl-38"/>
      </object_component>
      <object_component id="oc-766">
         <name>.const:g_sCDCSerDataInterfaceSection</name>
         <load_address>0x16900</load_address>
         <run_address>0x16900</run_address>
         <size>0x8</size>
         <input_file_ref idref="fl-38"/>
      </object_component>
      <object_component id="oc-76b">
         <name>.const:g_sCDCSerDataInterfaceSectionHS</name>
         <load_address>0x16908</load_address>
         <run_address>0x16908</run_address>
         <size>0x8</size>
         <input_file_ref idref="fl-38"/>
      </object_component>
      <object_component id="oc-770">
         <name>.const:g_sIADSerConfigSection</name>
         <load_address>0x16910</load_address>
         <run_address>0x16910</run_address>
         <size>0x8</size>
         <input_file_ref idref="fl-38"/>
      </object_component>
      <object_component id="oc-5fd">
         <name>.const:.string:g_pui8LangDescriptor</name>
         <load_address>0x16918</load_address>
         <run_address>0x16918</run_address>
         <size>0x4</size>
         <input_file_ref idref="fl-8"/>
      </object_component>
      <object_component id="oc-493">
         <name>.const:g_pCDCCompSerConfigDescriptors</name>
         <load_address>0x1691c</load_address>
         <run_address>0x1691c</run_address>
         <size>0x4</size>
         <input_file_ref idref="fl-38"/>
      </object_component>
      <object_component id="oc-496">
         <name>.const:g_pCDCCompSerConfigDescriptorsHS</name>
         <load_address>0x16920</load_address>
         <run_address>0x16920</run_address>
         <size>0x4</size>
         <input_file_ref idref="fl-38"/>
      </object_component>
      <object_component id="oc-48d">
         <name>.const:g_ppCDCSerConfigDescriptors</name>
         <load_address>0x16924</load_address>
         <run_address>0x16924</run_address>
         <size>0x4</size>
         <input_file_ref idref="fl-38"/>
      </object_component>
      <object_component id="oc-490">
         <name>.const:g_ppCDCSerConfigDescriptorsHS</name>
         <load_address>0x16928</load_address>
         <run_address>0x16928</run_address>
         <size>0x4</size>
         <input_file_ref idref="fl-38"/>
      </object_component>
      <object_component id="oc-8b">
         <name>.const</name>
         <load_address>0x1692c</load_address>
         <run_address>0x1692c</run_address>
         <size>0x4</size>
         <input_file_ref idref="fl-10"/>
      </object_component>
      <object_component id="oc-ca">
         <name>.const</name>
         <load_address>0x16930</load_address>
         <run_address>0x16930</run_address>
         <size>0x4</size>
         <input_file_ref idref="fl-57"/>
      </object_component>
      <object_component id="oc-7ca">
         <name>.cinit..data.load</name>
         <load_address>0x16938</load_address>
         <run_address>0x16938</run_address>
         <size>0x162</size>
      </object_component>
      <object_component id="oc-7c7">
         <name>__TI_handler_table</name>
         <load_address>0x16a9c</load_address>
         <run_address>0x16a9c</run_address>
         <size>0xc</size>
      </object_component>
      <object_component id="oc-7cb">
         <name>.cinit..bss.load</name>
         <load_address>0x16aa8</load_address>
         <run_address>0x16aa8</run_address>
         <size>0x8</size>
      </object_component>
      <object_component id="oc-7c9">
         <name>.cinit..vtable.load</name>
         <load_address>0x16ab0</load_address>
         <run_address>0x16ab0</run_address>
         <size>0x8</size>
      </object_component>
      <object_component id="oc-7c8">
         <name>__TI_cinit_table</name>
         <load_address>0x16ab8</load_address>
         <run_address>0x16ab8</run_address>
         <size>0x18</size>
      </object_component>
      <object_component id="oc-2a5">
         <name>.vtable</name>
         <uninitialized>true</uninitialized>
         <run_address>0x20000000</run_address>
         <size>0x26c</size>
         <input_file_ref idref="fl-23"/>
      </object_component>
      <object_component id="oc-ea">
         <name>.data</name>
         <load_address>0x20006558</load_address>
         <run_address>0x20006558</run_address>
         <size>0x9</size>
         <input_file_ref idref="fl-2"/>
      </object_component>
      <object_component id="oc-2d9">
         <name>.data:g_psCmdTable</name>
         <load_address>0x200062e0</load_address>
         <run_address>0x200062e0</run_address>
         <size>0x90</size>
         <input_file_ref idref="fl-3"/>
      </object_component>
      <object_component id="oc-2f5">
         <name>.data</name>
         <load_address>0x2000656c</load_address>
         <run_address>0x2000656c</run_address>
         <size>0x9</size>
         <input_file_ref idref="fl-7"/>
      </object_component>
      <object_component id="oc-2f8">
         <name>.data:ConfigLinea</name>
         <load_address>0x20006594</load_address>
         <run_address>0x20006594</run_address>
         <size>0x7</size>
         <input_file_ref idref="fl-7"/>
      </object_component>
      <object_component id="oc-2fe">
         <name>.data:g_sCDCDevice</name>
         <load_address>0x20006370</load_address>
         <run_address>0x20006370</run_address>
         <size>0x60</size>
         <input_file_ref idref="fl-8"/>
      </object_component>
      <object_component id="oc-2ef">
         <name>.data:g_sRxBuffer</name>
         <load_address>0x2000640c</load_address>
         <run_address>0x2000640c</run_address>
         <size>0x38</size>
         <input_file_ref idref="fl-8"/>
      </object_component>
      <object_component id="oc-2fb">
         <name>.data:g_sTxBuffer</name>
         <load_address>0x20006444</load_address>
         <run_address>0x20006444</run_address>
         <size>0x38</size>
         <input_file_ref idref="fl-8"/>
      </object_component>
      <object_component id="oc-88">
         <name>.data</name>
         <load_address>0x200063d0</load_address>
         <run_address>0x200063d0</run_address>
         <size>0x3c</size>
         <input_file_ref idref="fl-e"/>
      </object_component>
      <object_component id="oc-288">
         <name>.data</name>
         <load_address>0x20006534</load_address>
         <run_address>0x20006534</run_address>
         <size>0xc</size>
         <input_file_ref idref="fl-f"/>
      </object_component>
      <object_component id="oc-95">
         <name>.data</name>
         <load_address>0x2000659c</load_address>
         <run_address>0x2000659c</run_address>
         <size>0x4</size>
         <input_file_ref idref="fl-10"/>
      </object_component>
      <object_component id="oc-3ad">
         <name>.data</name>
         <load_address>0x2000650c</load_address>
         <run_address>0x2000650c</run_address>
         <size>0x10</size>
         <input_file_ref idref="fl-12"/>
      </object_component>
      <object_component id="oc-2a0">
         <name>.data</name>
         <load_address>0x20006575</load_address>
         <run_address>0x20006575</run_address>
         <size>0x3</size>
         <input_file_ref idref="fl-34"/>
      </object_component>
      <object_component id="oc-276">
         <name>.data</name>
         <load_address>0x200065a0</load_address>
         <run_address>0x200065a0</run_address>
         <size>0x4</size>
         <input_file_ref idref="fl-35"/>
      </object_component>
      <object_component id="oc-48a">
         <name>.data:g_pui8CDCSerDeviceDescriptor</name>
         <load_address>0x200064d8</load_address>
         <run_address>0x200064d8</run_address>
         <size>0x12</size>
         <input_file_ref idref="fl-38"/>
      </object_component>
      <object_component id="oc-499">
         <name>.data:g_pui8CDCSerDescriptor</name>
         <load_address>0x20006561</load_address>
         <run_address>0x20006561</run_address>
         <size>0x9</size>
         <input_file_ref idref="fl-38"/>
      </object_component>
      <object_component id="oc-793">
         <name>.data:g_pui8IADSerDescriptor</name>
         <load_address>0x20006581</load_address>
         <run_address>0x20006581</run_address>
         <size>0x8</size>
         <input_file_ref idref="fl-38"/>
      </object_component>
      <object_component id="oc-6f7">
         <name>.data:g_psCDCSerSections</name>
         <load_address>0x2000651c</load_address>
         <run_address>0x2000651c</run_address>
         <size>0xc</size>
         <input_file_ref idref="fl-38"/>
      </object_component>
      <object_component id="oc-6fc">
         <name>.data:g_psCDCSerSectionsHS</name>
         <load_address>0x20006528</load_address>
         <run_address>0x20006528</run_address>
         <size>0xc</size>
         <input_file_ref idref="fl-38"/>
      </object_component>
      <object_component id="oc-701">
         <name>.data:g_psCDCCompSerSections</name>
         <load_address>0x200064ec</load_address>
         <run_address>0x200064ec</run_address>
         <size>0x10</size>
         <input_file_ref idref="fl-38"/>
      </object_component>
      <object_component id="oc-706">
         <name>.data:g_psCDCCompSerSectionsHS</name>
         <load_address>0x200064fc</load_address>
         <run_address>0x200064fc</run_address>
         <size>0x10</size>
         <input_file_ref idref="fl-38"/>
      </object_component>
      <object_component id="oc-484">
         <name>.data</name>
         <load_address>0x200064ea</load_address>
         <run_address>0x200064ea</run_address>
         <size>0x2</size>
         <input_file_ref idref="fl-38"/>
      </object_component>
      <object_component id="oc-333">
         <name>.data</name>
         <load_address>0x2000658c</load_address>
         <run_address>0x2000658c</run_address>
         <size>0x8</size>
         <input_file_ref idref="fl-3d"/>
      </object_component>
      <object_component id="oc-5ae">
         <name>.data</name>
         <load_address>0x200064c4</load_address>
         <run_address>0x200064c4</run_address>
         <size>0x14</size>
         <input_file_ref idref="fl-4a"/>
      </object_component>
      <object_component id="oc-5c0">
         <name>.data:g_sUSBHEP0State</name>
         <load_address>0x200064ac</load_address>
         <run_address>0x200064ac</run_address>
         <size>0x18</size>
         <input_file_ref idref="fl-4a"/>
      </object_component>
      <object_component id="oc-330">
         <name>.data</name>
         <load_address>0x20006578</load_address>
         <run_address>0x20006578</run_address>
         <size>0x9</size>
         <input_file_ref idref="fl-50"/>
      </object_component>
      <object_component id="oc-34b">
         <name>.data</name>
         <load_address>0x2000654c</load_address>
         <run_address>0x2000654c</run_address>
         <size>0xc</size>
         <input_file_ref idref="fl-52"/>
      </object_component>
      <object_component id="oc-230">
         <name>.data:g_pui32CPUUsageTimerPeriph</name>
         <load_address>0x20006494</load_address>
         <run_address>0x20006494</run_address>
         <size>0x18</size>
         <input_file_ref idref="fl-56"/>
      </object_component>
      <object_component id="oc-22a">
         <name>.data:g_pui32CPUUsageTimerBase</name>
         <load_address>0x2000647c</load_address>
         <run_address>0x2000647c</run_address>
         <size>0x18</size>
         <input_file_ref idref="fl-56"/>
      </object_component>
      <object_component id="oc-b0">
         <name>.data</name>
         <load_address>0x20006540</load_address>
         <run_address>0x20006540</run_address>
         <size>0xc</size>
         <input_file_ref idref="fl-57"/>
      </object_component>
      <object_component id="oc-594">
         <name>.data</name>
         <load_address>0x200065a4</load_address>
         <run_address>0x200065a4</run_address>
         <size>0x4</size>
         <input_file_ref idref="fl-122"/>
      </object_component>
      <object_component id="oc-2f2">
         <name>.bss</name>
         <uninitialized>true</uninitialized>
         <run_address>0x20006280</run_address>
         <size>0x8</size>
         <input_file_ref idref="fl-7"/>
      </object_component>
      <object_component id="oc-19a">
         <name>.bss:pxReadyTasksLists</name>
         <uninitialized>true</uninitialized>
         <run_address>0x20005b38</run_address>
         <size>0x140</size>
         <input_file_ref idref="fl-e"/>
      </object_component>
      <object_component id="oc-1b6">
         <name>.bss:xDelayedTaskList1</name>
         <uninitialized>true</uninitialized>
         <run_address>0x200061e4</run_address>
         <size>0x14</size>
         <input_file_ref idref="fl-e"/>
      </object_component>
      <object_component id="oc-1b9">
         <name>.bss:xDelayedTaskList2</name>
         <uninitialized>true</uninitialized>
         <run_address>0x200061f8</run_address>
         <size>0x14</size>
         <input_file_ref idref="fl-e"/>
      </object_component>
      <object_component id="oc-1a0">
         <name>.bss</name>
         <uninitialized>true</uninitialized>
         <run_address>0x20006270</run_address>
         <size>0x8</size>
         <input_file_ref idref="fl-e"/>
      </object_component>
      <object_component id="oc-1ac">
         <name>.bss:xPendingReadyList</name>
         <uninitialized>true</uninitialized>
         <run_address>0x2000620c</run_address>
         <size>0x14</size>
         <input_file_ref idref="fl-e"/>
      </object_component>
      <object_component id="oc-19d">
         <name>.bss:xTasksWaitingTermination</name>
         <uninitialized>true</uninitialized>
         <run_address>0x20006234</run_address>
         <size>0x14</size>
         <input_file_ref idref="fl-e"/>
      </object_component>
      <object_component id="oc-1a3">
         <name>.bss:xSuspendedTaskList</name>
         <uninitialized>true</uninitialized>
         <run_address>0x20006220</run_address>
         <size>0x14</size>
         <input_file_ref idref="fl-e"/>
      </object_component>
      <object_component id="oc-28e">
         <name>.bss:xActiveTimerList1</name>
         <uninitialized>true</uninitialized>
         <run_address>0x200061bc</run_address>
         <size>0x14</size>
         <input_file_ref idref="fl-f"/>
      </object_component>
      <object_component id="oc-291">
         <name>.bss:xActiveTimerList2</name>
         <uninitialized>true</uninitialized>
         <run_address>0x200061d0</run_address>
         <size>0x14</size>
         <input_file_ref idref="fl-f"/>
      </object_component>
      <object_component id="oc-28b">
         <name>.bss</name>
         <uninitialized>true</uninitialized>
         <run_address>0x20006278</run_address>
         <size>0x8</size>
         <input_file_ref idref="fl-f"/>
      </object_component>
      <object_component id="oc-3b3">
         <name>.bss:ucHeap</name>
         <uninitialized>true</uninitialized>
         <run_address>0x2000026c</run_address>
         <size>0x5000</size>
         <input_file_ref idref="fl-12"/>
      </object_component>
      <object_component id="oc-3b0">
         <name>.bss:xStart</name>
         <uninitialized>true</uninitialized>
         <run_address>0x20006290</run_address>
         <size>0x8</size>
         <input_file_ref idref="fl-12"/>
      </object_component>
      <object_component id="oc-283">
         <name>.bss:g_pui8OversampleFactor</name>
         <uninitialized>true</uninitialized>
         <run_address>0x20006268</run_address>
         <size>0x8</size>
         <input_file_ref idref="fl-13"/>
      </object_component>
      <object_component id="oc-273">
         <name>.bss:g_ui32Colors</name>
         <uninitialized>true</uninitialized>
         <run_address>0x20006254</run_address>
         <size>0xc</size>
         <input_file_ref idref="fl-35"/>
      </object_component>
      <object_component id="oc-272">
         <name>.bss</name>
         <uninitialized>true</uninitialized>
         <run_address>0x20006298</run_address>
         <size>0x4</size>
         <input_file_ref idref="fl-35"/>
      </object_component>
      <object_component id="oc-339">
         <name>.bss:g_pui8DataBufferIn</name>
         <uninitialized>true</uninitialized>
         <run_address>0x200060c4</run_address>
         <size>0x40</size>
         <input_file_ref idref="fl-3d"/>
      </object_component>
      <object_component id="oc-336">
         <name>.bss</name>
         <uninitialized>true</uninitialized>
         <run_address>0x2000629c</run_address>
         <size>0x4</size>
         <input_file_ref idref="fl-3d"/>
      </object_component>
      <object_component id="oc-6d0">
         <name>.bss:g_sRootHub</name>
         <uninitialized>true</uninitialized>
         <run_address>0x20005f88</run_address>
         <size>0x9c</size>
         <input_file_ref idref="fl-48"/>
      </object_component>
      <object_component id="oc-6d3">
         <name>.bss</name>
         <uninitialized>true</uninitialized>
         <run_address>0x20006288</run_address>
         <size>0x8</size>
         <input_file_ref idref="fl-48"/>
      </object_component>
      <object_component id="oc-5ba">
         <name>.bss</name>
         <uninitialized>true</uninitialized>
         <run_address>0x200062a0</run_address>
[...]
         <object_component_ref idref="oc-4ea"/>
      </symbol>
      <symbol id="sm-185f">
         <name>USBLibDMASizeGet</name>
         <value>0xa135</value>
         <object_component_ref idref="oc-320"/>
      </symbol>
      <symbol id="sm-1860">
         <name>USBLibDMAAddrGet</name>
         <value>0xa11d</value>
         <object_component_ref idref="oc-320"/>
      </symbol>
      <symbol id="sm-1861">
         <name>USBLibDMAInit</name>
         <value>0xa14d</value>
         <object_component_ref idref="oc-320"/>
      </symbol>
      <symbol id="sm-18d1">
         <name>g_ui32PollRate</name>
         <value>0x200062c4</value>
      </symbol>
      <symbol id="sm-18d2">
         <name>g_eOTGModeState</name>
         <value>0x200062dc</value>
      </symbol>
      <symbol id="sm-18d3">
         <name>USBOTGModeTerm</name>
         <value>0x10e21</value>
         <object_component_ref idref="oc-2e3"/>
      </symbol>
      <symbol id="sm-18d4">
         <name>USB0DualModeIntHandler</name>
         <value>0x10d31</value>
         <object_component_ref idref="oc-2e3"/>
      </symbol>
      <symbol id="sm-18d5">
         <name>USBOTGMain</name>
         <value>0x1107d</value>
         <object_component_ref idref="oc-2e3"/>
      </symbol>
      <symbol id="sm-18d6">
         <name>USB0OTGModeIntHandler</name>
         <value>0x10f71</value>
         <object_component_ref idref="oc-2e3"/>
      </symbol>
      <symbol id="sm-18d7">
         <name>USBDualModeInit</name>
         <value>0x10d7d</value>
         <object_component_ref idref="oc-2e3"/>
      </symbol>
      <symbol id="sm-18d8">
         <name>USBDualModeTerm</name>
         <value>0x10ded</value>
         <object_component_ref idref="oc-2e3"/>
      </symbol>
      <symbol id="sm-18d9">
         <name>g_iUSBMode</name>
         <value>0x20006578</value>
         <object_component_ref idref="oc-330"/>
      </symbol>
      <symbol id="sm-18da">
         <name>USBOTGModeInit</name>
         <value>0x10e5b</value>
         <object_component_ref idref="oc-2e3"/>
      </symbol>
      <symbol id="sm-18db">
         <name>USBStackModeSet</name>
         <value>0x10cf5</value>
         <object_component_ref idref="oc-2e3"/>
      </symbol>
      <symbol id="sm-18dc">
         <name>g_ui32WaitTicks</name>
         <value>0x2000657c</value>
         <object_component_ref idref="oc-330"/>
      </symbol>
      <symbol id="sm-18dd">
         <name>USBOTGPollRate</name>
         <value>0x10f4b</value>
         <object_component_ref idref="oc-2e3"/>
      </symbol>
      <symbol id="sm-18de">
         <name>OTGDeviceDisconnect</name>
         <value>0x11057</value>
         <object_component_ref idref="oc-2e3"/>
      </symbol>
      <symbol id="sm-18df">
         <name>USBOTGFeatureSet</name>
         <value>0x11113</value>
         <object_component_ref idref="oc-2e3"/>
      </symbol>
      <symbol id="sm-1916">
         <name>USBRingBufWrite</name>
         <value>0x13397</value>
         <object_component_ref idref="oc-46e"/>
      </symbol>
      <symbol id="sm-1917">
         <name>USBRingBufContigUsed</name>
         <value>0x13213</value>
         <object_component_ref idref="oc-46e"/>
      </symbol>
      <symbol id="sm-1918">
         <name>USBRingBufFlush</name>
         <value>0x131ab</value>
         <object_component_ref idref="oc-46e"/>
      </symbol>
      <symbol id="sm-1919">
         <name>USBRingBufAdvanceWrite</name>
         <value>0x13315</value>
         <object_component_ref idref="oc-46e"/>
      </symbol>
      <symbol id="sm-191a">
         <name>USBRingBufWriteOne</name>
         <value>0x13371</value>
         <object_component_ref idref="oc-46e"/>
      </symbol>
      <symbol id="sm-191b">
         <name>USBRingBufUsed</name>
         <value>0x131cb</value>
         <object_component_ref idref="oc-46e"/>
      </symbol>
      <symbol id="sm-191c">
         <name>USBRingBufFree</name>
         <value>0x131fd</value>
         <object_component_ref idref="oc-46e"/>
      </symbol>
      <symbol id="sm-191d">
         <name>USBRingBufAdvanceRead</name>
         <value>0x132e7</value>
         <object_component_ref idref="oc-46e"/>
      </symbol>
      <symbol id="sm-191e">
         <name>USBRingBufFull</name>
         <value>0x13147</value>
         <object_component_ref idref="oc-46e"/>
      </symbol>
      <symbol id="sm-191f">
         <name>USBRingBufReadOne</name>
         <value>0x1328b</value>
         <object_component_ref idref="oc-46e"/>
      </symbol>
      <symbol id="sm-1920">
         <name>USBRingBufEmpty</name>
         <value>0x13181</value>
         <object_component_ref idref="oc-46e"/>
      </symbol>
      <symbol id="sm-1921">
         <name>USBRingBufSize</name>
         <value>0x1327d</value>
         <object_component_ref idref="oc-46e"/>
      </symbol>
      <symbol id="sm-1922">
         <name>USBRingBufInit</name>
         <value>0x133cd</value>
         <object_component_ref idref="oc-46e"/>
      </symbol>
      <symbol id="sm-1923">
         <name>USBRingBufRead</name>
         <value>0x132b1</value>
         <object_component_ref idref="oc-46e"/>
      </symbol>
      <symbol id="sm-1924">
         <name>USBRingBufContigFree</name>
         <value>0x13241</value>
         <object_component_ref idref="oc-46e"/>
      </symbol>
      <symbol id="sm-194d">
         <name>g_pfnTickHandlers</name>
         <value>0x20006178</value>
      </symbol>
      <symbol id="sm-194e">
         <name>g_pvTickInstance</name>
         <value>0x20006190</value>
      </symbol>
      <symbol id="sm-194f">
         <name>g_ui32USBSOFCount</name>
         <value>0x20006554</value>
         <object_component_ref idref="oc-34b"/>
      </symbol>
      <symbol id="sm-1950">
         <name>InternalUSBTickReset</name>
         <value>0x14cd3</value>
         <object_component_ref idref="oc-326"/>
      </symbol>
      <symbol id="sm-1951">
         <name>g_bUSBTimerInitialized</name>
         <value>0x2000654c</value>
         <object_component_ref idref="oc-34b"/>
      </symbol>
      <symbol id="sm-1952">
         <name>g_ui32CurrentUSBTick</name>
         <value>0x20006550</value>
         <object_component_ref idref="oc-34b"/>
      </symbol>
      <symbol id="sm-1953">
         <name>InternalUSBStartOfFrameTick</name>
         <value>0x14d2b</value>
         <object_component_ref idref="oc-326"/>
      </symbol>
      <symbol id="sm-1954">
         <name>InternalUSBRegisterTickHandler</name>
         <value>0x14cdb</value>
         <object_component_ref idref="oc-326"/>
      </symbol>
      <symbol id="sm-1955">
         <name>InternalUSBTickInit</name>
         <value>0x14c95</value>
         <object_component_ref idref="oc-326"/>
      </symbol>
      <symbol id="sm-1962">
         <name>ULPIPowerTransceiver</name>
         <value>0x14efd</value>
         <object_component_ref idref="oc-31a"/>
      </symbol>
      <symbol id="sm-1963">
         <name>ULPIConfigSet</name>
         <value>0x14e5b</value>
         <object_component_ref idref="oc-31a"/>
      </symbol>
      <symbol id="sm-197d">
         <name>GetOverflowCounts</name>
         <value>0x15965</value>
         <object_component_ref idref="oc-1af"/>
      </symbol>
      <symbol id="sm-197e">
         <name>vConfigureTimerForRunTimeStats</name>
         <value>0x15481</value>
         <object_component_ref idref="oc-1a6"/>
      </symbol>
      <symbol id="sm-199e">
         <name>CmdLineProcess</name>
         <value>0x14fd9</value>
         <object_component_ref idref="oc-2d3"/>
      </symbol>
      <symbol id="sm-19ca">
         <name>CPUUsageInit</name>
         <value>0x14be3</value>
         <object_component_ref idref="oc-de"/>
      </symbol>
      <symbol id="sm-19cb">
         <name>CPUUsageTick</name>
         <value>0x14ba5</value>
         <object_component_ref idref="oc-de"/>
      </symbol>
      <symbol id="sm-1ac7">
         <name>UARTTxBytesFree</name>
         <value>0xd347</value>
         <object_component_ref idref="oc-35"/>
      </symbol>
      <symbol id="sm-1ac8">
         <name>UARTFlushRx</name>
         <value>0xd353</value>
         <object_component_ref idref="oc-35"/>
      </symbol>
      <symbol id="sm-1ac9">
         <name>UARTgetc</name>
         <value>0xcff5</value>
         <object_component_ref idref="oc-35"/>
      </symbol>
      <symbol id="sm-1aca">
         <name>UARTgets</name>
         <value>0xcbdd</value>
         <object_component_ref idref="oc-35"/>
      </symbol>
      <symbol id="sm-1acb">
         <name>UARTFlushTx</name>
         <value>0xd361</value>
         <object_component_ref idref="oc-35"/>
      </symbol>
      <symbol id="sm-1acc">
         <name>UARTStdioConfig</name>
         <value>0xca27</value>
         <object_component_ref idref="oc-35"/>
      </symbol>
      <symbol id="sm-1acd">
         <name>UARTStdioIntHandler</name>
         <value>0xd3af</value>
         <object_component_ref idref="oc-35"/>
      </symbol>
      <symbol id="sm-1ace">
         <name>UARTRxBytesAvail</name>
         <value>0xd33b</value>
         <object_component_ref idref="oc-35"/>
      </symbol>
      <symbol id="sm-1acf">
         <name>UARTwrite</name>
         <value>0xcb2d</value>
         <object_component_ref idref="oc-35"/>
      </symbol>
      <symbol id="sm-1ad0">
         <name>UARTEchoSet</name>
         <value>0xd387</value>
         <object_component_ref idref="oc-35"/>
      </symbol>
      <symbol id="sm-1ad1">
         <name>UARTprintf</name>
         <value>0xd317</value>
         <object_component_ref idref="oc-35"/>
      </symbol>
      <symbol id="sm-1ad2">
         <name>UARTvprintf</name>
         <value>0xd01d</value>
         <object_component_ref idref="oc-35"/>
      </symbol>
      <symbol id="sm-1af9">
         <name>sprintf</name>
         <value>0x15819</value>
         <object_component_ref idref="oc-1c8"/>
      </symbol>
      <symbol id="sm-1b05">
         <name>__aeabi_d2f</name>
         <value>0x153ab</value>
         <object_component_ref idref="oc-2c8"/>
      </symbol>
      <symbol id="sm-1b0f">
         <name>__aeabi_f2ulz</name>
         <value>0x156b1</value>
         <object_component_ref idref="oc-26d"/>
      </symbol>
      <symbol id="sm-1b2a">
         <name>memcpy</name>
         <value>0x15085</value>
         <object_component_ref idref="oc-55"/>
      </symbol>
      <symbol id="sm-1b2b">
         <name>__aeabi_memcpy</name>
         <value>0x15085</value>
         <object_component_ref idref="oc-55"/>
      </symbol>
      <symbol id="sm-1b2c">
         <name>__aeabi_memcpy8</name>
         <value>0x15085</value>
         <object_component_ref idref="oc-55"/>
      </symbol>
      <symbol id="sm-1b2d">
         <name>__aeabi_memcpy4</name>
         <value>0x15085</value>
         <object_component_ref idref="oc-55"/>
      </symbol>
      <symbol id="sm-1b3c">
         <name>__aeabi_uidivmod</name>
         <value>0x157d9</value>
         <object_component_ref idref="oc-c5"/>
      </symbol>
      <symbol id="sm-1b3d">
         <name>__aeabi_uidiv</name>
         <value>0x157d9</value>
         <object_component_ref idref="oc-c5"/>
      </symbol>
      <symbol id="sm-1b4c">
         <name>__aeabi_memset</name>
         <value>0x152c5</value>
         <object_component_ref idref="oc-f0"/>
      </symbol>
      <symbol id="sm-1b4d">
         <name>memset</name>
         <value>0x152cb</value>
         <object_component_ref idref="oc-f0"/>
      </symbol>
      <symbol id="sm-1b4e">
         <name>__aeabi_memset8</name>
         <value>0x152c5</value>
         <object_component_ref idref="oc-f0"/>
      </symbol>
      <symbol id="sm-1b4f">
         <name>__aeabi_memset4</name>
         <value>0x152c5</value>
         <object_component_ref idref="oc-f0"/>
      </symbol>
      <symbol id="sm-1b50">
         <name>__aeabi_memclr8</name>
         <value>0x152c3</value>
         <object_component_ref idref="oc-f0"/>
      </symbol>
      <symbol id="sm-1b51">
         <name>__aeabi_memclr4</name>
         <value>0x152c3</value>
         <object_component_ref idref="oc-f0"/>
      </symbol>
      <symbol id="sm-1b52">
         <name>__aeabi_memclr</name>
         <value>0x152c3</value>
         <object_component_ref idref="oc-f0"/>
      </symbol>
      <symbol id="sm-1b64">
         <name>__TI_zero_init</name>
         <value>0x15a83</value>
         <object_component_ref idref="oc-67"/>
      </symbol>
      <symbol id="sm-1b7b">
         <name>__TI_decompress_none</name>
         <value>0x15a75</value>
         <object_component_ref idref="oc-18"/>
      </symbol>
      <symbol id="sm-1b9e">
         <name>__TI_decompress_lzss</name>
         <value>0x154e9</value>
         <object_component_ref idref="oc-12"/>
      </symbol>
      <symbol id="sm-1bab">
         <name>atof</name>
         <value>0x15a51</value>
         <object_component_ref idref="oc-2c2"/>
      </symbol>
      <symbol id="sm-1bba">
         <name>strcmp</name>
         <value>0x159fb</value>
         <object_component_ref idref="oc-460"/>
      </symbol>
      <symbol id="sm-1bc8">
         <name>strcpy</name>
         <value>0x15a29</value>
         <object_component_ref idref="oc-1bc"/>
      </symbol>
      <symbol id="sm-1bd6">
         <name>strlen</name>
         <value>0x15a3d</value>
         <object_component_ref idref="oc-1c2"/>
      </symbol>
      <symbol id="sm-1be6">
         <name>strncmp</name>
         <value>0x15937</value>
         <object_component_ref idref="oc-2bc"/>
      </symbol>
      <symbol id="sm-1c46">
         <name>strtold</name>
         <value>0x11625</value>
         <object_component_ref idref="oc-44c"/>
      </symbol>
      <symbol id="sm-1c47">
         <name>strtod</name>
         <value>0x11625</value>
         <object_component_ref idref="oc-44c"/>
      </symbol>
      <symbol id="sm-1c67">
         <name>strtoul</name>
         <value>0x14999</value>
         <object_component_ref idref="oc-2cd"/>
      </symbol>
      <symbol id="sm-1c7a">
         <name>__stack</name>
         <value>0x200065a8</value>
         <object_component_ref idref="oc-21"/>
      </symbol>
      <symbol id="sm-1c7b">
         <name>_c_int00_noargs</name>
         <value>0x158d5</value>
         <object_component_ref idref="oc-73"/>
      </symbol>
      <symbol id="sm-1c91">
         <name>__aeabi_errno_addr</name>
         <value>0x15aa5</value>
         <object_component_ref idref="oc-455"/>
      </symbol>
      <symbol id="sm-1c92">
         <name>errno</name>
         <value>0x200065a4</value>
         <object_component_ref idref="oc-594"/>
      </symbol>
      <symbol id="sm-1cb9">
         <name>scalbn</name>
         <value>0x14889</value>
         <object_component_ref idref="oc-586"/>
      </symbol>
      <symbol id="sm-1cba">
         <name>scalbnl</name>
         <value>0x14889</value>
         <object_component_ref idref="oc-586"/>
      </symbol>
      <symbol id="sm-1cbb">
         <name>ldexpl</name>
         <value>0x14889</value>
         <object_component_ref idref="oc-586"/>
      </symbol>
      <symbol id="sm-1cbc">
         <name>ldexp</name>
         <value>0x14889</value>
         <object_component_ref idref="oc-586"/>
      </symbol>
      <symbol id="sm-1e21">
         <name>__TI_printfi</name>
         <value>0xd4b9</value>
         <object_component_ref idref="oc-3cd"/>
      </symbol>
      <symbol id="sm-1e2b">
         <name>__aeabi_idiv0</name>
         <value>0x61eb</value>
         <object_component_ref idref="oc-21a"/>
      </symbol>
      <symbol id="sm-1e2c">
         <name>__aeabi_ldiv0</name>
         <value>0x61eb</value>
         <object_component_ref idref="oc-21a"/>
      </symbol>
      <symbol id="sm-1e43">
         <name>__aeabi_dsub</name>
         <value>0x13fad</value>
         <object_component_ref idref="oc-57c"/>
      </symbol>
      <symbol id="sm-1e44">
         <name>__aeabi_dadd</name>
         <value>0x13fb7</value>
         <object_component_ref idref="oc-57c"/>
      </symbol>
      <symbol id="sm-1e66">
         <name>__aeabi_cdcmpeq</name>
         <value>0x151b7</value>
         <object_component_ref idref="oc-536"/>
      </symbol>
      <symbol id="sm-1e67">
         <name>__aeabi_cdcmple</name>
         <value>0x151b7</value>
         <object_component_ref idref="oc-536"/>
      </symbol>
      <symbol id="sm-1e68">
         <name>__aeabi_cdrcmple</name>
         <value>0x1523d</value>
         <object_component_ref idref="oc-655"/>
      </symbol>
      <symbol id="sm-1e7c">
         <name>__aeabi_ddiv</name>
         <value>0x143dd</value>
         <object_component_ref idref="oc-581"/>
      </symbol>
      <symbol id="sm-1e87">
         <name>__aeabi_dmul</name>
         <value>0x14aa9</value>
         <object_component_ref idref="oc-577"/>
      </symbol>
      <symbol id="sm-1e91">
         <name>__aeabi_d2iz</name>
         <value>0x1574d</value>
         <object_component_ref idref="oc-65a"/>
      </symbol>
      <symbol id="sm-1e9b">
         <name>__aeabi_i2d</name>
         <value>0x15909</value>
         <object_component_ref idref="oc-665"/>
      </symbol>
      <symbol id="sm-1ea8">
         <name>__aeabi_uldivmod</name>
         <value>0x15121</value>
         <object_component_ref idref="oc-64e"/>
      </symbol>
      <symbol id="sm-1ed0">
         <name>__TI_auto_init_nobinit_nopinit</name>
         <value>0x15795</value>
         <object_component_ref idref="oc-36f"/>
      </symbol>
      <symbol id="sm-1eda">
         <name>_system_pre_init</name>
         <value>0x15ab3</value>
         <object_component_ref idref="oc-172"/>
      </symbol>
      <symbol id="sm-1ee6">
         <name>C$$EXIT</name>
         <value>0x15ab7</value>
         <object_component_ref idref="oc-363"/>
      </symbol>
      <symbol id="sm-1ee7">
         <name>abort</name>
         <value>0x15ab7</value>
         <object_component_ref idref="oc-363"/>
      </symbol>
      <symbol id="sm-1eff">
         <name>atoi</name>
         <value>0x15701</value>
         <object_component_ref idref="oc-52a"/>
      </symbol>
      <symbol id="sm-1f0a">
         <name>_ctypes_</name>
         <value>0x16044</value>
         <object_component_ref idref="oc-45b"/>
      </symbol>
      <symbol id="sm-1f19">
         <name>ltoa</name>
         <value>0x1560b</value>
         <object_component_ref idref="oc-65f"/>
      </symbol>
      <symbol id="sm-1f29">
         <name>memccpy</name>
         <value>0x159ad</value>
         <object_component_ref idref="oc-553"/>
      </symbol>
      <symbol id="sm-1f39">
         <name>strchr</name>
         <value>0x15a13</value>
         <object_component_ref idref="oc-68b"/>
      </symbol>
      <symbol id="sm-1f43">
         <name>copysign</name>
         <value>0x159c9</value>
         <object_component_ref idref="oc-6af"/>
      </symbol>
      <symbol id="sm-1f44">
         <name>copysignl</name>
         <value>0x159c9</value>
         <object_component_ref idref="oc-6af"/>
      </symbol>
      <symbol id="sm-1f5d">
         <name>wcslen</name>
         <value>0x15a63</value>
         <object_component_ref idref="oc-559"/>
      </symbol>
      <symbol id="sm-1f73">
         <name>frexpl</name>
         <value>0x15551</value>
         <object_component_ref idref="oc-685"/>
      </symbol>
      <symbol id="sm-1f74">
         <name>frexp</name>
         <value>0x15551</value>
         <object_component_ref idref="oc-685"/>
      </symbol>
      <symbol id="sm-1f75">
         <name>__TI_static_base__</name>
         <value>0x0</value>
      </symbol>
      <symbol id="sm-1f78">
         <name>__mpu_init</name>
         <value>0x0</value>
      </symbol>
      <symbol id="sm-1f79">
         <name>_system_post_cinit</name>
         <value>0x0</value>
      </symbol>
   </symbol_table>
   <title>Link successful</title>
</link_info>
