<?xml version="1.0" encoding="ISO-8859-1" ?>
<link_info>
   <banner>TI ARM Linker PC v18.12.4.LTS</banner>
   <copyright>Copyright (c) 1996-2018 Texas Instruments Incorporated</copyright>
   <link_time>0x5ec00152</link_time>
   <link_errors>0x0</link_errors>
   <output_file>3.Buttons-QT_TIVA.out</output_file>
   <entry_point>
      <name>_c_int00_noargs</name>
      <address>0x14b61</address>
   </entry_point>
   <input_file_list>
      <input_file id="fl-2">
         <path>.\</path>
         <kind>object</kind>
         <file>Botones.obj</file>
         <name>Botones.obj</name>
      </input_file>
      <input_file id="fl-3">
         <path>.\</path>
         <kind>object</kind>
         <file>commands.obj</file>
         <name>commands.obj</name>
      </input_file>
      <input_file id="fl-4">
         <path>.\</path>
         <kind>object</kind>
         <file>crc.obj</file>
         <name>crc.obj</name>
      </input_file>
      <input_file id="fl-5">
         <path>.\</path>
         <kind>object</kind>
         <file>serial2USBprotocol.obj</file>
         <name>serial2USBprotocol.obj</name>
      </input_file>
      <input_file id="fl-6">
         <path>.\</path>
         <kind>object</kind>
         <file>startup_ccs.obj</file>
         <name>startup_ccs.obj</name>
      </input_file>
      <input_file id="fl-7">
         <path>.\</path>
         <kind>object</kind>
         <file>usb_dev_serial.obj</file>
         <name>usb_dev_serial.obj</name>
      </input_file>
      <input_file id="fl-8">
         <path>.\</path>
         <kind>object</kind>
         <file>usb_serial_structs.obj</file>
         <name>usb_serial_structs.obj</name>
      </input_file>
      <input_file id="fl-9">
         <path>.\FreeRTOS\Source\</path>
         <kind>object</kind>
         <file>croutine.obj</file>
         <name>croutine.obj</name>
      </input_file>
      <input_file id="fl-a">
         <path>.\FreeRTOS\Source\</path>
         <kind>object</kind>
         <file>event_groups.obj</file>
         <name>event_groups.obj</name>
      </input_file>
      <input_file id="fl-b">
         <path>.\FreeRTOS\Source\</path>
         <kind>object</kind>
         <file>list.obj</file>
         <name>list.obj</name>
      </input_file>
      <input_file id="fl-c">
         <path>.\FreeRTOS\Source\</path>
         <kind>object</kind>
         <file>queue.obj</file>
         <name>queue.obj</name>
      </input_file>
      <input_file id="fl-d">
         <path>.\FreeRTOS\Source\</path>
         <kind>object</kind>
         <file>stream_buffer.obj</file>
         <name>stream_buffer.obj</name>
      </input_file>
      <input_file id="fl-e">
         <path>.\FreeRTOS\Source\</path>
         <kind>object</kind>
         <file>tasks.obj</file>
         <name>tasks.obj</name>
      </input_file>
      <input_file id="fl-f">
         <path>.\FreeRTOS\Source\</path>
         <kind>object</kind>
         <file>timers.obj</file>
         <name>timers.obj</name>
      </input_file>
      <input_file id="fl-10">
         <path>.\FreeRTOS\Source\portable\CCS\ARM_CM4F\</path>
         <kind>object</kind>
         <file>port.obj</file>
         <name>port.obj</name>
      </input_file>
      <input_file id="fl-11">
         <path>.\FreeRTOS\Source\portable\CCS\ARM_CM4F\</path>
         <kind>object</kind>
         <file>portasm.obj</file>
         <name>portasm.obj</name>
      </input_file>
      <input_file id="fl-12">
         <path>.\FreeRTOS\Source\portable\MemMang\</path>
         <kind>object</kind>
         <file>heap_4.obj</file>
         <name>heap_4.obj</name>
      </input_file>
      <input_file id="fl-13">
         <path>.\driverlib\</path>
         <kind>object</kind>
         <file>adc.obj</file>
         <name>adc.obj</name>
      </input_file>
      <input_file id="fl-14">
         <path>.\driverlib\</path>
         <kind>object</kind>
         <file>aes.obj</file>
         <name>aes.obj</name>
      </input_file>
      <input_file id="fl-15">
         <path>.\driverlib\</path>
         <kind>object</kind>
         <file>can.obj</file>
         <name>can.obj</name>
      </input_file>
      <input_file id="fl-16">
         <path>.\driverlib\</path>
         <kind>object</kind>
         <file>comp.obj</file>
         <name>comp.obj</name>
      </input_file>
      <input_file id="fl-17">
         <path>.\driverlib\</path>
         <kind>object</kind>
         <file>cpu.obj</file>
         <name>cpu.obj</name>
      </input_file>
      <input_file id="fl-18">
         <path>.\driverlib\</path>
         <kind>object</kind>
         <file>crc.obj</file>
         <name>crc.obj</name>
      </input_file>
      <input_file id="fl-19">
         <path>.\driverlib\</path>
         <kind>object</kind>
         <file>des.obj</file>
         <name>des.obj</name>
      </input_file>
      <input_file id="fl-1a">
         <path>.\driverlib\</path>
         <kind>object</kind>
         <file>eeprom.obj</file>
         <name>eeprom.obj</name>
      </input_file>
      <input_file id="fl-1b">
         <path>.\driverlib\</path>
         <kind>object</kind>
         <file>emac.obj</file>
         <name>emac.obj</name>
      </input_file>
      <input_file id="fl-1c">
         <path>.\driverlib\</path>
         <kind>object</kind>
         <file>epi.obj</file>
         <name>epi.obj</name>
      </input_file>
      <input_file id="fl-1d">
         <path>.\driverlib\</path>
         <kind>object</kind>
         <file>epi_workaround_ccs.obj</file>
         <name>epi_workaround_ccs.obj</name>
      </input_file>
      <input_file id="fl-1e">
         <path>.\driverlib\</path>
         <kind>object</kind>
         <file>flash.obj</file>
         <name>flash.obj</name>
      </input_file>
      <input_file id="fl-1f">
         <path>.\driverlib\</path>
         <kind>object</kind>
         <file>fpu.obj</file>
         <name>fpu.obj</name>
      </input_file>
      <input_file id="fl-20">
         <path>.\driverlib\</path>
         <kind>object</kind>
         <file>gpio.obj</file>
         <name>gpio.obj</name>
      </input_file>
      <input_file id="fl-21">
         <path>.\driverlib\</path>
         <kind>object</kind>
         <file>hibernate.obj</file>
         <name>hibernate.obj</name>
      </input_file>
      <input_file id="fl-22">
         <path>.\driverlib\</path>
         <kind>object</kind>
         <file>i2c.obj</file>
         <name>i2c.obj</name>
      </input_file>
      <input_file id="fl-23">
         <path>.\driverlib\</path>
         <kind>object</kind>
         <file>interrupt.obj</file>
         <name>interrupt.obj</name>
      </input_file>
      <input_file id="fl-24">
         <path>.\driverlib\</path>
         <kind>object</kind>
         <file>lcd.obj</file>
         <name>lcd.obj</name>
      </input_file>
      <input_file id="fl-25">
         <path>.\driverlib\</path>
         <kind>object</kind>
         <file>mpu.obj</file>
         <name>mpu.obj</name>
      </input_file>
      <input_file id="fl-26">
         <path>.\driverlib\</path>
         <kind>object</kind>
         <file>onewire.obj</file>
         <name>onewire.obj</name>
      </input_file>
      <input_file id="fl-27">
         <path>.\driverlib\</path>
         <kind>object</kind>
         <file>pwm.obj</file>
         <name>pwm.obj</name>
      </input_file>
      <input_file id="fl-28">
         <path>.\driverlib\</path>
         <kind>object</kind>
         <file>qei.obj</file>
         <name>qei.obj</name>
      </input_file>
      <input_file id="fl-29">
         <path>.\driverlib\</path>
         <kind>object</kind>
         <file>shamd5.obj</file>
         <name>shamd5.obj</name>
      </input_file>
      <input_file id="fl-2a">
         <path>.\driverlib\</path>
         <kind>object</kind>
         <file>ssi.obj</file>
         <name>ssi.obj</name>
      </input_file>
      <input_file id="fl-2b">
         <path>.\driverlib\</path>
         <kind>object</kind>
         <file>sw_crc.obj</file>
         <name>sw_crc.obj</name>
      </input_file>
      <input_file id="fl-2c">
         <path>.\driverlib\</path>
         <kind>object</kind>
         <file>sysctl.obj</file>
         <name>sysctl.obj</name>
      </input_file>
      <input_file id="fl-2d">
         <path>.\driverlib\</path>
         <kind>object</kind>
         <file>sysexc.obj</file>
         <name>sysexc.obj</name>
      </input_file>
      <input_file id="fl-2e">
         <path>.\driverlib\</path>
         <kind>object</kind>
         <file>systick.obj</file>
         <name>systick.obj</name>
      </input_file>
      <input_file id="fl-2f">
         <path>.\driverlib\</path>
         <kind>object</kind>
         <file>timer.obj</file>
         <name>timer.obj</name>
      </input_file>
      <input_file id="fl-30">
         <path>.\driverlib\</path>
         <kind>object</kind>
         <file>uart.obj</file>
         <name>uart.obj</name>
      </input_file>
      <input_file id="fl-31">
         <path>.\driverlib\</path>
         <kind>object</kind>
         <file>udma.obj</file>
         <name>udma.obj</name>
      </input_file>
      <input_file id="fl-32">
         <path>.\driverlib\</path>
         <kind>object</kind>
         <file>usb.obj</file>
         <name>usb.obj</name>
      </input_file>
      <input_file id="fl-33">
         <path>.\driverlib\</path>
         <kind>object</kind>
         <file>watchdog.obj</file>
         <name>watchdog.obj</name>
      </input_file>
      <input_file id="fl-34">
         <path>.\drivers\</path>
         <kind>object</kind>
         <file>buttons.obj</file>
         <name>buttons.obj</name>
      </input_file>
      <input_file id="fl-35">
         <path>.\drivers\</path>
         <kind>object</kind>
         <file>rgb.obj</file>
         <name>rgb.obj</name>
      </input_file>
      <input_file id="fl-36">
         <path>.\usblib\device\</path>
         <kind>object</kind>
         <file>usbdaudio.obj</file>
         <name>usbdaudio.obj</name>
      </input_file>
      <input_file id="fl-37">
         <path>.\usblib\device\</path>
         <kind>object</kind>
         <file>usbdbulk.obj</file>
         <name>usbdbulk.obj</name>
      </input_file>
      <input_file id="fl-38">
         <path>.\usblib\device\</path>
         <kind>object</kind>
         <file>usbdcdc.obj</file>
         <name>usbdcdc.obj</name>
      </input_file>
      <input_file id="fl-39">
         <path>.\usblib\device\</path>
         <kind>object</kind>
         <file>usbdcdesc.obj</file>
         <name>usbdcdesc.obj</name>
      </input_file>
      <input_file id="fl-3a">
         <path>.\usblib\device\</path>
         <kind>object</kind>
         <file>usbdcomp.obj</file>
         <name>usbdcomp.obj</name>
      </input_file>
      <input_file id="fl-3b">
         <path>.\usblib\device\</path>
         <kind>object</kind>
         <file>usbdconfig.obj</file>
         <name>usbdconfig.obj</name>
      </input_file>
      <input_file id="fl-3c">
         <path>.\usblib\device\</path>
         <kind>object</kind>
         <file>usbddfu-rt.obj</file>
         <name>usbddfu-rt.obj</name>
      </input_file>
      <input_file id="fl-3d">
         <path>.\usblib\device\</path>
         <kind>object</kind>
         <file>usbdenum.obj</file>
         <name>usbdenum.obj</name>
      </input_file>
      <input_file id="fl-3e">
         <path>.\usblib\device\</path>
         <kind>object</kind>
         <file>usbdhandler.obj</file>
         <name>usbdhandler.obj</name>
      </input_file>
      <input_file id="fl-3f">
         <path>.\usblib\device\</path>
         <kind>object</kind>
         <file>usbdhid.obj</file>
         <name>usbdhid.obj</name>
      </input_file>
      <input_file id="fl-40">
         <path>.\usblib\device\</path>
         <kind>object</kind>
         <file>usbdhidgamepad.obj</file>
         <name>usbdhidgamepad.obj</name>
      </input_file>
      <input_file id="fl-41">
         <path>.\usblib\device\</path>
         <kind>object</kind>
         <file>usbdhidkeyb.obj</file>
         <name>usbdhidkeyb.obj</name>
      </input_file>
      <input_file id="fl-42">
         <path>.\usblib\device\</path>
         <kind>object</kind>
         <file>usbdhidmouse.obj</file>
         <name>usbdhidmouse.obj</name>
      </input_file>
      <input_file id="fl-43">
         <path>.\usblib\device\</path>
         <kind>object</kind>
         <file>usbdmsc.obj</file>
         <name>usbdmsc.obj</name>
      </input_file>
      <input_file id="fl-44">
         <path>.\usblib\host\</path>
         <kind>object</kind>
         <file>usbhaudio.obj</file>
         <name>usbhaudio.obj</name>
      </input_file>
      <input_file id="fl-45">
         <path>.\usblib\host\</path>
         <kind>object</kind>
         <file>usbhhid.obj</file>
         <name>usbhhid.obj</name>
      </input_file>
      <input_file id="fl-46">
         <path>.\usblib\host\</path>
         <kind>object</kind>
         <file>usbhhidkeyboard.obj</file>
         <name>usbhhidkeyboard.obj</name>
      </input_file>
      <input_file id="fl-47">
         <path>.\usblib\host\</path>
         <kind>object</kind>
         <file>usbhhidmouse.obj</file>
         <name>usbhhidmouse.obj</name>
      </input_file>
      <input_file id="fl-48">
         <path>.\usblib\host\</path>
         <kind>object</kind>
         <file>usbhhub.obj</file>
         <name>usbhhub.obj</name>
      </input_file>
      <input_file id="fl-49">
         <path>.\usblib\host\</path>
         <kind>object</kind>
         <file>usbhmsc.obj</file>
         <name>usbhmsc.obj</name>
      </input_file>
      <input_file id="fl-4a">
         <path>.\usblib\host\</path>
         <kind>object</kind>
         <file>usbhostenum.obj</file>
         <name>usbhostenum.obj</name>
      </input_file>
      <input_file id="fl-4b">
         <path>.\usblib\host\</path>
         <kind>object</kind>
         <file>usbhscsi.obj</file>
         <name>usbhscsi.obj</name>
      </input_file>
      <input_file id="fl-4c">
         <path>.\usblib\</path>
         <kind>object</kind>
         <file>usbbuffer.obj</file>
         <name>usbbuffer.obj</name>
      </input_file>
      <input_file id="fl-4d">
         <path>.\usblib\</path>
         <kind>object</kind>
         <file>usbdesc.obj</file>
         <name>usbdesc.obj</name>
      </input_file>
      <input_file id="fl-4e">
         <path>.\usblib\</path>
         <kind>object</kind>
         <file>usbdma.obj</file>
         <name>usbdma.obj</name>
      </input_file>
      <input_file id="fl-4f">
         <path>.\usblib\</path>
         <kind>object</kind>
         <file>usbkeyboardmap.obj</file>
         <name>usbkeyboardmap.obj</name>
      </input_file>
      <input_file id="fl-50">
         <path>.\usblib\</path>
         <kind>object</kind>
         <file>usbmode.obj</file>
         <name>usbmode.obj</name>
      </input_file>
      <input_file id="fl-51">
         <path>.\usblib\</path>
         <kind>object</kind>
         <file>usbringbuf.obj</file>
         <name>usbringbuf.obj</name>
      </input_file>
      <input_file id="fl-52">
         <path>.\usblib\</path>
         <kind>object</kind>
         <file>usbtick.obj</file>
         <name>usbtick.obj</name>
      </input_file>
      <input_file id="fl-53">
         <path>.\usblib\</path>
         <kind>object</kind>
         <file>usbulpi.obj</file>
         <name>usbulpi.obj</name>
      </input_file>
      <input_file id="fl-54">
         <path>.\utils\</path>
         <kind>object</kind>
         <file>RunTimeStatsConfig.obj</file>
         <name>RunTimeStatsConfig.obj</name>
      </input_file>
      <input_file id="fl-55">
         <path>.\utils\</path>
         <kind>object</kind>
         <file>cmdline.obj</file>
         <name>cmdline.obj</name>
      </input_file>
      <input_file id="fl-56">
         <path>.\utils\</path>
         <kind>object</kind>
         <file>cpu_usage.obj</file>
         <name>cpu_usage.obj</name>
      </input_file>
      <input_file id="fl-57">
         <path>.\utils\</path>
         <kind>object</kind>
         <file>uartstdioMod.obj</file>
         <name>uartstdioMod.obj</name>
      </input_file>
      <input_file id="fl-5b">
         <kind>object</kind>
         <file>&lt;internal&gt;</file>
         <name>&lt;internal&gt;</name>
      </input_file>
      <input_file id="fl-111">
         <path>C:\ti\ccs930\ccs\tools\compiler\ti-cgt-arm_18.12.4.LTS\lib\</path>
         <kind>archive</kind>
         <file>rtsv7M4_T_le_v4SPD16_eabi.lib</file>
         <name>sprintf.c.obj</name>
      </input_file>
      <input_file id="fl-112">
         <path>C:\ti\ccs930\ccs\tools\compiler\ti-cgt-arm_18.12.4.LTS\lib\</path>
         <kind>archive</kind>
         <file>rtsv7M4_T_le_v4SPD16_eabi.lib</file>
         <name>fs_toull_t2.asm.obj</name>
      </input_file>
      <input_file id="fl-113">
         <path>C:\ti\ccs930\ccs\tools\compiler\ti-cgt-arm_18.12.4.LTS\lib\</path>
         <kind>archive</kind>
         <file>rtsv7M4_T_le_v4SPD16_eabi.lib</file>
         <name>memcpy_t2.asm.obj</name>
      </input_file>
      <input_file id="fl-114">
         <path>C:\ti\ccs930\ccs\tools\compiler\ti-cgt-arm_18.12.4.LTS\lib\</path>
         <kind>archive</kind>
         <file>rtsv7M4_T_le_v4SPD16_eabi.lib</file>
         <name>u_divt2.asm.obj</name>
      </input_file>
      <input_file id="fl-115">
         <path>C:\ti\ccs930\ccs\tools\compiler\ti-cgt-arm_18.12.4.LTS\lib\</path>
         <kind>archive</kind>
         <file>rtsv7M4_T_le_v4SPD16_eabi.lib</file>
         <name>memset_t2.asm.obj</name>
      </input_file>
      <input_file id="fl-116">
         <path>C:\ti\ccs930\ccs\tools\compiler\ti-cgt-arm_18.12.4.LTS\lib\</path>
         <kind>archive</kind>
         <file>rtsv7M4_T_le_v4SPD16_eabi.lib</file>
         <name>copy_zero_init.c.obj</name>
      </input_file>
      <input_file id="fl-117">
         <path>C:\ti\ccs930\ccs\tools\compiler\ti-cgt-arm_18.12.4.LTS\lib\</path>
         <kind>archive</kind>
         <file>rtsv7M4_T_le_v4SPD16_eabi.lib</file>
         <name>copy_decompress_none.c.obj</name>
      </input_file>
      <input_file id="fl-118">
         <path>C:\ti\ccs930\ccs\tools\compiler\ti-cgt-arm_18.12.4.LTS\lib\</path>
         <kind>archive</kind>
         <file>rtsv7M4_T_le_v4SPD16_eabi.lib</file>
         <name>copy_decompress_lzss.c.obj</name>
      </input_file>
      <input_file id="fl-119">
         <path>C:\ti\ccs930\ccs\tools\compiler\ti-cgt-arm_18.12.4.LTS\lib\</path>
         <kind>archive</kind>
         <file>rtsv7M4_T_le_v4SPD16_eabi.lib</file>
         <name>strcmp.c.obj</name>
      </input_file>
      <input_file id="fl-11a">
         <path>C:\ti\ccs930\ccs\tools\compiler\ti-cgt-arm_18.12.4.LTS\lib\</path>
         <kind>archive</kind>
         <file>rtsv7M4_T_le_v4SPD16_eabi.lib</file>
         <name>strcpy.c.obj</name>
      </input_file>
      <input_file id="fl-11b">
         <path>C:\ti\ccs930\ccs\tools\compiler\ti-cgt-arm_18.12.4.LTS\lib\</path>
         <kind>archive</kind>
         <file>rtsv7M4_T_le_v4SPD16_eabi.lib</file>
         <name>strlen.c.obj</name>
      </input_file>
      <input_file id="fl-11c">
         <path>C:\ti\ccs930\ccs\tools\compiler\ti-cgt-arm_18.12.4.LTS\lib\</path>
         <kind>archive</kind>
         <file>rtsv7M4_T_le_v4SPD16_eabi.lib</file>
         <name>strncmp.c.obj</name>
      </input_file>
      <input_file id="fl-11d">
         <path>C:\ti\ccs930\ccs\tools\compiler\ti-cgt-arm_18.12.4.LTS\lib\</path>
         <kind>archive</kind>
         <file>rtsv7M4_T_le_v4SPD16_eabi.lib</file>
         <name>boot_cortex_m.c.obj</name>
      </input_file>
      <input_file id="fl-11e">
         <path>C:\ti\ccs930\ccs\tools\compiler\ti-cgt-arm_18.12.4.LTS\lib\</path>
         <kind>archive</kind>
         <file>rtsv7M4_T_le_v4SPD16_eabi.lib</file>
         <name>_printfi.c.obj</name>
      </input_file>
      <input_file id="fl-11f">
         <path>C:\ti\ccs930\ccs\tools\compiler\ti-cgt-arm_18.12.4.LTS\lib\</path>
         <kind>archive</kind>
         <file>rtsv7M4_T_le_v4SPD16_eabi.lib</file>
         <name>div0.asm.obj</name>
      </input_file>
      <input_file id="fl-120">
         <path>C:\ti\ccs930\ccs\tools\compiler\ti-cgt-arm_18.12.4.LTS\lib\</path>
         <kind>archive</kind>
         <file>rtsv7M4_T_le_v4SPD16_eabi.lib</file>
         <name>fd_add_t2.asm.obj</name>
      </input_file>
      <input_file id="fl-121">
         <path>C:\ti\ccs930\ccs\tools\compiler\ti-cgt-arm_18.12.4.LTS\lib\</path>
         <kind>archive</kind>
         <file>rtsv7M4_T_le_v4SPD16_eabi.lib</file>
         <name>fd_cmp_t2.asm.obj</name>
      </input_file>
      <input_file id="fl-122">
         <path>C:\ti\ccs930\ccs\tools\compiler\ti-cgt-arm_18.12.4.LTS\lib\</path>
         <kind>archive</kind>
         <file>rtsv7M4_T_le_v4SPD16_eabi.lib</file>
         <name>fd_div_t2.asm.obj</name>
      </input_file>
      <input_file id="fl-123">
         <path>C:\ti\ccs930\ccs\tools\compiler\ti-cgt-arm_18.12.4.LTS\lib\</path>
         <kind>archive</kind>
         <file>rtsv7M4_T_le_v4SPD16_eabi.lib</file>
         <name>fd_mul_t2.asm.obj</name>
      </input_file>
      <input_file id="fl-124">
         <path>C:\ti\ccs930\ccs\tools\compiler\ti-cgt-arm_18.12.4.LTS\lib\</path>
         <kind>archive</kind>
         <file>rtsv7M4_T_le_v4SPD16_eabi.lib</file>
         <name>fd_toi_t2.asm.obj</name>
      </input_file>
      <input_file id="fl-125">
         <path>C:\ti\ccs930\ccs\tools\compiler\ti-cgt-arm_18.12.4.LTS\lib\</path>
         <kind>archive</kind>
         <file>rtsv7M4_T_le_v4SPD16_eabi.lib</file>
         <name>i_tofd_t2.asm.obj</name>
      </input_file>
      <input_file id="fl-126">
         <path>C:\ti\ccs930\ccs\tools\compiler\ti-cgt-arm_18.12.4.LTS\lib\</path>
         <kind>archive</kind>
         <file>rtsv7M4_T_le_v4SPD16_eabi.lib</file>
         <name>ull_div_t2.asm.obj</name>
      </input_file>
      <input_file id="fl-127">
         <path>C:\ti\ccs930\ccs\tools\compiler\ti-cgt-arm_18.12.4.LTS\lib\</path>
         <kind>archive</kind>
         <file>rtsv7M4_T_le_v4SPD16_eabi.lib</file>
         <name>autoinit.c.obj</name>
      </input_file>
      <input_file id="fl-128">
         <path>C:\ti\ccs930\ccs\tools\compiler\ti-cgt-arm_18.12.4.LTS\lib\</path>
         <kind>archive</kind>
         <file>rtsv7M4_T_le_v4SPD16_eabi.lib</file>
         <name>pre_init.c.obj</name>
      </input_file>
      <input_file id="fl-129">
         <path>C:\ti\ccs930\ccs\tools\compiler\ti-cgt-arm_18.12.4.LTS\lib\</path>
         <kind>archive</kind>
         <file>rtsv7M4_T_le_v4SPD16_eabi.lib</file>
         <name>cpy_tbl.c.obj</name>
      </input_file>
      <input_file id="fl-12a">
         <path>C:\ti\ccs930\ccs\tools\compiler\ti-cgt-arm_18.12.4.LTS\lib\</path>
         <kind>archive</kind>
         <file>rtsv7M4_T_le_v4SPD16_eabi.lib</file>
         <name>exit.c.obj</name>
      </input_file>
      <input_file id="fl-12b">
         <path>C:\ti\ccs930\ccs\tools\compiler\ti-cgt-arm_18.12.4.LTS\lib\</path>
         <kind>archive</kind>
         <file>rtsv7M4_T_le_v4SPD16_eabi.lib</file>
         <name>_lock.c.obj</name>
      </input_file>
      <input_file id="fl-12c">
         <path>C:\ti\ccs930\ccs\tools\compiler\ti-cgt-arm_18.12.4.LTS\lib\</path>
         <kind>archive</kind>
         <file>rtsv7M4_T_le_v4SPD16_eabi.lib</file>
         <name>args_main.c.obj</name>
      </input_file>
      <input_file id="fl-12d">
         <path>C:\ti\ccs930\ccs\tools\compiler\ti-cgt-arm_18.12.4.LTS\lib\</path>
         <kind>archive</kind>
         <file>rtsv7M4_T_le_v4SPD16_eabi.lib</file>
         <name>atoi.c.obj</name>
      </input_file>
      <input_file id="fl-12e">
         <path>C:\ti\ccs930\ccs\tools\compiler\ti-cgt-arm_18.12.4.LTS\lib\</path>
         <kind>archive</kind>
         <file>rtsv7M4_T_le_v4SPD16_eabi.lib</file>
         <name>ctype.c.obj</name>
      </input_file>
      <input_file id="fl-12f">
         <path>C:\ti\ccs930\ccs\tools\compiler\ti-cgt-arm_18.12.4.LTS\lib\</path>
         <kind>archive</kind>
         <file>rtsv7M4_T_le_v4SPD16_eabi.lib</file>
         <name>ltoa.c.obj</name>
      </input_file>
      <input_file id="fl-130">
         <path>C:\ti\ccs930\ccs\tools\compiler\ti-cgt-arm_18.12.4.LTS\lib\</path>
         <kind>archive</kind>
         <file>rtsv7M4_T_le_v4SPD16_eabi.lib</file>
         <name>memccpy.c.obj</name>
      </input_file>
      <input_file id="fl-131">
         <path>C:\ti\ccs930\ccs\tools\compiler\ti-cgt-arm_18.12.4.LTS\lib\</path>
         <kind>archive</kind>
         <file>rtsv7M4_T_le_v4SPD16_eabi.lib</file>
         <name>strchr.c.obj</name>
      </input_file>
      <input_file id="fl-132">
         <path>C:\ti\ccs930\ccs\tools\compiler\ti-cgt-arm_18.12.4.LTS\lib\</path>
         <kind>archive</kind>
         <file>rtsv7M4_T_le_v4SPD16_eabi.lib</file>
         <name>errno.c.obj</name>
      </input_file>
      <input_file id="fl-133">
         <path>C:\ti\ccs930\ccs\tools\compiler\ti-cgt-arm_18.12.4.LTS\lib\</path>
         <kind>archive</kind>
         <file>rtsv7M4_T_le_v4SPD16_eabi.lib</file>
         <name>wcslen.c.obj</name>
      </input_file>
      <input_file id="fl-134">
         <path>C:\ti\ccs930\ccs\tools\compiler\ti-cgt-arm_18.12.4.LTS\lib\</path>
         <kind>archive</kind>
         <file>rtsv7M4_T_le_v4SPD16_eabi.lib</file>
         <name>s_frexp.c.obj</name>
      </input_file>
      <input_file id="fl-135">
         <path>C:\ti\ccs930\ccs\tools\compiler\ti-cgt-arm_18.12.4.LTS\lib\</path>
         <kind>archive</kind>
         <file>rtsv7M4_T_le_v4SPD16_eabi.lib</file>
         <name>s_scalbn.c.obj</name>
      </input_file>
      <input_file id="fl-136">
         <path>C:\ti\ccs930\ccs\tools\compiler\ti-cgt-arm_18.12.4.LTS\lib\</path>
         <kind>archive</kind>
         <file>rtsv7M4_T_le_v4SPD16_eabi.lib</file>
         <name>s_copysign.c.obj</name>
      </input_file>
   </input_file_list>
   <object_component_list>
      <object_component id="oc-f">
         <name>.intvecs</name>
         <load_address>0x0</load_address>
         <run_address>0x0</run_address>
         <size>0x26c</size>
         <input_file_ref idref="fl-6"/>
      </object_component>
      <object_component id="oc-44e">
         <name>.text</name>
         <load_address>0x26c</load_address>
         <run_address>0x26c</run_address>
         <size>0x2db0</size>
         <input_file_ref idref="fl-4a"/>
      </object_component>
      <object_component id="oc-8e">
         <name>.text</name>
         <load_address>0x301c</load_address>
         <run_address>0x301c</run_address>
         <size>0x1c18</size>
         <input_file_ref idref="fl-e"/>
      </object_component>
      <object_component id="oc-2ef">
         <name>.text</name>
         <load_address>0x4c34</load_address>
         <run_address>0x4c34</run_address>
         <size>0x15b6</size>
         <input_file_ref idref="fl-32"/>
      </object_component>
      <object_component id="oc-21b">
         <name>.text</name>
         <load_address>0x61ea</load_address>
         <run_address>0x61ea</run_address>
         <size>0x2</size>
         <input_file_ref idref="fl-11f"/>
      </object_component>
      <object_component id="oc-14f">
         <name>.text</name>
         <load_address>0x61ec</load_address>
         <run_address>0x61ec</run_address>
         <size>0x134c</size>
         <input_file_ref idref="fl-3d"/>
      </object_component>
      <object_component id="oc-e4">
         <name>.text</name>
         <load_address>0x7538</load_address>
         <run_address>0x7538</run_address>
         <size>0xf80</size>
         <input_file_ref idref="fl-2c"/>
      </object_component>
      <object_component id="oc-2fb">
         <name>.text</name>
         <load_address>0x84b8</load_address>
         <run_address>0x84b8</run_address>
         <size>0xf20</size>
         <input_file_ref idref="fl-4e"/>
      </object_component>
      <object_component id="oc-2d5">
         <name>.text</name>
         <load_address>0x93d8</load_address>
         <run_address>0x93d8</run_address>
         <size>0xe6c</size>
         <input_file_ref idref="fl-38"/>
      </object_component>
      <object_component id="oc-a4">
         <name>.text</name>
         <load_address>0xa244</load_address>
         <run_address>0xa244</run_address>
         <size>0xc8c</size>
         <input_file_ref idref="fl-c"/>
      </object_component>
      <object_component id="oc-3b">
         <name>.text</name>
         <load_address>0xaed0</load_address>
         <run_address>0xaed0</run_address>
         <size>0xbc8</size>
         <input_file_ref idref="fl-2"/>
      </object_component>
      <object_component id="oc-fb">
         <name>.text</name>
         <load_address>0xba98</load_address>
         <run_address>0xba98</run_address>
         <size>0xb94</size>
         <input_file_ref idref="fl-20"/>
      </object_component>
      <object_component id="oc-35">
         <name>.text</name>
         <load_address>0xc62c</load_address>
         <run_address>0xc62c</run_address>
         <size>0xaec</size>
         <input_file_ref idref="fl-57"/>
      </object_component>
      <object_component id="oc-3a8">
         <name>.text:__TI_printfi</name>
         <load_address>0xd118</load_address>
         <run_address>0xd118</run_address>
         <size>0xa4e</size>
         <input_file_ref idref="fl-11e"/>
      </object_component>
      <object_component id="oc-568">
         <name>.text</name>
         <load_address>0xdb68</load_address>
         <run_address>0xdb68</run_address>
         <size>0x924</size>
         <input_file_ref idref="fl-48"/>
      </object_component>
      <object_component id="oc-113">
         <name>.text</name>
         <load_address>0xe48c</load_address>
         <run_address>0xe48c</run_address>
         <size>0x83a</size>
         <input_file_ref idref="fl-13"/>
      </object_component>
      <object_component id="oc-11a">
         <name>.text</name>
         <load_address>0xecc8</load_address>
         <run_address>0xecc8</run_address>
         <size>0x6cc</size>
         <input_file_ref idref="fl-f"/>
      </object_component>
      <object_component id="oc-10d">
         <name>.text</name>
         <load_address>0xf394</load_address>
         <run_address>0xf394</run_address>
         <size>0x642</size>
         <input_file_ref idref="fl-2f"/>
      </object_component>
      <object_component id="oc-aa">
         <name>.text</name>
         <load_address>0xf9d8</load_address>
         <run_address>0xf9d8</run_address>
         <size>0x62e</size>
         <input_file_ref idref="fl-30"/>
      </object_component>
      <object_component id="oc-2cf">
         <name>.text</name>
         <load_address>0x10008</load_address>
         <run_address>0x10008</run_address>
         <size>0x500</size>
         <input_file_ref idref="fl-50"/>
      </object_component>
      <object_component id="oc-130">
         <name>.text</name>
         <load_address>0x10508</load_address>
         <run_address>0x10508</run_address>
         <size>0x4d4</size>
         <input_file_ref idref="fl-3"/>
      </object_component>
      <object_component id="oc-2c9">
         <name>.text</name>
         <load_address>0x109dc</load_address>
         <run_address>0x109dc</run_address>
         <size>0x4ae</size>
         <input_file_ref idref="fl-4c"/>
      </object_component>
      <object_component id="oc-107">
         <name>.text</name>
         <load_address>0x10e8c</load_address>
         <run_address>0x10e8c</run_address>
         <size>0x42c</size>
         <input_file_ref idref="fl-35"/>
      </object_component>
      <object_component id="oc-101">
         <name>.text</name>
         <load_address>0x112b8</load_address>
         <run_address>0x112b8</run_address>
         <size>0x408</size>
         <input_file_ref idref="fl-a"/>
      </object_component>
      <object_component id="oc-12a">
         <name>.text</name>
         <load_address>0x116c0</load_address>
         <run_address>0x116c0</run_address>
         <size>0x3c0</size>
         <input_file_ref idref="fl-23"/>
      </object_component>
      <object_component id="oc-f5">
         <name>.text</name>
         <load_address>0x11a80</load_address>
         <run_address>0x11a80</run_address>
         <size>0x388</size>
         <input_file_ref idref="fl-5"/>
      </object_component>
      <object_component id="oc-320">
         <name>.text</name>
         <load_address>0x11e08</load_address>
         <run_address>0x11e08</run_address>
         <size>0x388</size>
         <input_file_ref idref="fl-3b"/>
      </object_component>
      <object_component id="oc-136">
         <name>.text</name>
         <load_address>0x12190</load_address>
         <run_address>0x12190</run_address>
         <size>0x374</size>
         <input_file_ref idref="fl-7"/>
      </object_component>
      <object_component id="oc-446">
         <name>.text</name>
         <load_address>0x12504</load_address>
         <run_address>0x12504</run_address>
         <size>0x2f4</size>
         <input_file_ref idref="fl-51"/>
      </object_component>
      <object_component id="oc-31a">
         <name>.text</name>
         <load_address>0x127f8</load_address>
         <run_address>0x127f8</run_address>
         <size>0x2de</size>
         <input_file_ref idref="fl-39"/>
      </object_component>
      <object_component id="oc-18f">
         <name>.text</name>
         <load_address>0x12ad8</load_address>
         <run_address>0x12ad8</run_address>
         <size>0x2c8</size>
         <input_file_ref idref="fl-12"/>
      </object_component>
      <object_component id="oc-525">
         <name>.text:_pconv_a</name>
         <load_address>0x12da0</load_address>
         <run_address>0x12da0</run_address>
         <size>0x270</size>
         <input_file_ref idref="fl-11e"/>
      </object_component>
      <object_component id="oc-4c2">
         <name>.text</name>
         <load_address>0x13010</load_address>
         <run_address>0x13010</run_address>
         <size>0x1d2</size>
         <input_file_ref idref="fl-4d"/>
      </object_component>
      <object_component id="oc-513">
         <name>.text:_pconv_g</name>
         <load_address>0x131e4</load_address>
         <run_address>0x131e4</run_address>
         <size>0x1d0</size>
         <input_file_ref idref="fl-11e"/>
      </object_component>
      <object_component id="oc-62e">
         <name>.text</name>
         <load_address>0x133b4</load_address>
         <run_address>0x133b4</run_address>
         <size>0x1b6</size>
         <input_file_ref idref="fl-120"/>
      </object_component>
      <object_component id="oc-51f">
         <name>.text:_pconv_e</name>
         <load_address>0x1356c</load_address>
         <run_address>0x1356c</run_address>
         <size>0x13c</size>
         <input_file_ref idref="fl-11e"/>
      </object_component>
      <object_component id="oc-2f">
         <name>.text</name>
         <load_address>0x136a8</load_address>
         <run_address>0x136a8</run_address>
         <size>0x13c</size>
         <input_file_ref idref="fl-10"/>
      </object_component>
      <object_component id="oc-614">
         <name>.text</name>
         <load_address>0x137e4</load_address>
         <run_address>0x137e4</run_address>
         <size>0x136</size>
         <input_file_ref idref="fl-122"/>
      </object_component>
      <object_component id="oc-195">
         <name>.text</name>
         <load_address>0x1391a</load_address>
         <run_address>0x1391a</run_address>
         <size>0x12a</size>
         <input_file_ref idref="fl-b"/>
      </object_component>
      <object_component id="oc-124">
         <name>.text</name>
         <load_address>0x13a44</load_address>
         <run_address>0x13a44</run_address>
         <size>0x128</size>
         <input_file_ref idref="fl-34"/>
      </object_component>
      <object_component id="oc-640">
         <name>.text:fcvt</name>
         <load_address>0x13b6c</load_address>
         <run_address>0x13b6c</run_address>
         <size>0x124</size>
         <input_file_ref idref="fl-11e"/>
      </object_component>
      <object_component id="oc-654">
         <name>.text:scalbn</name>
         <load_address>0x13c90</load_address>
         <run_address>0x13c90</run_address>
         <size>0x110</size>
         <input_file_ref idref="fl-135"/>
      </object_component>
      <object_component id="oc-60f">
         <name>.text</name>
         <load_address>0x13da0</load_address>
         <run_address>0x13da0</run_address>
         <size>0xfc</size>
         <input_file_ref idref="fl-123"/>
      </object_component>
      <object_component id="oc-de">
         <name>.text</name>
         <load_address>0x13e9c</load_address>
         <run_address>0x13e9c</run_address>
         <size>0xf0</size>
         <input_file_ref idref="fl-56"/>
      </object_component>
      <object_component id="oc-301">
         <name>.text</name>
         <load_address>0x13f8c</load_address>
         <run_address>0x13f8c</run_address>
         <size>0xec</size>
         <input_file_ref idref="fl-52"/>
      </object_component>
      <object_component id="oc-2a">
         <name>.text</name>
         <load_address>0x14078</load_address>
         <run_address>0x14078</run_address>
         <size>0xda</size>
         <input_file_ref idref="fl-11"/>
      </object_component>
      <object_component id="oc-2f5">
         <name>.text</name>
         <load_address>0x14152</load_address>
         <run_address>0x14152</run_address>
         <size>0xc8</size>
         <input_file_ref idref="fl-53"/>
      </object_component>
      <object_component id="oc-508">
         <name>.text:_ltostr</name>
         <load_address>0x1421c</load_address>
         <run_address>0x1421c</run_address>
         <size>0xb1</size>
         <input_file_ref idref="fl-11e"/>
      </object_component>
      <object_component id="oc-2be">
         <name>.text</name>
         <load_address>0x142d0</load_address>
         <run_address>0x142d0</run_address>
         <size>0xac</size>
         <input_file_ref idref="fl-55"/>
      </object_component>
      <object_component id="oc-55">
         <name>.text</name>
         <load_address>0x1437c</load_address>
         <run_address>0x1437c</run_address>
         <size>0x9c</size>
         <input_file_ref idref="fl-113"/>
      </object_component>
      <object_component id="oc-608">
         <name>.text</name>
         <load_address>0x14418</load_address>
         <run_address>0x14418</run_address>
         <size>0x96</size>
         <input_file_ref idref="fl-126"/>
      </object_component>
      <object_component id="oc-50e">
         <name>.text:__aeabi_cdcmple</name>
         <load_address>0x144ae</load_address>
         <run_address>0x144ae</run_address>
         <size>0x86</size>
         <input_file_ref idref="fl-121"/>
      </object_component>
      <object_component id="oc-619">
         <name>.text:__aeabi_cdrcmple</name>
         <load_address>0x14534</load_address>
         <run_address>0x14534</run_address>
         <size>0x86</size>
         <input_file_ref idref="fl-121"/>
      </object_component>
      <object_component id="oc-f0">
         <name>.text</name>
         <load_address>0x145ba</load_address>
         <run_address>0x145ba</run_address>
         <size>0x7a</size>
         <input_file_ref idref="fl-115"/>
      </object_component>
      <object_component id="oc-639">
         <name>.text:_mcpy</name>
         <load_address>0x14634</load_address>
         <run_address>0x14634</run_address>
         <size>0x6e</size>
         <input_file_ref idref="fl-11e"/>
      </object_component>
      <object_component id="oc-24f">
         <name>.text</name>
         <load_address>0x146a4</load_address>
         <run_address>0x146a4</run_address>
         <size>0x68</size>
         <input_file_ref idref="fl-4"/>
      </object_component>
      <object_component id="oc-1a7">
         <name>.text</name>
         <load_address>0x1470c</load_address>
         <run_address>0x1470c</run_address>
         <size>0x68</size>
         <input_file_ref idref="fl-54"/>
      </object_component>
      <object_component id="oc-12">
         <name>.text:decompress:lzss:__TI_decompress_lzss</name>
         <load_address>0x14774</load_address>
         <run_address>0x14774</run_address>
         <size>0x68</size>
         <input_file_ref idref="fl-118"/>
      </object_component>
      <object_component id="oc-64e">
         <name>.text:frexp</name>
         <load_address>0x147dc</load_address>
         <run_address>0x147dc</run_address>
         <size>0x64</size>
         <input_file_ref idref="fl-134"/>
      </object_component>
      <object_component id="oc-519">
         <name>.text:_pconv_f</name>
         <load_address>0x14840</load_address>
         <run_address>0x14840</run_address>
         <size>0x56</size>
         <input_file_ref idref="fl-11e"/>
      </object_component>
      <object_component id="oc-623">
         <name>.text:ltoa</name>
         <load_address>0x14896</load_address>
         <run_address>0x14896</run_address>
         <size>0x54</size>
         <input_file_ref idref="fl-12f"/>
      </object_component>
      <object_component id="oc-633">
         <name>.text:_ecpy</name>
         <load_address>0x148ea</load_address>
         <run_address>0x148ea</run_address>
         <size>0x52</size>
         <input_file_ref idref="fl-11e"/>
      </object_component>
      <object_component id="oc-269">
         <name>.text</name>
         <load_address>0x1493c</load_address>
         <run_address>0x1493c</run_address>
         <size>0x50</size>
         <input_file_ref idref="fl-112"/>
      </object_component>
      <object_component id="oc-502">
         <name>.text:atoi</name>
         <load_address>0x1498c</load_address>
         <run_address>0x1498c</run_address>
         <size>0x4c</size>
         <input_file_ref idref="fl-12d"/>
      </object_component>
      <object_component id="oc-61e">
         <name>.text</name>
         <load_address>0x149d8</load_address>
         <run_address>0x149d8</run_address>
         <size>0x48</size>
         <input_file_ref idref="fl-124"/>
      </object_component>
      <object_component id="oc-34a">
         <name>.text:__TI_auto_init_nobinit_nopinit:__TI_auto_init_nobinit_nopinit</name>
         <load_address>0x14a20</load_address>
         <run_address>0x14a20</run_address>
         <size>0x44</size>
         <input_file_ref idref="fl-127"/>
      </object_component>
      <object_component id="oc-c5">
         <name>.text</name>
         <load_address>0x14a64</load_address>
         <run_address>0x14a64</run_address>
         <size>0x40</size>
         <input_file_ref idref="fl-114"/>
      </object_component>
      <object_component id="oc-1c9">
         <name>.text:sprintf</name>
         <load_address>0x14aa4</load_address>
         <run_address>0x14aa4</run_address>
         <size>0x40</size>
         <input_file_ref idref="fl-111"/>
      </object_component>
      <object_component id="oc-646">
         <name>.text:_fcpy</name>
         <load_address>0x14ae4</load_address>
         <run_address>0x14ae4</run_address>
         <size>0x3e</size>
         <input_file_ref idref="fl-11e"/>
      </object_component>
      <object_component id="oc-238">
         <name>.text</name>
         <load_address>0x14b22</load_address>
         <run_address>0x14b22</run_address>
         <size>0x3e</size>
         <input_file_ref idref="fl-17"/>
      </object_component>
      <object_component id="oc-73">
         <name>.text:_c_int00_noargs:_c_int00_noargs</name>
         <load_address>0x14b60</load_address>
         <run_address>0x14b60</run_address>
         <size>0x34</size>
         <input_file_ref idref="fl-11d"/>
      </object_component>
      <object_component id="oc-629">
         <name>.text</name>
         <load_address>0x14b94</load_address>
         <run_address>0x14b94</run_address>
         <size>0x2e</size>
         <input_file_ref idref="fl-125"/>
      </object_component>
      <object_component id="oc-2b8">
         <name>.text:strncmp</name>
         <load_address>0x14bc2</load_address>
         <run_address>0x14bc2</run_address>
         <size>0x2c</size>
         <input_file_ref idref="fl-11c"/>
      </object_component>
      <object_component id="oc-1b0">
         <name>.text:GetOverflowCounts</name>
         <load_address>0x14bf0</load_address>
         <run_address>0x14bf0</run_address>
         <size>0x24</size>
         <input_file_ref idref="fl-54"/>
      </object_component>
      <object_component id="oc-41">
         <name>.text</name>
         <load_address>0x14c14</load_address>
         <run_address>0x14c14</run_address>
         <size>0x24</size>
         <input_file_ref idref="fl-3e"/>
      </object_component>
      <object_component id="oc-52b">
         <name>.text:memccpy</name>
         <load_address>0x14c38</load_address>
         <run_address>0x14c38</run_address>
         <size>0x1c</size>
         <input_file_ref idref="fl-130"/>
      </object_component>
      <object_component id="oc-6fb">
         <name>.text:copysign</name>
         <load_address>0x14c54</load_address>
         <run_address>0x14c54</run_address>
         <size>0x1a</size>
         <input_file_ref idref="fl-136"/>
      </object_component>
      <object_component id="oc-3ae">
         <name>.text:_outs</name>
         <load_address>0x14c6e</load_address>
         <run_address>0x14c6e</run_address>
         <size>0x18</size>
         <input_file_ref idref="fl-111"/>
      </object_component>
      <object_component id="oc-427">
         <name>.text:strcmp</name>
         <load_address>0x14c86</load_address>
         <run_address>0x14c86</run_address>
         <size>0x18</size>
         <input_file_ref idref="fl-119"/>
      </object_component>
      <object_component id="oc-65a">
         <name>.text:strchr</name>
         <load_address>0x14c9e</load_address>
         <run_address>0x14c9e</run_address>
         <size>0x16</size>
         <input_file_ref idref="fl-131"/>
      </object_component>
      <object_component id="oc-1bd">
         <name>.text:strcpy</name>
         <load_address>0x14cb4</load_address>
         <run_address>0x14cb4</run_address>
         <size>0x14</size>
         <input_file_ref idref="fl-11a"/>
      </object_component>
      <object_component id="oc-1c3">
         <name>.text:strlen</name>
         <load_address>0x14cc8</load_address>
         <run_address>0x14cc8</run_address>
         <size>0x14</size>
         <input_file_ref idref="fl-11b"/>
      </object_component>
      <object_component id="oc-531">
         <name>.text:wcslen</name>
         <load_address>0x14cdc</load_address>
         <run_address>0x14cdc</run_address>
         <size>0x12</size>
         <input_file_ref idref="fl-133"/>
      </object_component>
      <object_component id="oc-18">
         <name>.text:decompress:none:__TI_decompress_none</name>
         <load_address>0x14cee</load_address>
         <run_address>0x14cee</run_address>
         <size>0xe</size>
         <input_file_ref idref="fl-117"/>
      </object_component>
      <object_component id="oc-67">
         <name>.text:decompress:ZI:__TI_zero_init</name>
         <load_address>0x14cfc</load_address>
         <run_address>0x14cfc</run_address>
         <size>0xc</size>
         <input_file_ref idref="fl-116"/>
      </object_component>
      <object_component id="oc-24">
         <name>.text</name>
         <load_address>0x14d08</load_address>
         <run_address>0x14d08</run_address>
         <size>0xc</size>
         <input_file_ref idref="fl-6"/>
      </object_component>
      <object_component id="oc-3b4">
         <name>.text:_outc</name>
         <load_address>0x14d14</load_address>
         <run_address>0x14d14</run_address>
         <size>0xa</size>
         <input_file_ref idref="fl-111"/>
      </object_component>
      <object_component id="oc-537">
         <name>.text:__aeabi_errno_addr</name>
         <load_address>0x14d20</load_address>
         <run_address>0x14d20</run_address>
         <size>0x8</size>
         <input_file_ref idref="fl-132"/>
      </object_component>
      <object_component id="oc-247">
         <name>.text:SysCtlDelay</name>
         <load_address>0x14d28</load_address>
         <run_address>0x14d28</run_address>
         <size>0x6</size>
         <input_file_ref idref="fl-2c"/>
      </object_component>
      <object_component id="oc-173">
         <name>.text:_system_pre_init</name>
         <load_address>0x14d2e</load_address>
         <run_address>0x14d2e</run_address>
         <size>0x4</size>
         <input_file_ref idref="fl-128"/>
      </object_component>
      <object_component id="oc-33e">
         <name>.text:abort:abort</name>
         <load_address>0x14d32</load_address>
         <run_address>0x14d32</run_address>
         <size>0x4</size>
         <input_file_ref idref="fl-12a"/>
      </object_component>
      <object_component id="oc-3e0">
         <name>.const:crctttab</name>
         <load_address>0x14d38</load_address>
         <run_address>0x14d38</run_address>
         <size>0x200</size>
         <input_file_ref idref="fl-4"/>
      </object_component>
      <object_component id="oc-244">
         <name>.const:g_pppui32XTALtoVCO</name>
         <load_address>0x14f38</load_address>
         <run_address>0x14f38</run_address>
         <size>0x1b0</size>
         <input_file_ref idref="fl-2c"/>
      </object_component>
      <object_component id="oc-432">
         <name>.const:.string</name>
         <load_address>0x150e8</load_address>
         <run_address>0x150e8</run_address>
         <size>0x112</size>
         <input_file_ref idref="fl-3"/>
      </object_component>
      <object_component id="oc-603">
         <name>.const:.string:_ctypes_</name>
         <load_address>0x151fa</load_address>
         <run_address>0x151fa</run_address>
         <size>0x101</size>
         <input_file_ref idref="fl-12e"/>
      </object_component>
      <object_component id="oc-25a">
         <name>.const:g_ppui32GPIOIntMapSnowflake</name>
         <load_address>0x152fc</load_address>
         <run_address>0x152fc</run_address>
         <size>0xd8</size>
         <input_file_ref idref="fl-20"/>
      </object_component>
      <object_component id="oc-257">
         <name>.const:g_ppui32GPIOIntMapBlizzard</name>
         <load_address>0x153d4</load_address>
         <run_address>0x153d4</run_address>
         <size>0xc0</size>
         <input_file_ref idref="fl-20"/>
      </object_component>
      <object_component id="oc-2a7">
         <name>.const:g_pui32Regs</name>
         <load_address>0x15494</load_address>
         <run_address>0x15494</run_address>
         <size>0x9c</size>
         <input_file_ref idref="fl-23"/>
      </object_component>
      <object_component id="oc-25d">
         <name>.const:g_pui32GPIOBaseAddrs</name>
         <load_address>0x15530</load_address>
         <run_address>0x15530</run_address>
         <size>0x90</size>
         <input_file_ref idref="fl-20"/>
      </object_component>
      <object_component id="oc-23e">
         <name>.const:g_pui32Xtals</name>
         <load_address>0x155c0</load_address>
         <run_address>0x155c0</run_address>
         <size>0x6c</size>
         <input_file_ref idref="fl-2c"/>
      </object_component>
      <object_component id="oc-277">
         <name>.const:g_ppui32TimerIntMap</name>
         <load_address>0x1562c</load_address>
         <run_address>0x1562c</run_address>
         <size>0x60</size>
         <input_file_ref idref="fl-2f"/>
      </object_component>
      <object_component id="oc-27a">
         <name>.const:g_ppui32TimerIntMapSnowflake</name>
         <load_address>0x1568c</load_address>
         <run_address>0x1568c</run_address>
         <size>0x40</size>
         <input_file_ref idref="fl-2f"/>
      </object_component>
      <object_component id="oc-1f6">
         <name>.const:g_ppui32UARTIntMap</name>
         <load_address>0x156cc</load_address>
         <run_address>0x156cc</run_address>
         <size>0x40</size>
         <input_file_ref idref="fl-30"/>
      </object_component>
      <object_component id="oc-1f9">
         <name>.const:g_ppui32UARTIntMapSnowflake</name>
         <load_address>0x1570c</load_address>
         <run_address>0x1570c</run_address>
         <size>0x40</size>
         <input_file_ref idref="fl-30"/>
      </object_component>
      <object_component id="oc-5c3">
         <name>.const:.string:g_pui8ConfigString</name>
         <load_address>0x1574c</load_address>
         <run_address>0x1574c</run_address>
         <size>0x36</size>
         <input_file_ref idref="fl-8"/>
      </object_component>
      <object_component id="oc-317">
         <name>.const:g_psUSBDStdRequests</name>
         <load_address>0x15784</load_address>
         <run_address>0x15784</run_address>
         <size>0x34</size>
         <input_file_ref idref="fl-3d"/>
      </object_component>
      <object_component id="oc-45f">
         <name>.const:g_sCDCHandlers</name>
         <load_address>0x157b8</load_address>
         <run_address>0x157b8</run_address>
         <size>0x30</size>
         <input_file_ref idref="fl-38"/>
      </object_component>
      <object_component id="oc-235">
         <name>.const:g_sXTALtoMEMTIM</name>
         <load_address>0x157e8</load_address>
         <run_address>0x157e8</run_address>
         <size>0x30</size>
         <input_file_ref idref="fl-2c"/>
      </object_component>
      <object_component id="oc-5c0">
         <name>.const:.string:g_pui8ControlInterfaceString</name>
         <load_address>0x15818</load_address>
         <run_address>0x15818</run_address>
         <size>0x2c</size>
         <input_file_ref idref="fl-8"/>
      </object_component>
      <object_component id="oc-5b7">
         <name>.const:.string:g_pui8ManufacturerString</name>
         <load_address>0x15844</load_address>
         <run_address>0x15844</run_address>
         <size>0x24</size>
         <input_file_ref idref="fl-8"/>
      </object_component>
      <object_component id="oc-757">
         <name>.const:.string:g_pui8CDCSerCommInterface</name>
         <load_address>0x15868</load_address>
         <run_address>0x15868</run_address>
         <size>0x23</size>
         <input_file_ref idref="fl-38"/>
      </object_component>
      <object_component id="oc-5ba">
         <name>.const:.string:g_pui8ProductString</name>
         <load_address>0x1588b</load_address>
         <run_address>0x1588b</run_address>
         <size>0x22</size>
         <input_file_ref idref="fl-8"/>
      </object_component>
      <object_component id="oc-2a4">
         <name>.const:g_pui32Priority</name>
         <load_address>0x158b0</load_address>
         <run_address>0x158b0</run_address>
         <size>0x20</size>
         <input_file_ref idref="fl-23"/>
      </object_component>
      <object_component id="oc-48e">
         <name>.const:g_ppui8StringDescriptors</name>
         <load_address>0x158d0</load_address>
         <run_address>0x158d0</run_address>
         <size>0x18</size>
         <input_file_ref idref="fl-8"/>
      </object_component>
      <object_component id="oc-75c">
         <name>.const:.string:g_pui8CDCSerDataInterface</name>
         <load_address>0x158e8</load_address>
         <run_address>0x158e8</run_address>
         <size>0x17</size>
         <input_file_ref idref="fl-38"/>
      </object_component>
      <object_component id="oc-761">
         <name>.const:.string:g_pui8CDCSerDataInterfaceHS</name>
         <load_address>0x158ff</load_address>
         <run_address>0x158ff</run_address>
         <size>0x17</size>
         <input_file_ref idref="fl-38"/>
      </object_component>
      <object_component id="oc-2ad">
         <name>.const:g_pui32Dii16Regs</name>
         <load_address>0x15918</load_address>
         <run_address>0x15918</run_address>
         <size>0x14</size>
         <input_file_ref idref="fl-23"/>
      </object_component>
      <object_component id="oc-2aa">
         <name>.const:g_pui32EnRegs</name>
         <load_address>0x1592c</load_address>
         <run_address>0x1592c</run_address>
         <size>0x14</size>
         <input_file_ref idref="fl-23"/>
      </object_component>
      <object_component id="oc-2b0">
         <name>.const:g_pui32PendRegs</name>
         <load_address>0x15940</load_address>
         <run_address>0x15940</run_address>
         <size>0x14</size>
         <input_file_ref idref="fl-23"/>
      </object_component>
      <object_component id="oc-2b3">
         <name>.const:g_pui32UnpendRegs</name>
         <load_address>0x15954</load_address>
         <run_address>0x15954</run_address>
         <size>0x14</size>
         <input_file_ref idref="fl-23"/>
      </object_component>
      <object_component id="oc-5bd">
         <name>.const:.string:g_pui8SerialNumberString</name>
         <load_address>0x15968</load_address>
         <run_address>0x15968</run_address>
         <size>0x12</size>
         <input_file_ref idref="fl-8"/>
      </object_component>
      <object_component id="oc-221">
         <name>.const:.string</name>
         <load_address>0x1597c</load_address>
         <run_address>0x1597c</run_address>
         <size>0x12</size>
         <input_file_ref idref="fl-57"/>
      </object_component>
      <object_component id="oc-b6">
         <name>.const:g_ui32UARTBase</name>
         <load_address>0x15990</load_address>
         <run_address>0x15990</run_address>
         <size>0xc</size>
         <input_file_ref idref="fl-57"/>
      </object_component>
      <object_component id="oc-bc">
         <name>.const:g_ui32UARTInt</name>
         <load_address>0x1599c</load_address>
         <run_address>0x1599c</run_address>
         <size>0xc</size>
         <input_file_ref idref="fl-57"/>
      </object_component>
      <object_component id="oc-b9">
         <name>.const:g_ui32UARTPeriph</name>
         <load_address>0x159a8</load_address>
         <run_address>0x159a8</run_address>
         <size>0xc</size>
         <input_file_ref idref="fl-57"/>
      </object_component>
      <object_component id="oc-241">
         <name>.const:g_pui32VCOFrequencies</name>
         <load_address>0x159b4</load_address>
         <run_address>0x159b4</run_address>
         <size>0x8</size>
         <input_file_ref idref="fl-2c"/>
      </object_component>
      <object_component id="oc-59f">
         <name>.const:g_sCDCCompSerConfigHeader</name>
         <load_address>0x159bc</load_address>
         <run_address>0x159bc</run_address>
         <size>0x8</size>
         <input_file_ref idref="fl-38"/>
      </object_component>
      <object_component id="oc-5a4">
         <name>.const:g_sCDCCompSerConfigHeaderHS</name>
         <load_address>0x159c4</load_address>
         <run_address>0x159c4</run_address>
         <size>0x8</size>
         <input_file_ref idref="fl-38"/>
      </object_component>
      <object_component id="oc-72c">
         <name>.const:g_sCDCSerCommInterfaceSection</name>
         <load_address>0x159cc</load_address>
         <run_address>0x159cc</run_address>
         <size>0x8</size>
         <input_file_ref idref="fl-38"/>
      </object_component>
      <object_component id="oc-595">
         <name>.const:g_sCDCSerConfigHeader</name>
         <load_address>0x159d4</load_address>
         <run_address>0x159d4</run_address>
         <size>0x8</size>
         <input_file_ref idref="fl-38"/>
      </object_component>
      <object_component id="oc-59a">
         <name>.const:g_sCDCSerConfigHeaderHS</name>
         <load_address>0x159dc</load_address>
         <run_address>0x159dc</run_address>
         <size>0x8</size>
         <input_file_ref idref="fl-38"/>
      </object_component>
      <object_component id="oc-729">
         <name>.const:g_sCDCSerConfigSection</name>
         <load_address>0x159e4</load_address>
         <run_address>0x159e4</run_address>
         <size>0x8</size>
         <input_file_ref idref="fl-38"/>
      </object_component>
      <object_component id="oc-72f">
         <name>.const:g_sCDCSerDataInterfaceSection</name>
         <load_address>0x159ec</load_address>
         <run_address>0x159ec</run_address>
         <size>0x8</size>
         <input_file_ref idref="fl-38"/>
      </object_component>
      <object_component id="oc-734">
         <name>.const:g_sCDCSerDataInterfaceSectionHS</name>
         <load_address>0x159f4</load_address>
         <run_address>0x159f4</run_address>
         <size>0x8</size>
         <input_file_ref idref="fl-38"/>
      </object_component>
      <object_component id="oc-739">
         <name>.const:g_sIADSerConfigSection</name>
         <load_address>0x159fc</load_address>
         <run_address>0x159fc</run_address>
         <size>0x8</size>
         <input_file_ref idref="fl-38"/>
      </object_component>
      <object_component id="oc-5b4">
         <name>.const:.string:g_pui8LangDescriptor</name>
         <load_address>0x15a04</load_address>
         <run_address>0x15a04</run_address>
         <size>0x4</size>
         <input_file_ref idref="fl-8"/>
      </object_component>
      <object_component id="oc-46b">
         <name>.const:g_pCDCCompSerConfigDescriptors</name>
         <load_address>0x15a08</load_address>
         <run_address>0x15a08</run_address>
         <size>0x4</size>
         <input_file_ref idref="fl-38"/>
      </object_component>
      <object_component id="oc-46e">
         <name>.const:g_pCDCCompSerConfigDescriptorsHS</name>
         <load_address>0x15a0c</load_address>
         <run_address>0x15a0c</run_address>
         <size>0x4</size>
         <input_file_ref idref="fl-38"/>
      </object_component>
      <object_component id="oc-465">
         <name>.const:g_ppCDCSerConfigDescriptors</name>
         <load_address>0x15a10</load_address>
         <run_address>0x15a10</run_address>
         <size>0x4</size>
         <input_file_ref idref="fl-38"/>
      </object_component>
      <object_component id="oc-468">
         <name>.const:g_ppCDCSerConfigDescriptorsHS</name>
         <load_address>0x15a14</load_address>
         <run_address>0x15a14</run_address>
         <size>0x4</size>
         <input_file_ref idref="fl-38"/>
      </object_component>
      <object_component id="oc-8b">
         <name>.const</name>
         <load_address>0x15a18</load_address>
         <run_address>0x15a18</run_address>
         <size>0x4</size>
         <input_file_ref idref="fl-10"/>
      </object_component>
      <object_component id="oc-ca">
         <name>.const</name>
         <load_address>0x15a1c</load_address>
         <run_address>0x15a1c</run_address>
         <size>0x4</size>
         <input_file_ref idref="fl-57"/>
      </object_component>
      <object_component id="oc-79d">
         <name>.cinit..data.load</name>
         <load_address>0x15a20</load_address>
         <run_address>0x15a20</run_address>
         <size>0x137</size>
      </object_component>
      <object_component id="oc-79a">
         <name>__TI_handler_table</name>
         <load_address>0x15b58</load_address>
         <run_address>0x15b58</run_address>
         <size>0xc</size>
      </object_component>
      <object_component id="oc-79e">
         <name>.cinit..bss.load</name>
         <load_address>0x15b68</load_address>
         <run_address>0x15b68</run_address>
         <size>0x8</size>
      </object_component>
      <object_component id="oc-79c">
         <name>.cinit..vtable.load</name>
         <load_address>0x15b70</load_address>
         <run_address>0x15b70</run_address>
         <size>0x8</size>
      </object_component>
      <object_component id="oc-79b">
         <name>__TI_cinit_table</name>
         <load_address>0x15b78</load_address>
         <run_address>0x15b78</run_address>
         <size>0x18</size>
      </object_component>
      <object_component id="oc-2a1">
         <name>.vtable</name>
         <uninitialized>true</uninitialized>
         <run_address>0x20000000</run_address>
         <size>0x26c</size>
         <input_file_ref idref="fl-23"/>
      </object_component>
      <object_component id="oc-ea">
         <name>.data</name>
         <load_address>0x20006520</load_address>
         <run_address>0x20006520</run_address>
         <size>0x9</size>
         <input_file_ref idref="fl-2"/>
      </object_component>
      <object_component id="oc-2c4">
         <name>.data:g_psCmdTable</name>
         <load_address>0x200062d8</load_address>
         <run_address>0x200062d8</run_address>
         <size>0x60</size>
         <input_file_ref idref="fl-3"/>
      </object_component>
      <object_component id="oc-2e1">
         <name>.data</name>
         <load_address>0x20006534</load_address>
         <run_address>0x20006534</run_address>
         <size>0x9</size>
         <input_file_ref idref="fl-7"/>
      </object_component>
      <object_component id="oc-2e4">
         <name>.data:ConfigLinea</name>
         <load_address>0x2000655c</load_address>
         <run_address>0x2000655c</run_address>
         <size>0x7</size>
         <input_file_ref idref="fl-7"/>
      </object_component>
      <object_component id="oc-2ea">
         <name>.data:g_sCDCDevice</name>
         <load_address>0x20006338</load_address>
         <run_address>0x20006338</run_address>
         <size>0x60</size>
         <input_file_ref idref="fl-8"/>
      </object_component>
      <object_component id="oc-2db">
         <name>.data:g_sRxBuffer</name>
         <load_address>0x200063d4</load_address>
         <run_address>0x200063d4</run_address>
         <size>0x38</size>
         <input_file_ref idref="fl-8"/>
      </object_component>
      <object_component id="oc-2e7">
         <name>.data:g_sTxBuffer</name>
         <load_address>0x2000640c</load_address>
         <run_address>0x2000640c</run_address>
         <size>0x38</size>
         <input_file_ref idref="fl-8"/>
      </object_component>
      <object_component id="oc-88">
         <name>.data</name>
         <load_address>0x20006398</load_address>
         <run_address>0x20006398</run_address>
         <size>0x3c</size>
         <input_file_ref idref="fl-e"/>
      </object_component>
      <object_component id="oc-284">
         <name>.data</name>
         <load_address>0x200064fc</load_address>
         <run_address>0x200064fc</run_address>
         <size>0xc</size>
         <input_file_ref idref="fl-f"/>
      </object_component>
      <object_component id="oc-95">
         <name>.data</name>
         <load_address>0x20006564</load_address>
         <run_address>0x20006564</run_address>
         <size>0x4</size>
         <input_file_ref idref="fl-10"/>
      </object_component>
      <object_component id="oc-388">
         <name>.data</name>
         <load_address>0x200064d4</load_address>
         <run_address>0x200064d4</run_address>
         <size>0x10</size>
         <input_file_ref idref="fl-12"/>
      </object_component>
      <object_component id="oc-29c">
         <name>.data</name>
         <load_address>0x2000653d</load_address>
         <run_address>0x2000653d</run_address>
         <size>0x3</size>
         <input_file_ref idref="fl-34"/>
      </object_component>
      <object_component id="oc-272">
         <name>.data</name>
         <load_address>0x20006568</load_address>
         <run_address>0x20006568</run_address>
         <size>0x4</size>
         <input_file_ref idref="fl-35"/>
      </object_component>
      <object_component id="oc-462">
         <name>.data:g_pui8CDCSerDeviceDescriptor</name>
         <load_address>0x200064a0</load_address>
         <run_address>0x200064a0</run_address>
         <size>0x12</size>
         <input_file_ref idref="fl-38"/>
      </object_component>
      <object_component id="oc-471">
         <name>.data:g_pui8CDCSerDescriptor</name>
         <load_address>0x20006529</load_address>
         <run_address>0x20006529</run_address>
         <size>0x9</size>
         <input_file_ref idref="fl-38"/>
      </object_component>
      <object_component id="oc-766">
         <name>.data:g_pui8IADSerDescriptor</name>
         <load_address>0x20006549</load_address>
         <run_address>0x20006549</run_address>
         <size>0x8</size>
         <input_file_ref idref="fl-38"/>
      </object_component>
      <object_component id="oc-6b1">
         <name>.data:g_psCDCSerSections</name>
         <load_address>0x200064e4</load_address>
         <run_address>0x200064e4</run_address>
         <size>0xc</size>
         <input_file_ref idref="fl-38"/>
      </object_component>
      <object_component id="oc-6b6">
         <name>.data:g_psCDCSerSectionsHS</name>
         <load_address>0x200064f0</load_address>
         <run_address>0x200064f0</run_address>
         <size>0xc</size>
         <input_file_ref idref="fl-38"/>
      </object_component>
      <object_component id="oc-6bb">
         <name>.data:g_psCDCCompSerSections</name>
         <load_address>0x200064b4</load_address>
         <run_address>0x200064b4</run_address>
         <size>0x10</size>
         <input_file_ref idref="fl-38"/>
      </object_component>
      <object_component id="oc-6c0">
         <name>.data:g_psCDCCompSerSectionsHS</name>
         <load_address>0x200064c4</load_address>
         <run_address>0x200064c4</run_address>
         <size>0x10</size>
         <input_file_ref idref="fl-38"/>
      </object_component>
      <object_component id="oc-45c">
         <name>.data</name>
         <load_address>0x200064b2</load_address>
         <run_address>0x200064b2</run_address>
         <size>0x2</size>
         <input_file_ref idref="fl-38"/>
      </object_component>
      <object_component id="oc-30e">
         <name>.data</name>
         <load_address>0x20006554</load_address>
         <run_address>0x20006554</run_address>
         <size>0x8</size>
         <input_file_ref idref="fl-3d"/>
      </object_component>
      <object_component id="oc-565">
         <name>.data</name>
         <load_address>0x2000648c</load_address>
         <run_address>0x2000648c</run_address>
         <size>0x14</size>
         <input_file_ref idref="fl-4a"/>
      </object_component>
      <object_component id="oc-577">
         <name>.data:g_sUSBHEP0State</name>
         <load_address>0x20006474</load_address>
         <run_address>0x20006474</run_address>
         <size>0x18</size>
         <input_file_ref idref="fl-4a"/>
      </object_component>
      <object_component id="oc-30b">
         <name>.data</name>
         <load_address>0x20006540</load_address>
         <run_address>0x20006540</run_address>
         <size>0x9</size>
         <input_file_ref idref="fl-50"/>
      </object_component>
      <object_component id="oc-326">
         <name>.data</name>
         <load_address>0x20006514</load_address>
         <run_address>0x20006514</run_address>
         <size>0xc</size>
         <input_file_ref idref="fl-52"/>
      </object_component>
      <object_component id="oc-231">
         <name>.data:g_pui32CPUUsageTimerPeriph</name>
         <load_address>0x2000645c</load_address>
         <run_address>0x2000645c</run_address>
         <size>0x18</size>
         <input_file_ref idref="fl-56"/>
      </object_component>
      <object_component id="oc-22b">
         <name>.data:g_pui32CPUUsageTimerBase</name>
         <load_address>0x20006444</load_address>
         <run_address>0x20006444</run_address>
         <size>0x18</size>
         <input_file_ref idref="fl-56"/>
      </object_component>
      <object_component id="oc-b0">
         <name>.data</name>
         <load_address>0x20006508</load_address>
         <run_address>0x20006508</run_address>
         <size>0xc</size>
         <input_file_ref idref="fl-57"/>
      </object_component>
      <object_component id="oc-66a">
         <name>.data</name>
         <load_address>0x2000656c</load_address>
         <run_address>0x2000656c</run_address>
         <size>0x4</size>
         <input_file_ref idref="fl-132"/>
      </object_component>
      <object_component id="oc-2de">
         <name>.bss</name>
         <uninitialized>true</uninitialized>
         <run_address>0x20006280</run_address>
         <size>0x8</size>
         <input_file_ref idref="fl-7"/>
      </object_component>
      <object_component id="oc-19b">
         <name>.bss:pxReadyTasksLists</name>
         <uninitialized>true</uninitialized>
         <run_address>0x20005b38</run_address>
         <size>0x140</size>
         <input_file_ref idref="fl-e"/>
      </object_component>
      <object_component id="oc-1b7">
         <name>.bss:xDelayedTaskList1</name>
         <uninitialized>true</uninitialized>
         <run_address>0x200061e4</run_address>
         <size>0x14</size>
         <input_file_ref idref="fl-e"/>
      </object_component>
      <object_component id="oc-1ba">
         <name>.bss:xDelayedTaskList2</name>
         <uninitialized>true</uninitialized>
         <run_address>0x200061f8</run_address>
         <size>0x14</size>
         <input_file_ref idref="fl-e"/>
      </object_component>
      <object_component id="oc-1a1">
         <name>.bss</name>
         <uninitialized>true</uninitialized>
         <run_address>0x20006270</run_address>
         <size>0x8</size>
         <input_file_ref idref="fl-e"/>
      </object_component>
      <object_component id="oc-1ad">
         <name>.bss:xPendingReadyList</name>
         <uninitialized>true</uninitialized>
         <run_address>0x2000620c</run_address>
         <size>0x14</size>
         <input_file_ref idref="fl-e"/>
      </object_component>
      <object_component id="oc-19e">
         <name>.bss:xTasksWaitingTermination</name>
         <uninitialized>true</uninitialized>
         <run_address>0x20006234</run_address>
         <size>0x14</size>
         <input_file_ref idref="fl-e"/>
      </object_component>
      <object_component id="oc-1a4">
         <name>.bss:xSuspendedTaskList</name>
         <uninitialized>true</uninitialized>
         <run_address>0x20006220</run_address>
         <size>0x14</size>
         <input_file_ref idref="fl-e"/>
      </object_component>
      <object_component id="oc-28a">
         <name>.bss:xActiveTimerList1</name>
         <uninitialized>true</uninitialized>
         <run_address>0x200061bc</run_address>
         <size>0x14</size>
         <input_file_ref idref="fl-f"/>
      </object_component>
      <object_component id="oc-28d">
         <name>.bss:xActiveTimerList2</name>
         <uninitialized>true</uninitialized>
         <run_address>0x200061d0</run_address>
         <size>0x14</size>
         <input_file_ref idref="fl-f"/>
      </object_component>
      <object_component id="oc-287">
         <name>.bss</name>
         <uninitialized>true</uninitialized>
         <run_address>0x20006278</run_address>
         <size>0x8</size>
         <input_file_ref idref="fl-f"/>
      </object_component>
      <object_component id="oc-38e">
         <name>.bss:ucHeap</name>
         <uninitialized>true</uninitialized>
         <run_address>0x2000026c</run_address>
         <size>0x5000</size>
         <input_file_ref idref="fl-12"/>
      </object_component>
      <object_component id="oc-38b">
         <name>.bss:xStart</name>
         <uninitialized>true</uninitialized>
         <run_address>0x20006290</run_address>
         <size>0x8</size>
         <input_file_ref idref="fl-12"/>
      </object_component>
      <object_component id="oc-27f">
         <name>.bss:g_pui8OversampleFactor</name>
         <uninitialized>true</uninitialized>
         <run_address>0x20006268</run_address>
         <size>0x8</size>
         <input_file_ref idref="fl-13"/>
      </object_component>
      <object_component id="oc-26f">
         <name>.bss:g_ui32Colors</name>
         <uninitialized>true</uninitialized>
         <run_address>0x20006254</run_address>
         <size>0xc</size>
         <input_file_ref idref="fl-35"/>
      </object_component>
      <object_component id="oc-26e">
         <name>.bss</name>
         <uninitialized>true</uninitialized>
         <run_address>0x20006298</run_address>
         <size>0x4</size>
         <input_file_ref idref="fl-35"/>
      </object_component>
      <object_component id="oc-314">
         <name>.bss:g_pui8DataBufferIn</name>
         <uninitialized>true</uninitialized>
         <run_address>0x200060c4</run_address>
         <size>0x40</size>
         <input_file_ref idref="fl-3d"/>
      </object_component>
      <object_component id="oc-311">
         <name>.bss</name>
         <uninitialized>true</uninitialized>
         <run_address>0x2000629c</run_address>
         <size>0x4</size>
         <input_file_ref idref="fl-3d"/>
      </object_component>
      <object_component id="oc-68a">
         <name>.bss:g_sRootHub</name>
         <uninitialized>true</uninitialized>
         <run_address>0x20005f88</run_address>
         <size>0x9c</size>
         <input_file_ref idref="fl-48"/>
      </object_component>
      <object_component id="oc-68d">
         <name>.bss</name>
         <uninitialized>true</uninitialized>
         <run_address>0x20006288</run_address>
         <size>0x8</size>
         <input_file_ref idref="fl-48"/>
      </object_component>
      <object_component id="oc-571">
         <name>.bss</name>
         <uninitialized>true</uninitialized>
         <run_address>0x200062a0</run_address>
         <size>0x4</size>
         <input_file_ref idref="fl-4a"/>
      </object_component>
      <object_component id="oc-56e">
         <name>.bss:g_pi32USBHActiveDriver</name>
         <uninitialized>true</uninitialized>
         <run_address>0x20006148</run_address>
         <size>0x18</size>
         <input_file_ref idref="fl-4a"/>
      </object_component>
      <object_component id="oc-574">
         <name>.bss:g_ppvDriverInstance</name>
         <uninitialized>true</uninitialized>
         <run_address>0x20006160</run_address>
         <size>0x18</size>
         <input_file_ref idref="fl-4a"/>
      </object_component>
      <object_component id="oc-55f">
         <name>.bss:g_sUSBHCD</name>
         <uninitialized>true</uninitialized>
         <run_address>0x2000526c</run_address>
         <size>0x6cc</size>
         <input_file_ref idref="fl-4a"/>
      </object_component>
      <object_component id="oc-562">
         <name>.bss:g_pui32Alloc</name>
         <uninitialized>true</uninitialized>
         <run_address>0x20006260</run_address>
         <size>0x8</size>
         <input_file_ref idref="fl-4a"/>
      </object_component>
      <object_component id="oc-4a2">
         <name>.bss:g_psUSBDMAInst</name>
         <uninitialized>true</uninitialized>
         <run_address>0x20005c78</run_address>
         <size>0x110</size>
         <input_file_ref idref="fl-4e"/>
      </object_component>
      <object_component id="oc-457">
         <name>.bss</name>
         <uninitialized>true</uninitialized>
         <run_address>0x200062a4</run_address>
         <size>0x4</size>
         <input_file_ref idref="fl-50"/>
      </object_component>
      <object_component id="oc-42d">
         <name>.bss:g_ppcArgv</name>
         <uninitialized>true</uninitialized>
         <run_address>0x20006104</run_address>
         <size>0x24</size>
         <input_file_ref idref="fl-55"/>
      </object_component>
      <object_component id="oc-22e">
         <name>.bss</name>
         <uninitialized>true</uninitialized>
         <run_address>0x20006248</run_address>
         <size>0xc</size>
         <input_file_ref idref="fl-56"/>
      </object_component>
      <object_component id="oc-b3">
         <name>.bss</name>
         <uninitialized>true</uninitialized>
[...]
      </symbol>
      <symbol id="sm-16f6">
         <name>USBDescGetInterfaceEndpoint</name>
         <value>0x131bf</value>
         <object_component_ref idref="oc-4c2"/>
      </symbol>
      <symbol id="sm-16f7">
         <name>USBDescGetInterface</name>
         <value>0x13191</value>
         <object_component_ref idref="oc-4c2"/>
      </symbol>
      <symbol id="sm-16f8">
         <name>USBDescGet</name>
         <value>0x1306d</value>
         <object_component_ref idref="oc-4c2"/>
      </symbol>
      <symbol id="sm-16f9">
         <name>USBDescGetNum</name>
         <value>0x13011</value>
         <object_component_ref idref="oc-4c2"/>
      </symbol>
      <symbol id="sm-16fa">
         <name>USBDescGetNumAlternateInterfaces</name>
         <value>0x130d7</value>
         <object_component_ref idref="oc-4c2"/>
      </symbol>
      <symbol id="sm-17d7">
         <name>USBLibDMASizeGet</name>
         <value>0x91ed</value>
         <object_component_ref idref="oc-2fb"/>
      </symbol>
      <symbol id="sm-17d8">
         <name>USBLibDMAAddrGet</name>
         <value>0x91d5</value>
         <object_component_ref idref="oc-2fb"/>
      </symbol>
      <symbol id="sm-17d9">
         <name>USBLibDMAInit</name>
         <value>0x9205</value>
         <object_component_ref idref="oc-2fb"/>
      </symbol>
      <symbol id="sm-1849">
         <name>g_ui32PollRate</name>
         <value>0x200062c0</value>
      </symbol>
      <symbol id="sm-184a">
         <name>g_eOTGModeState</name>
         <value>0x200062d4</value>
      </symbol>
      <symbol id="sm-184b">
         <name>USBOTGModeTerm</name>
         <value>0x101b5</value>
         <object_component_ref idref="oc-2cf"/>
      </symbol>
      <symbol id="sm-184c">
         <name>USB0DualModeIntHandler</name>
         <value>0x100c5</value>
         <object_component_ref idref="oc-2cf"/>
      </symbol>
      <symbol id="sm-184d">
         <name>USBOTGMain</name>
         <value>0x10411</value>
         <object_component_ref idref="oc-2cf"/>
      </symbol>
      <symbol id="sm-184e">
         <name>USB0OTGModeIntHandler</name>
         <value>0x10305</value>
         <object_component_ref idref="oc-2cf"/>
      </symbol>
      <symbol id="sm-184f">
         <name>USBDualModeInit</name>
         <value>0x10111</value>
         <object_component_ref idref="oc-2cf"/>
      </symbol>
      <symbol id="sm-1850">
         <name>USBDualModeTerm</name>
         <value>0x10181</value>
         <object_component_ref idref="oc-2cf"/>
      </symbol>
      <symbol id="sm-1851">
         <name>g_iUSBMode</name>
         <value>0x20006540</value>
         <object_component_ref idref="oc-30b"/>
      </symbol>
      <symbol id="sm-1852">
         <name>USBOTGModeInit</name>
         <value>0x101ef</value>
         <object_component_ref idref="oc-2cf"/>
      </symbol>
      <symbol id="sm-1853">
         <name>USBStackModeSet</name>
         <value>0x10089</value>
         <object_component_ref idref="oc-2cf"/>
      </symbol>
      <symbol id="sm-1854">
         <name>g_ui32WaitTicks</name>
         <value>0x20006544</value>
         <object_component_ref idref="oc-30b"/>
      </symbol>
      <symbol id="sm-1855">
         <name>USBOTGPollRate</name>
         <value>0x102df</value>
         <object_component_ref idref="oc-2cf"/>
      </symbol>
      <symbol id="sm-1856">
         <name>OTGDeviceDisconnect</name>
         <value>0x103eb</value>
         <object_component_ref idref="oc-2cf"/>
      </symbol>
      <symbol id="sm-1857">
         <name>USBOTGFeatureSet</name>
         <value>0x104a7</value>
         <object_component_ref idref="oc-2cf"/>
      </symbol>
      <symbol id="sm-188e">
         <name>USBRingBufWrite</name>
         <value>0x1279f</value>
         <object_component_ref idref="oc-446"/>
      </symbol>
      <symbol id="sm-188f">
         <name>USBRingBufContigUsed</name>
         <value>0x1261b</value>
         <object_component_ref idref="oc-446"/>
      </symbol>
      <symbol id="sm-1890">
         <name>USBRingBufFlush</name>
         <value>0x125b3</value>
         <object_component_ref idref="oc-446"/>
      </symbol>
      <symbol id="sm-1891">
         <name>USBRingBufAdvanceWrite</name>
         <value>0x1271d</value>
         <object_component_ref idref="oc-446"/>
      </symbol>
      <symbol id="sm-1892">
         <name>USBRingBufWriteOne</name>
         <value>0x12779</value>
         <object_component_ref idref="oc-446"/>
      </symbol>
      <symbol id="sm-1893">
         <name>USBRingBufUsed</name>
         <value>0x125d3</value>
         <object_component_ref idref="oc-446"/>
      </symbol>
      <symbol id="sm-1894">
         <name>USBRingBufFree</name>
         <value>0x12605</value>
         <object_component_ref idref="oc-446"/>
      </symbol>
      <symbol id="sm-1895">
         <name>USBRingBufAdvanceRead</name>
         <value>0x126ef</value>
         <object_component_ref idref="oc-446"/>
      </symbol>
      <symbol id="sm-1896">
         <name>USBRingBufFull</name>
         <value>0x1254f</value>
         <object_component_ref idref="oc-446"/>
      </symbol>
      <symbol id="sm-1897">
         <name>USBRingBufReadOne</name>
         <value>0x12693</value>
         <object_component_ref idref="oc-446"/>
      </symbol>
      <symbol id="sm-1898">
         <name>USBRingBufEmpty</name>
         <value>0x12589</value>
         <object_component_ref idref="oc-446"/>
      </symbol>
      <symbol id="sm-1899">
         <name>USBRingBufSize</name>
         <value>0x12685</value>
         <object_component_ref idref="oc-446"/>
      </symbol>
      <symbol id="sm-189a">
         <name>USBRingBufInit</name>
         <value>0x127d5</value>
         <object_component_ref idref="oc-446"/>
      </symbol>
      <symbol id="sm-189b">
         <name>USBRingBufRead</name>
         <value>0x126b9</value>
         <object_component_ref idref="oc-446"/>
      </symbol>
      <symbol id="sm-189c">
         <name>USBRingBufContigFree</name>
         <value>0x12649</value>
         <object_component_ref idref="oc-446"/>
      </symbol>
      <symbol id="sm-18c5">
         <name>g_pfnTickHandlers</name>
         <value>0x20006178</value>
      </symbol>
      <symbol id="sm-18c6">
         <name>g_pvTickInstance</name>
         <value>0x20006190</value>
      </symbol>
      <symbol id="sm-18c7">
         <name>g_ui32USBSOFCount</name>
         <value>0x2000651c</value>
         <object_component_ref idref="oc-326"/>
      </symbol>
      <symbol id="sm-18c8">
         <name>InternalUSBTickReset</name>
         <value>0x13fcb</value>
         <object_component_ref idref="oc-301"/>
      </symbol>
      <symbol id="sm-18c9">
         <name>g_bUSBTimerInitialized</name>
         <value>0x20006514</value>
         <object_component_ref idref="oc-326"/>
      </symbol>
      <symbol id="sm-18ca">
         <name>g_ui32CurrentUSBTick</name>
         <value>0x20006518</value>
         <object_component_ref idref="oc-326"/>
      </symbol>
      <symbol id="sm-18cb">
         <name>InternalUSBStartOfFrameTick</name>
         <value>0x14023</value>
         <object_component_ref idref="oc-301"/>
      </symbol>
      <symbol id="sm-18cc">
         <name>InternalUSBRegisterTickHandler</name>
         <value>0x13fd3</value>
         <object_component_ref idref="oc-301"/>
      </symbol>
      <symbol id="sm-18cd">
         <name>InternalUSBTickInit</name>
         <value>0x13f8d</value>
         <object_component_ref idref="oc-301"/>
      </symbol>
      <symbol id="sm-18da">
         <name>ULPIPowerTransceiver</name>
         <value>0x141f5</value>
         <object_component_ref idref="oc-2f5"/>
      </symbol>
      <symbol id="sm-18db">
         <name>ULPIConfigSet</name>
         <value>0x14153</value>
         <object_component_ref idref="oc-2f5"/>
      </symbol>
      <symbol id="sm-18f5">
         <name>GetOverflowCounts</name>
         <value>0x14bf1</value>
         <object_component_ref idref="oc-1b0"/>
      </symbol>
      <symbol id="sm-18f6">
         <name>vConfigureTimerForRunTimeStats</name>
         <value>0x1470d</value>
         <object_component_ref idref="oc-1a7"/>
      </symbol>
      <symbol id="sm-1916">
         <name>CmdLineProcess</name>
         <value>0x142d1</value>
         <object_component_ref idref="oc-2be"/>
      </symbol>
      <symbol id="sm-1942">
         <name>CPUUsageInit</name>
         <value>0x13edb</value>
         <object_component_ref idref="oc-de"/>
      </symbol>
      <symbol id="sm-1943">
         <name>CPUUsageTick</name>
         <value>0x13e9d</value>
         <object_component_ref idref="oc-de"/>
      </symbol>
      <symbol id="sm-1a3f">
         <name>UARTTxBytesFree</name>
         <value>0xcfa7</value>
         <object_component_ref idref="oc-35"/>
      </symbol>
      <symbol id="sm-1a40">
         <name>UARTFlushRx</name>
         <value>0xcfb3</value>
         <object_component_ref idref="oc-35"/>
      </symbol>
      <symbol id="sm-1a41">
         <name>UARTgetc</name>
         <value>0xcc55</value>
         <object_component_ref idref="oc-35"/>
      </symbol>
      <symbol id="sm-1a42">
         <name>UARTgets</name>
         <value>0xc83d</value>
         <object_component_ref idref="oc-35"/>
      </symbol>
      <symbol id="sm-1a43">
         <name>UARTFlushTx</name>
         <value>0xcfc1</value>
         <object_component_ref idref="oc-35"/>
      </symbol>
      <symbol id="sm-1a44">
         <name>UARTStdioConfig</name>
         <value>0xc687</value>
         <object_component_ref idref="oc-35"/>
      </symbol>
      <symbol id="sm-1a45">
         <name>UARTStdioIntHandler</name>
         <value>0xd00f</value>
         <object_component_ref idref="oc-35"/>
      </symbol>
      <symbol id="sm-1a46">
         <name>UARTRxBytesAvail</name>
         <value>0xcf9b</value>
         <object_component_ref idref="oc-35"/>
      </symbol>
      <symbol id="sm-1a47">
         <name>UARTwrite</name>
         <value>0xc78d</value>
         <object_component_ref idref="oc-35"/>
      </symbol>
      <symbol id="sm-1a48">
         <name>UARTEchoSet</name>
         <value>0xcfe7</value>
         <object_component_ref idref="oc-35"/>
      </symbol>
      <symbol id="sm-1a49">
         <name>UARTprintf</name>
         <value>0xcf77</value>
         <object_component_ref idref="oc-35"/>
      </symbol>
      <symbol id="sm-1a4a">
         <name>UARTvprintf</name>
         <value>0xcc7d</value>
         <object_component_ref idref="oc-35"/>
      </symbol>
      <symbol id="sm-1a71">
         <name>sprintf</name>
         <value>0x14aa5</value>
         <object_component_ref idref="oc-1c9"/>
      </symbol>
      <symbol id="sm-1a7b">
         <name>__aeabi_f2ulz</name>
         <value>0x1493d</value>
         <object_component_ref idref="oc-269"/>
      </symbol>
      <symbol id="sm-1a96">
         <name>memcpy</name>
         <value>0x1437d</value>
         <object_component_ref idref="oc-55"/>
      </symbol>
      <symbol id="sm-1a97">
         <name>__aeabi_memcpy</name>
         <value>0x1437d</value>
         <object_component_ref idref="oc-55"/>
      </symbol>
      <symbol id="sm-1a98">
         <name>__aeabi_memcpy8</name>
         <value>0x1437d</value>
         <object_component_ref idref="oc-55"/>
      </symbol>
      <symbol id="sm-1a99">
         <name>__aeabi_memcpy4</name>
         <value>0x1437d</value>
         <object_component_ref idref="oc-55"/>
      </symbol>
      <symbol id="sm-1aa8">
         <name>__aeabi_uidivmod</name>
         <value>0x14a65</value>
         <object_component_ref idref="oc-c5"/>
      </symbol>
      <symbol id="sm-1aa9">
         <name>__aeabi_uidiv</name>
         <value>0x14a65</value>
         <object_component_ref idref="oc-c5"/>
      </symbol>
      <symbol id="sm-1ab8">
         <name>__aeabi_memset</name>
         <value>0x145bd</value>
         <object_component_ref idref="oc-f0"/>
      </symbol>
      <symbol id="sm-1ab9">
         <name>memset</name>
         <value>0x145c3</value>
         <object_component_ref idref="oc-f0"/>
      </symbol>
      <symbol id="sm-1aba">
         <name>__aeabi_memset8</name>
         <value>0x145bd</value>
         <object_component_ref idref="oc-f0"/>
      </symbol>
      <symbol id="sm-1abb">
         <name>__aeabi_memset4</name>
         <value>0x145bd</value>
         <object_component_ref idref="oc-f0"/>
      </symbol>
      <symbol id="sm-1abc">
         <name>__aeabi_memclr8</name>
         <value>0x145bb</value>
         <object_component_ref idref="oc-f0"/>
      </symbol>
      <symbol id="sm-1abd">
         <name>__aeabi_memclr4</name>
         <value>0x145bb</value>
         <object_component_ref idref="oc-f0"/>
      </symbol>
      <symbol id="sm-1abe">
         <name>__aeabi_memclr</name>
         <value>0x145bb</value>
         <object_component_ref idref="oc-f0"/>
      </symbol>
      <symbol id="sm-1ad0">
         <name>__TI_zero_init</name>
         <value>0x14cfd</value>
         <object_component_ref idref="oc-67"/>
      </symbol>
      <symbol id="sm-1ae7">
         <name>__TI_decompress_none</name>
         <value>0x14cef</value>
         <object_component_ref idref="oc-18"/>
      </symbol>
      <symbol id="sm-1b0a">
         <name>__TI_decompress_lzss</name>
         <value>0x14775</value>
         <object_component_ref idref="oc-12"/>
      </symbol>
      <symbol id="sm-1b19">
         <name>strcmp</name>
         <value>0x14c87</value>
         <object_component_ref idref="oc-427"/>
      </symbol>
      <symbol id="sm-1b27">
         <name>strcpy</name>
         <value>0x14cb5</value>
         <object_component_ref idref="oc-1bd"/>
      </symbol>
      <symbol id="sm-1b35">
         <name>strlen</name>
         <value>0x14cc9</value>
         <object_component_ref idref="oc-1c3"/>
      </symbol>
      <symbol id="sm-1b45">
         <name>strncmp</name>
         <value>0x14bc3</value>
         <object_component_ref idref="oc-2b8"/>
      </symbol>
      <symbol id="sm-1b58">
         <name>__stack</name>
         <value>0x20006570</value>
         <object_component_ref idref="oc-21"/>
      </symbol>
      <symbol id="sm-1b59">
         <name>_c_int00_noargs</name>
         <value>0x14b61</value>
         <object_component_ref idref="oc-73"/>
      </symbol>
      <symbol id="sm-1cbe">
         <name>__TI_printfi</name>
         <value>0xd119</value>
         <object_component_ref idref="oc-3a8"/>
      </symbol>
      <symbol id="sm-1cc8">
         <name>__aeabi_idiv0</name>
         <value>0x61eb</value>
         <object_component_ref idref="oc-21b"/>
      </symbol>
      <symbol id="sm-1cc9">
         <name>__aeabi_ldiv0</name>
         <value>0x61eb</value>
         <object_component_ref idref="oc-21b"/>
      </symbol>
      <symbol id="sm-1ce0">
         <name>__aeabi_dsub</name>
         <value>0x133b5</value>
         <object_component_ref idref="oc-62e"/>
      </symbol>
      <symbol id="sm-1ce1">
         <name>__aeabi_dadd</name>
         <value>0x133bf</value>
         <object_component_ref idref="oc-62e"/>
      </symbol>
      <symbol id="sm-1d03">
         <name>__aeabi_cdcmpeq</name>
         <value>0x144af</value>
         <object_component_ref idref="oc-50e"/>
      </symbol>
      <symbol id="sm-1d04">
         <name>__aeabi_cdcmple</name>
         <value>0x144af</value>
         <object_component_ref idref="oc-50e"/>
      </symbol>
      <symbol id="sm-1d05">
         <name>__aeabi_cdrcmple</name>
         <value>0x14535</value>
         <object_component_ref idref="oc-619"/>
      </symbol>
      <symbol id="sm-1d19">
         <name>__aeabi_ddiv</name>
         <value>0x137e5</value>
         <object_component_ref idref="oc-614"/>
      </symbol>
      <symbol id="sm-1d24">
         <name>__aeabi_dmul</name>
         <value>0x13da1</value>
         <object_component_ref idref="oc-60f"/>
      </symbol>
      <symbol id="sm-1d2e">
         <name>__aeabi_d2iz</name>
         <value>0x149d9</value>
         <object_component_ref idref="oc-61e"/>
      </symbol>
      <symbol id="sm-1d38">
         <name>__aeabi_i2d</name>
         <value>0x14b95</value>
         <object_component_ref idref="oc-629"/>
      </symbol>
      <symbol id="sm-1d45">
         <name>__aeabi_uldivmod</name>
         <value>0x14419</value>
         <object_component_ref idref="oc-608"/>
      </symbol>
      <symbol id="sm-1d6d">
         <name>__TI_auto_init_nobinit_nopinit</name>
         <value>0x14a21</value>
         <object_component_ref idref="oc-34a"/>
      </symbol>
      <symbol id="sm-1d77">
         <name>_system_pre_init</name>
         <value>0x14d2f</value>
         <object_component_ref idref="oc-173"/>
      </symbol>
      <symbol id="sm-1d83">
         <name>C$$EXIT</name>
         <value>0x14d33</value>
         <object_component_ref idref="oc-33e"/>
      </symbol>
      <symbol id="sm-1d84">
         <name>abort</name>
         <value>0x14d33</value>
         <object_component_ref idref="oc-33e"/>
      </symbol>
      <symbol id="sm-1d9c">
         <name>atoi</name>
         <value>0x1498d</value>
         <object_component_ref idref="oc-502"/>
      </symbol>
      <symbol id="sm-1da7">
         <name>_ctypes_</name>
         <value>0x151fa</value>
         <object_component_ref idref="oc-603"/>
      </symbol>
      <symbol id="sm-1db6">
         <name>ltoa</name>
         <value>0x14897</value>
         <object_component_ref idref="oc-623"/>
      </symbol>
      <symbol id="sm-1dc6">
         <name>memccpy</name>
         <value>0x14c39</value>
         <object_component_ref idref="oc-52b"/>
      </symbol>
      <symbol id="sm-1dd6">
         <name>strchr</name>
         <value>0x14c9f</value>
         <object_component_ref idref="oc-65a"/>
      </symbol>
      <symbol id="sm-1dec">
         <name>__aeabi_errno_addr</name>
         <value>0x14d21</value>
         <object_component_ref idref="oc-537"/>
      </symbol>
      <symbol id="sm-1ded">
         <name>errno</name>
         <value>0x2000656c</value>
         <object_component_ref idref="oc-66a"/>
      </symbol>
      <symbol id="sm-1e06">
         <name>wcslen</name>
         <value>0x14cdd</value>
         <object_component_ref idref="oc-531"/>
      </symbol>
      <symbol id="sm-1e26">
         <name>frexpl</name>
         <value>0x147dd</value>
         <object_component_ref idref="oc-64e"/>
      </symbol>
      <symbol id="sm-1e27">
         <name>frexp</name>
         <value>0x147dd</value>
         <object_component_ref idref="oc-64e"/>
      </symbol>
      <symbol id="sm-1e44">
         <name>scalbn</name>
         <value>0x13c91</value>
         <object_component_ref idref="oc-654"/>
      </symbol>
      <symbol id="sm-1e45">
         <name>scalbnl</name>
         <value>0x13c91</value>
         <object_component_ref idref="oc-654"/>
      </symbol>
      <symbol id="sm-1e46">
         <name>ldexpl</name>
         <value>0x13c91</value>
         <object_component_ref idref="oc-654"/>
      </symbol>
      <symbol id="sm-1e47">
         <name>ldexp</name>
         <value>0x13c91</value>
         <object_component_ref idref="oc-654"/>
      </symbol>
      <symbol id="sm-1e51">
         <name>copysign</name>
         <value>0x14c55</value>
         <object_component_ref idref="oc-6fb"/>
      </symbol>
      <symbol id="sm-1e52">
         <name>copysignl</name>
         <value>0x14c55</value>
         <object_component_ref idref="oc-6fb"/>
      </symbol>
      <symbol id="sm-1e53">
         <name>__TI_static_base__</name>
         <value>0x0</value>
      </symbol>
      <symbol id="sm-1e56">
         <name>__mpu_init</name>
         <value>0x0</value>
      </symbol>
      <symbol id="sm-1e57">
         <name>_system_post_cinit</name>
         <value>0x0</value>
      </symbol>
   </symbol_table>
   <title>Link successful</title>
</link_info>
