******************************************************************************
                  TI ARM Linker PC v18.12.4                    
******************************************************************************
>> Linked Fri May 15 18:35:24 2020

OUTPUT FILE NAME:   <3.Buttons-QT_TIVA.out>
ENTRY POINT SYMBOL: "_c_int00_noargs"  address: 00014941


MEMORY CONFIGURATION

         name            origin    length      used     unused   attr    fill
----------------------  --------  ---------  --------  --------  ----  --------
  FLASH                 00000000   00040000  0001596e  0002a692  R  X
  SRAM                  20000000   00008000  00006771  0000188f  RW X


SEGMENT ALLOCATION MAP

run origin  load origin   length   init length attrs members
----------  ----------- ---------- ----------- ----- -------
00000000    00000000    00015970   00015970    r-x
  00000000    00000000    0000026c   0000026c    r-- .intvecs
  0000026c    0000026c    000148aa   000148aa    r-x .text
  00014b18    00014b18    00000ce8   00000ce8    r-- .const
  00015800    00015800    00000170   00000170    r-- .cinit
20000000    20000000    00006778   00000000    rw-
  20000000    20000000    0000026c   00000000    rw- .vtable
  2000026c    2000026c    0000606d   00000000    rw- .bss
  200062dc    200062dc    00000298   00000000    rw- .data
  20006578    20006578    00000200   00000000    rw- .stack


SECTION ALLOCATION MAP

 output                                  attributes/
section   page    origin      length       input sections
--------  ----  ----------  ----------   ----------------
.intvecs   0    00000000    0000026c     
                  00000000    0000026c     startup_ccs.obj (.intvecs)

.text      0    0000026c    000148aa     
                  0000026c    00002db0     usbhostenum.obj (.text)
                  0000301c    00001c18     tasks.obj (.text)
                  00004c34    000015b6     usb.obj (.text)
                  000061ea    00000002     rtsv7M4_T_le_v4SPD16_eabi.lib : div0.asm.obj (.text)
                  000061ec    0000134c     usbdenum.obj (.text)
                  00007538    00000f80     sysctl.obj (.text)
                  000084b8    00000f20     usbdma.obj (.text)
                  000093d8    00000e6c     usbdcdc.obj (.text)
                  0000a244    00000c8c     queue.obj (.text)
                  0000aed0    00000b94     gpio.obj (.text)
                  0000ba64    00000aec     uartstdioMod.obj (.text)
                  0000c550    00000a4e     rtsv7M4_T_le_v4SPD16_eabi.lib : _printfi.c.obj (.text:__TI_printfi)
                  0000cf9e    00000002     --HOLE-- [fill = 0]
                  0000cfa0    0000099c     Botones.obj (.text)
                  0000d93c    00000924     usbhhub.obj (.text)
                  0000e260    0000083a     adc.obj (.text)
                  0000ea9a    00000002     --HOLE-- [fill = 0]
                  0000ea9c    000006cc     timers.obj (.text)
                  0000f168    00000642     timer.obj (.text)
                  0000f7aa    00000002     --HOLE-- [fill = 0]
                  0000f7ac    0000062e     uart.obj (.text)
                  0000fdda    00000002     --HOLE-- [fill = 0]
                  0000fddc    00000500     usbmode.obj (.text)
                  000102dc    000004e0     commands.obj (.text)
                  000107bc    000004ae     usbbuffer.obj (.text)
                  00010c6a    00000002     --HOLE-- [fill = 0]
                  00010c6c    0000042c     rgb.obj (.text)
                  00011098    00000408     event_groups.obj (.text)
                  000114a0    000003c0     interrupt.obj (.text)
                  00011860    00000388     serial2USBprotocol.obj (.text)
                  00011be8    00000388     usbdconfig.obj (.text)
                  00011f70    00000374     usb_dev_serial.obj (.text)
                  000122e4    000002f4     usbringbuf.obj (.text)
                  000125d8    000002de     usbdcdesc.obj (.text)
                  000128b6    00000002     --HOLE-- [fill = 0]
                  000128b8    000002c8     heap_4.obj (.text)
                  00012b80    00000270     rtsv7M4_T_le_v4SPD16_eabi.lib : _printfi.c.obj (.text:_pconv_a)
                  00012df0    000001d2     usbdesc.obj (.text)
                  00012fc2    00000002     --HOLE-- [fill = 0]
                  00012fc4    000001d0     rtsv7M4_T_le_v4SPD16_eabi.lib : _printfi.c.obj (.text:_pconv_g)
                  00013194    000001b6                                   : fd_add_t2.asm.obj (.text)
                  0001334a    00000002     --HOLE-- [fill = 0]
                  0001334c    0000013c                                   : _printfi.c.obj (.text:_pconv_e)
                  00013488    0000013c     port.obj (.text)
                  000135c4    00000136     rtsv7M4_T_le_v4SPD16_eabi.lib : fd_div_t2.asm.obj (.text)
                  000136fa    0000012a     list.obj (.text)
                  00013824    00000128     buttons.obj (.text)
                  0001394c    00000124     rtsv7M4_T_le_v4SPD16_eabi.lib : _printfi.c.obj (.text:fcvt)
                  00013a70    00000110                                   : s_scalbn.c.obj (.text:scalbn)
                  00013b80    000000fc                                   : fd_mul_t2.asm.obj (.text)
                  00013c7c    000000f0     cpu_usage.obj (.text)
                  00013d6c    000000ec     usbtick.obj (.text)
                  00013e58    000000da     portasm.obj (.text)
                  00013f32    000000c8     usbulpi.obj (.text)
                  00013ffa    00000002     --HOLE-- [fill = 0]
                  00013ffc    000000b1     rtsv7M4_T_le_v4SPD16_eabi.lib : _printfi.c.obj (.text:_ltostr)
                  000140ad    00000003     --HOLE-- [fill = 0]
                  000140b0    000000ac     cmdline.obj (.text)
                  0001415c    0000009c     rtsv7M4_T_le_v4SPD16_eabi.lib : memcpy_t2.asm.obj (.text)
                  000141f8    00000096                                   : ull_div_t2.asm.obj (.text)
                  0001428e    00000086                                   : fd_cmp_t2.asm.obj (.text:__aeabi_cdcmple)
                  00014314    00000086                                   : fd_cmp_t2.asm.obj (.text:__aeabi_cdrcmple)
                  0001439a    0000007a                                   : memset_t2.asm.obj (.text)
                  00014414    0000006e                                   : _printfi.c.obj (.text:_mcpy)
                  00014482    00000002     --HOLE-- [fill = 0]
                  00014484    00000068     crc.obj (.text)
                  000144ec    00000068     RunTimeStatsConfig.obj (.text)
                  00014554    00000068     rtsv7M4_T_le_v4SPD16_eabi.lib : copy_decompress_lzss.c.obj (.text:decompress:lzss:__TI_decompress_lzss)
                  000145bc    00000064                                   : s_frexp.c.obj (.text:frexp)
                  00014620    00000056                                   : _printfi.c.obj (.text:_pconv_f)
                  00014676    00000054                                   : ltoa.c.obj (.text:ltoa)
                  000146ca    00000052                                   : _printfi.c.obj (.text:_ecpy)
                  0001471c    00000050                                   : fs_toull_t2.asm.obj (.text)
                  0001476c    0000004c                                   : atoi.c.obj (.text:atoi)
                  000147b8    00000048                                   : fd_toi_t2.asm.obj (.text)
                  00014800    00000044                                   : autoinit.c.obj (.text:__TI_auto_init_nobinit_nopinit:__TI_auto_init_nobinit_nopinit)
                  00014844    00000040                                   : u_divt2.asm.obj (.text)
                  00014884    00000040                                   : sprintf.c.obj (.text:sprintf)
                  000148c4    0000003e                                   : _printfi.c.obj (.text:_fcpy)
                  00014902    0000003e     cpu.obj (.text)
                  00014940    00000034     rtsv7M4_T_le_v4SPD16_eabi.lib : boot_cortex_m.c.obj (.text:_c_int00_noargs:_c_int00_noargs)
                  00014974    0000002e                                   : i_tofd_t2.asm.obj (.text)
                  000149a2    0000002c                                   : strncmp.c.obj (.text:strncmp)
                  000149ce    00000002     --HOLE-- [fill = 0]
                  000149d0    00000024     RunTimeStatsConfig.obj (.text:GetOverflowCounts)
                  000149f4    00000024     usbdhandler.obj (.text)
                  00014a18    0000001c     rtsv7M4_T_le_v4SPD16_eabi.lib : memccpy.c.obj (.text:memccpy)
                  00014a34    0000001a                                   : s_copysign.c.obj (.text:copysign)
                  00014a4e    00000018                                   : sprintf.c.obj (.text:_outs)
                  00014a66    00000018                                   : strcmp.c.obj (.text:strcmp)
                  00014a7e    00000016                                   : strchr.c.obj (.text:strchr)
                  00014a94    00000014                                   : strcpy.c.obj (.text:strcpy)
                  00014aa8    00000014                                   : strlen.c.obj (.text:strlen)
                  00014abc    00000012                                   : wcslen.c.obj (.text:wcslen)
                  00014ace    0000000e                                   : copy_decompress_none.c.obj (.text:decompress:none:__TI_decompress_none)
                  00014adc    0000000c                                   : copy_zero_init.c.obj (.text:decompress:ZI:__TI_zero_init)
                  00014ae8    0000000c     startup_ccs.obj (.text)
                  00014af4    0000000a     rtsv7M4_T_le_v4SPD16_eabi.lib : sprintf.c.obj (.text:_outc)
                  00014afe    00000002     --HOLE-- [fill = 0]
                  00014b00    00000008                                   : errno.c.obj (.text:__aeabi_errno_addr)
                  00014b08    00000006     sysctl.obj (.text:SysCtlDelay)
                  00014b0e    00000004     rtsv7M4_T_le_v4SPD16_eabi.lib : pre_init.c.obj (.text:_system_pre_init)
                  00014b12    00000004                                   : exit.c.obj (.text:abort:abort)

.const     0    00014b18    00000ce8     
                  00014b18    00000200     crc.obj (.const:crctttab)
                  00014d18    000001b0     sysctl.obj (.const:g_pppui32XTALtoVCO)
                  00014ec8    00000112     commands.obj (.const:.string)
                  00014fda    00000101     rtsv7M4_T_le_v4SPD16_eabi.lib : ctype.c.obj (.const:.string:_ctypes_)
                  000150db    00000001     --HOLE-- [fill = 0]
                  000150dc    000000d8     gpio.obj (.const:g_ppui32GPIOIntMapSnowflake)
                  000151b4    000000c0     gpio.obj (.const:g_ppui32GPIOIntMapBlizzard)
                  00015274    0000009c     interrupt.obj (.const:g_pui32Regs)
                  00015310    00000090     gpio.obj (.const:g_pui32GPIOBaseAddrs)
                  000153a0    0000006c     sysctl.obj (.const:g_pui32Xtals)
                  0001540c    00000060     timer.obj (.const:g_ppui32TimerIntMap)
                  0001546c    00000040     timer.obj (.const:g_ppui32TimerIntMapSnowflake)
                  000154ac    00000040     uart.obj (.const:g_ppui32UARTIntMap)
                  000154ec    00000040     uart.obj (.const:g_ppui32UARTIntMapSnowflake)
                  0001552c    00000036     usb_serial_structs.obj (.const:.string:g_pui8ConfigString)
                  00015562    00000002     --HOLE-- [fill = 0]
                  00015564    00000034     usbdenum.obj (.const:g_psUSBDStdRequests)
                  00015598    00000030     usbdcdc.obj (.const:g_sCDCHandlers)
                  000155c8    00000030     sysctl.obj (.const:g_sXTALtoMEMTIM)
                  000155f8    0000002c     usb_serial_structs.obj (.const:.string:g_pui8ControlInterfaceString)
                  00015624    00000024     usb_serial_structs.obj (.const:.string:g_pui8ManufacturerString)
                  00015648    00000023     usbdcdc.obj (.const:.string:g_pui8CDCSerCommInterface)
                  0001566b    00000022     usb_serial_structs.obj (.const:.string:g_pui8ProductString)
                  0001568d    00000003     --HOLE-- [fill = 0]
                  00015690    00000020     interrupt.obj (.const:g_pui32Priority)
                  000156b0    00000018     usb_serial_structs.obj (.const:g_ppui8StringDescriptors)
                  000156c8    00000017     usbdcdc.obj (.const:.string:g_pui8CDCSerDataInterface)
                  000156df    00000017     usbdcdc.obj (.const:.string:g_pui8CDCSerDataInterfaceHS)
                  000156f6    00000002     --HOLE-- [fill = 0]
                  000156f8    00000014     interrupt.obj (.const:g_pui32Dii16Regs)
                  0001570c    00000014     interrupt.obj (.const:g_pui32EnRegs)
                  00015720    00000014     interrupt.obj (.const:g_pui32PendRegs)
                  00015734    00000014     interrupt.obj (.const:g_pui32UnpendRegs)
                  00015748    00000012     usb_serial_structs.obj (.const:.string:g_pui8SerialNumberString)
                  0001575a    00000002     --HOLE-- [fill = 0]
                  0001575c    00000012     uartstdioMod.obj (.const:.string)
                  0001576e    00000002     --HOLE-- [fill = 0]
                  00015770    0000000c     uartstdioMod.obj (.const:g_ui32UARTBase)
                  0001577c    0000000c     uartstdioMod.obj (.const:g_ui32UARTInt)
                  00015788    0000000c     uartstdioMod.obj (.const:g_ui32UARTPeriph)
                  00015794    00000008     sysctl.obj (.const:g_pui32VCOFrequencies)
                  0001579c    00000008     usbdcdc.obj (.const:g_sCDCCompSerConfigHeader)
                  000157a4    00000008     usbdcdc.obj (.const:g_sCDCCompSerConfigHeaderHS)
                  000157ac    00000008     usbdcdc.obj (.const:g_sCDCSerCommInterfaceSection)
                  000157b4    00000008     usbdcdc.obj (.const:g_sCDCSerConfigHeader)
                  000157bc    00000008     usbdcdc.obj (.const:g_sCDCSerConfigHeaderHS)
                  000157c4    00000008     usbdcdc.obj (.const:g_sCDCSerConfigSection)
                  000157cc    00000008     usbdcdc.obj (.const:g_sCDCSerDataInterfaceSection)
                  000157d4    00000008     usbdcdc.obj (.const:g_sCDCSerDataInterfaceSectionHS)
                  000157dc    00000008     usbdcdc.obj (.const:g_sIADSerConfigSection)
                  000157e4    00000004     usb_serial_structs.obj (.const:.string:g_pui8LangDescriptor)
                  000157e8    00000004     usbdcdc.obj (.const:g_pCDCCompSerConfigDescriptors)
                  000157ec    00000004     usbdcdc.obj (.const:g_pCDCCompSerConfigDescriptorsHS)
                  000157f0    00000004     usbdcdc.obj (.const:g_ppCDCSerConfigDescriptors)
                  000157f4    00000004     usbdcdc.obj (.const:g_ppCDCSerConfigDescriptorsHS)
                  000157f8    00000004     port.obj (.const)
                  000157fc    00000004     uartstdioMod.obj (.const)

.cinit     0    00015800    00000170     
                  00015800    00000137     (.cinit..data.load) [load image, compression = lzss]
                  00015937    00000001     --HOLE-- [fill = 0]
                  00015938    0000000c     (__TI_handler_table)
                  00015944    00000004     --HOLE-- [fill = 0]
                  00015948    00000008     (.cinit..bss.load) [load image, compression = zero_init]
                  00015950    00000008     (.cinit..vtable.load) [load image, compression = zero_init]
                  00015958    00000018     (__TI_cinit_table)

.init_array 
*          0    00000000    00000000     UNINITIALIZED

.vtable    0    20000000    0000026c     UNINITIALIZED
                  20000000    0000026c     interrupt.obj (.vtable)

.bss       0    2000026c    0000606d     UNINITIALIZED
                  2000026c    00005000     heap_4.obj (.bss:ucHeap)
                  2000526c    000006cc     usbhostenum.obj (.bss:g_sUSBHCD)
                  20005938    00000200     uartstdioMod.obj (.bss:g_pcUARTRxHistoryBuffer)
                  20005b38    00000140     tasks.obj (.bss:pxReadyTasksLists)
                  20005c78    00000110     usbdma.obj (.bss:g_psUSBDMAInst)
                  20005d88    00000100     (.common:g_pui8USBRxBuffer)
                  20005e88    00000100     (.common:g_pui8USBTxBuffer)
                  20005f88    0000009c     usbhhub.obj (.bss:g_sRootHub)
                  20006024    00000050     (.common:g_psDCDInst)
                  20006074    00000050     (.common:xQueueRegistry)
                  200060c4    00000040     usbdenum.obj (.bss:g_pui8DataBufferIn)
                  20006104    00000024     cmdline.obj (.bss:g_ppcArgv)
                  20006128    00000020     uartstdioMod.obj (.bss:g_usUARTRxHistoryOffset)
                  20006148    00000018     usbhostenum.obj (.bss:g_pi32USBHActiveDriver)
                  20006160    00000018     usbhostenum.obj (.bss:g_ppvDriverInstance)
                  20006178    00000018     (.common:g_pfnTickHandlers)
                  20006190    00000018     (.common:g_pvTickInstance)
                  200061a8    00000014     uartstdioMod.obj (.bss)
                  200061bc    00000014     timers.obj (.bss:xActiveTimerList1)
                  200061d0    00000014     timers.obj (.bss:xActiveTimerList2)
                  200061e4    00000014     tasks.obj (.bss:xDelayedTaskList1)
                  200061f8    00000014     tasks.obj (.bss:xDelayedTaskList2)
                  2000620c    00000014     tasks.obj (.bss:xPendingReadyList)
                  20006220    00000014     tasks.obj (.bss:xSuspendedTaskList)
                  20006234    00000014     tasks.obj (.bss:xTasksWaitingTermination)
                  20006248    0000000c     cpu_usage.obj (.bss)
                  20006254    0000000c     rgb.obj (.bss:g_ui32Colors)
                  20006260    00000008     usbhostenum.obj (.bss:g_pui32Alloc)
                  20006268    00000008     adc.obj (.bss:g_pui8OversampleFactor)
                  20006270    00000008     tasks.obj (.bss)
                  20006278    00000008     timers.obj (.bss)
                  20006280    00000008     usb_dev_serial.obj (.bss)
                  20006288    00000008     usbhhub.obj (.bss)
                  20006290    00000008     heap_4.obj (.bss:xStart)
                  20006298    00000004     Botones.obj (.bss)
                  2000629c    00000004     commands.obj (.bss)
                  200062a0    00000004     rgb.obj (.bss)
                  200062a4    00000004     usbdenum.obj (.bss)
                  200062a8    00000004     usbhostenum.obj (.bss)
                  200062ac    00000004     usbmode.obj (.bss)
                  200062b0    00000004     (.common:cola_freertos)
                  200062b4    00000004     (.common:cola_hora)
                  200062b8    00000004     (.common:cola_temperatura)
                  200062bc    00000004     (.common:g_ppsDevInfo)
                  200062c0    00000004     (.common:g_ui32CPUUsage)
                  200062c4    00000004     (.common:g_ui32PollRate)
                  200062c8    00000004     (.common:g_ui32SystemClock)
                  200062cc    00000004     (.common:mutexUSB)
                  200062d0    00000004     (.common:ui32Period)
                  200062d4    00000004     (.common:xTimer)
                  200062d8    00000001     (.common:g_eOTGModeState)

.data      0    200062dc    00000298     UNINITIALIZED
                  200062dc    00000060     commands.obj (.data:g_psCmdTable)
                  2000633c    00000060     usb_serial_structs.obj (.data:g_sCDCDevice)
                  2000639c    0000003c     tasks.obj (.data)
                  200063d8    00000038     usb_serial_structs.obj (.data:g_sRxBuffer)
                  20006410    00000038     usb_serial_structs.obj (.data:g_sTxBuffer)
                  20006448    00000018     cpu_usage.obj (.data:g_pui32CPUUsageTimerBase)
                  20006460    00000018     cpu_usage.obj (.data:g_pui32CPUUsageTimerPeriph)
                  20006478    00000018     usbhostenum.obj (.data:g_sUSBHEP0State)
                  20006490    00000014     usbhostenum.obj (.data)
                  200064a4    00000012     usbdcdc.obj (.data:g_pui8CDCSerDeviceDescriptor)
                  200064b6    00000002     usbdcdc.obj (.data)
                  200064b8    00000010     usbdcdc.obj (.data:g_psCDCCompSerSections)
                  200064c8    00000010     usbdcdc.obj (.data:g_psCDCCompSerSectionsHS)
                  200064d8    00000010     heap_4.obj (.data)
                  200064e8    0000000c     usbdcdc.obj (.data:g_psCDCSerSections)
                  200064f4    0000000c     usbdcdc.obj (.data:g_psCDCSerSectionsHS)
                  20006500    0000000c     timers.obj (.data)
                  2000650c    0000000c     uartstdioMod.obj (.data)
                  20006518    0000000c     usbtick.obj (.data)
                  20006524    00000009     Botones.obj (.data)
                  2000652d    00000009     usbdcdc.obj (.data:g_pui8CDCSerDescriptor)
                  20006536    00000002     --HOLE--
                  20006538    00000009     usb_dev_serial.obj (.data)
                  20006541    00000003     buttons.obj (.data)
                  20006544    00000009     usbmode.obj (.data)
                  2000654d    00000008     usbdcdc.obj (.data:g_pui8IADSerDescriptor)
                  20006555    00000003     --HOLE--
                  20006558    00000008     usbdenum.obj (.data)
                  20006560    00000007     usb_dev_serial.obj (.data:ConfigLinea)
                  20006567    00000001     --HOLE--
                  20006568    00000004     port.obj (.data)
                  2000656c    00000004     rgb.obj (.data)
                  20006570    00000004     rtsv7M4_T_le_v4SPD16_eabi.lib : errno.c.obj (.data)

.stack     0    20006578    00000200     UNINITIALIZED
                  20006578    00000004     rtsv7M4_T_le_v4SPD16_eabi.lib : boot_cortex_m.c.obj (.stack)
                  2000657c    000001fc     --HOLE--

MODULE SUMMARY

       Module                       code    ro data   rw data
       ------                       ----    -------   -------
    .\
       Botones.obj                  2460    0         45     
       commands.obj                 1248    274       100    
       usb_serial_structs.obj       0       214       720    
       usb_dev_serial.obj           884     0         24     
       serial2USBprotocol.obj       904     0         0      
       startup_ccs.obj              12      620       0      
       crc.obj                      104     512       0      
    +--+----------------------------+-------+---------+---------+
       Total:                       5612    1620      889    
                                                             
    .\FreeRTOS\Source\
       tasks.obj                    7192    0         488    
       queue.obj                    3212    0         80     
       timers.obj                   1740    0         60     
       event_groups.obj             1032    0         0      
       list.obj                     298     0         0      
    +--+----------------------------+-------+---------+---------+
       Total:                       13474   0         628    
                                                             
    .\FreeRTOS\Source\portable\CCS\ARM_CM4F\
       port.obj                     316     4         4      
       portasm.obj                  218     0         0      
    +--+----------------------------+-------+---------+---------+
       Total:                       534     4         4      
                                                             
    .\FreeRTOS\Source\portable\MemMang\
       heap_4.obj                   712     0         20504  
    +--+----------------------------+-------+---------+---------+
       Total:                       712     0         20504  
                                                             
    .\driverlib\
       usb.obj                      5558    0         0      
       sysctl.obj                   3974    596       0      
       gpio.obj                     2964    552       0      
       adc.obj                      2106    0         8      
       interrupt.obj                960     268       620    
       timer.obj                    1602    160       0      
       uart.obj                     1582    128       0      
       cpu.obj                      62      0         0      
    +--+----------------------------+-------+---------+---------+
       Total:                       18808   1704      628    
                                                             
    .\drivers\
       rgb.obj                      1068    0         20     
       buttons.obj                  296     0         3      
    +--+----------------------------+-------+---------+---------+
       Total:                       1364    0         23     
                                                             
    .\usblib\
       usbdma.obj                   3872    0         272    
       usbmode.obj                  1280    0         18     
       usbbuffer.obj                1198    0         0      
       usbringbuf.obj               756     0         0      
       usbdesc.obj                  466     0         0      
       usbtick.obj                  236     0         60     
       usbulpi.obj                  200     0         0      
    +--+----------------------------+-------+---------+---------+
       Total:                       8008    0         350    
                                                             
    .\usblib\device\
       usbdenum.obj                 4940    52        160    
       usbdcdc.obj                  3692    217       93     
       usbdconfig.obj               904     0         0      
       usbdcdesc.obj                734     0         0      
       usbdhandler.obj              36      0         0      
    +--+----------------------------+-------+---------+---------+
       Total:                       10306   269       253    
                                                             
    .\usblib\host\
       usbhostenum.obj              11696   0         1844   
       usbhhub.obj                  2340    0         164    
    +--+----------------------------+-------+---------+---------+
       Total:                       14036   0         2008   
                                                             
    .\utils\
       uartstdioMod.obj             2796    58        576    
       cpu_usage.obj                240     0         60     
       cmdline.obj                  172     0         36     
       RunTimeStatsConfig.obj       140     0         0      
    +--+----------------------------+-------+---------+---------+
       Total:                       3348    58        672    
                                                             
    C:\ti\ccs930\ccs\tools\compiler\ti-cgt-arm_18.12.4.LTS\lib\rtsv7M4_T_le_v4SPD16_eabi.lib
       _printfi.c.obj               4851    0         0      
       fd_add_t2.asm.obj            438     0         0      
       fd_div_t2.asm.obj            310     0         0      
       s_scalbn.c.obj               272     0         0      
       fd_cmp_t2.asm.obj            268     0         0      
       ctype.c.obj                  0       257       0      
       fd_mul_t2.asm.obj            252     0         0      
       memcpy_t2.asm.obj            156     0         0      
       ull_div_t2.asm.obj           150     0         0      
       memset_t2.asm.obj            122     0         0      
       copy_decompress_lzss.c.obj   104     0         0      
       s_frexp.c.obj                100     0         0      
       sprintf.c.obj                98      0         0      
       ltoa.c.obj                   84      0         0      
       fs_toull_t2.asm.obj          80      0         0      
       atoi.c.obj                   76      0         0      
       fd_toi_t2.asm.obj            72      0         0      
       autoinit.c.obj               68      0         0      
       u_divt2.asm.obj              64      0         0      
       boot_cortex_m.c.obj          52      0         0      
       i_tofd_t2.asm.obj            46      0         0      
       strncmp.c.obj                44      0         0      
       memccpy.c.obj                28      0         0      
       s_copysign.c.obj             26      0         0      
       strcmp.c.obj                 24      0         0      
       strchr.c.obj                 22      0         0      
       strcpy.c.obj                 20      0         0      
       strlen.c.obj                 20      0         0      
       wcslen.c.obj                 18      0         0      
       copy_decompress_none.c.obj   14      0         0      
       copy_zero_init.c.obj         12      0         0      
       errno.c.obj                  8       0         4      
       exit.c.obj                   4       0         0      
       pre_init.c.obj               4       0         0      
       div0.asm.obj                 2       0         0      
    +--+----------------------------+-------+---------+---------+
       Total:                       7909    257       4      
                                                             
       Stack:                       0       0         512    
       Linker Generated:            0       363       0      
    +--+----------------------------+-------+---------+---------+
       Grand Total:                 84111   4275      26475  


LINKER GENERATED COPY TABLES

__TI_cinit_table @ 00015958 records: 3, size/record: 8, table size: 24
	.data: load addr=00015800, load size=00000137 bytes, run addr=200062dc, run size=00000298 bytes, compression=lzss
	.bss: load addr=00015948, load size=00000008 bytes, run addr=2000026c, run size=0000606d bytes, compression=zero_init
	.vtable: load addr=00015950, load size=00000008 bytes, run addr=20000000, run size=0000026c bytes, compression=zero_init


LINKER GENERATED HANDLER TABLE

__TI_handler_table @ 00015938 records: 3, size/record: 4, table size: 12
	index: 0, handler: __TI_zero_init
	index: 1, handler: __TI_decompress_lzss
	index: 2, handler: __TI_decompress_none


GLOBAL SYMBOLS: SORTED ALPHABETICALLY BY Name 

address   name                                 
-------   ----                                 
0000ea11  ADCBusy                              
0000ea59  ADCClockConfigGet                    
0000ea2f  ADCClockConfigSet                    
0000e82b  ADCComparatorConfigure               
0000e905  ADCComparatorIntClear                
0000e8b1  ADCComparatorIntDisable              
0000e8cf  ADCComparatorIntEnable               
0000e8f1  ADCComparatorIntStatus               
0000e847  ADCComparatorRegionSet               
0000e86b  ADCComparatorReset                   
0000e7f9  ADCHardwareOversampleConfigure       
0000e39b  ADCIntClear                          
0000e979  ADCIntClearEx                        
0000e301  ADCIntDisable                        
0000e917  ADCIntDisableEx                      
0000e31d  ADCIntEnable                         
0000e92f  ADCIntEnableEx                       
0000e2bb  ADCIntRegister                       
0000e343  ADCIntStatus                         
0000e947  ADCIntStatusEx                       
0000e2e3  ADCIntUnregister                     
0000e9cb  ADCPhaseDelayGet                     
0000e9b9  ADCPhaseDelaySet                     
0000e60d  ADCProcessorTrigger                  
0000e9a7  ADCReferenceGet                      
0000e98b  ADCReferenceSet                      
0000d7c9  ADCSequence0Handler                  
0000d821  ADCSequence1Handler                  
0000e3e5  ADCSequenceConfigure                 
0000e9f5  ADCSequenceDMADisable                
0000e9d9  ADCSequenceDMAEnable                 
0000e5cb  ADCSequenceDataGet                   
0000e3cb  ADCSequenceDisable                   
0000e3b1  ADCSequenceEnable                    
0000e56f  ADCSequenceOverflow                  
0000e587  ADCSequenceOverflowClear             
0000e481  ADCSequenceStepConfigure             
0000e59d  ADCSequenceUnderflow                 
0000e5b5  ADCSequenceUnderflowClear            
0000e631  ADCSoftwareOversampleConfigure       
0000e765  ADCSoftwareOversampleDataGet         
0000e683  ADCSoftwareOversampleStepConfigure   
000138cb  ButtonsInit                          
00013825  ButtonsPoll                          
00014b13  C$$EXIT                              
00013cbb  CPUUsageInit                         
00013c7d  CPUUsageTick                         
00014937  CPUbasepriGet                        
00014929  CPUbasepriSet                        
00014903  CPUcpsid                             
00014919  CPUcpsie                             
0001490f  CPUprimask                           
00014925  CPUwfi                               
000140b1  CmdLineProcess                       
0000026d  ConfigDescAlloc                      
00000303  ConfigDescFree                       
0000ba3d  GPIOADCTriggerDisable                
0000ba1f  GPIOADCTriggerEnable                 
0000ba01  GPIODMATriggerDisable                
0000b9e3  GPIODMATriggerEnable                 
0000af8b  GPIODirModeGet                       
0000af2f  GPIODirModeSet                       
0000d891  GPIOFIntHandler                      
0000b4f3  GPIOIntClear                         
0000b4b7  GPIOIntDisable                       
0000b49d  GPIOIntEnable                        
0000b507  GPIOIntRegister                      
0000b53f  GPIOIntRegisterPin                   
0000b4d1  GPIOIntStatus                        
0000b07b  GPIOIntTypeGet                       
0000afd7  GPIOIntTypeSet                       
0000b525  GPIOIntUnregister                    
0000b56d  GPIOIntUnregisterPin                 
0000b34b  GPIOPadConfigGet                     
0000b111  GPIOPadConfigSet                     
0000b985  GPIOPinConfigure                     
0000b591  GPIOPinRead                          
0000b5c9  GPIOPinTypeADC                       
0000b5ed  GPIOPinTypeCAN                       
0000b611  GPIOPinTypeComparator                
0000b635  GPIOPinTypeComparatorOutput          
0000b659  GPIOPinTypeDIVSCLK                   
0000b67d  GPIOPinTypeEPI                       
0000b6a1  GPIOPinTypeEthernetLED               
0000b6c5  GPIOPinTypeEthernetMII               
0000b6e9  GPIOPinTypeGPIOInput                 
0000b70d  GPIOPinTypeGPIOOutput                
0000b731  GPIOPinTypeGPIOOutputOD              
0000b755  GPIOPinTypeHibernateRTCCLK           
0000b779  GPIOPinTypeI2C                       
0000b79d  GPIOPinTypeI2CSCL                    
0000b7c1  GPIOPinTypeLCD                       
0000b7e5  GPIOPinTypeOneWire                   
0000b809  GPIOPinTypePWM                       
0000b82d  GPIOPinTypeQEI                       
0000b851  GPIOPinTypeSSI                       
0000b875  GPIOPinTypeTimer                     
0000b899  GPIOPinTypeTrace                     
0000b8bd  GPIOPinTypeUART                      
0000b8e1  GPIOPinTypeUSBAnalog                 
0000b905  GPIOPinTypeUSBDigital                
0000b929  GPIOPinTypeWakeHigh                  
0000b94f  GPIOPinTypeWakeLow                   
0000b975  GPIOPinWakeStatus                    
0000b5a9  GPIOPinWrite                         
000149d1  GetOverflowCounts                    
00011661  IntDisable                           
000115ef  IntEnable                            
000116d3  IntIsEnabled                         
000114b3  IntMasterDisable                     
000114a3  IntMasterEnable                      
000117c9  IntPendClear                         
00011759  IntPendSet                           
000115cb  IntPriorityGet                       
00011543  IntPriorityGroupingGet               
00011529  IntPriorityGroupingSet               
00011823  IntPriorityMaskGet                   
00011817  IntPriorityMaskSet                   
0001157b  IntPrioritySet                       
000114c3  IntRegister                          
0001182b  IntTrigger                           
00011515  IntUnregister                        
000023dd  InternalUSBHCDSendEvent              
00013db3  InternalUSBRegisterTickHandler       
00013e03  InternalUSBStartOfFrameTick          
00013d6d  InternalUSBTickInit                  
00013dab  InternalUSBTickReset                 
000101bf  OTGDeviceDisconnect                  
00009621  ProcessDataFromHost                  
00009731  ProcessDataToHost                    
000096cf  ProcessNotificationToHost            
00010c6d  RGBBlinkIntHandler                   
00010f81  RGBBlinkRateSet                      
0001100d  RGBColorGet                          
00010ec3  RGBColorSet                          
00010e4d  RGBDisable                           
00010d95  RGBEnable                            
00010c9b  RGBInit                              
00010f6d  RGBIntensitySet                      
00010eab  RGBSet                               
00014ae9  ResetISR                             
00008475  SysCtlAltClkConfig                   
00007b9d  SysCtlClockFreqSet                   
00008065  SysCtlClockGet                       
00008459  SysCtlClockOutConfig                 
00007e95  SysCtlClockSet                       
00007aa1  SysCtlDeepSleep                      
00008229  SysCtlDeepSleepClockConfigSet        
0000820b  SysCtlDeepSleepClockSet              
00007a81  SysCtlDeepSleepPowerSet              
00014b09  SysCtlDelay                          
0000762f  SysCtlFlashSectorSizeGet             
00007603  SysCtlFlashSizeGet                   
000082ff  SysCtlGPIOAHBDisable                 
000082e3  SysCtlGPIOAHBEnable                  
00007a15  SysCtlIntClear                       
000079fd  SysCtlIntDisable                     
000079e9  SysCtlIntEnable                      
000079c1  SysCtlIntRegister                    
00007a25  SysCtlIntStatus                      
000079d9  SysCtlIntUnregister                  
00007a67  SysCtlLDODeepSleepGet                
00007a57  SysCtlLDODeepSleepSet                
00007a51  SysCtlLDOSleepGet                    
00007a41  SysCtlLDOSleepSet                    
00007ad7  SysCtlMOSCConfigSet                  
0000843d  SysCtlNMIClear                       
00008429  SysCtlNMIStatus                      
00007aed  SysCtlPIOSCCalibrate                 
000082cd  SysCtlPWMClockGet                    
000082b3  SysCtlPWMClockSet                    
0000796d  SysCtlPeripheralClockGating          
00007925  SysCtlPeripheralDeepSleepDisable     
000078d5  SysCtlPeripheralDeepSleepEnable      
00007811  SysCtlPeripheralDisable              
000077d5  SysCtlPeripheralEnable               
00007711  SysCtlPeripheralPowerOff             
000076d5  SysCtlPeripheralPowerOn              
00007655  SysCtlPeripheralPresent              
00007695  SysCtlPeripheralReady                
0000774d  SysCtlPeripheralReset                
00007899  SysCtlPeripheralSleepDisable         
00007855  SysCtlPeripheralSleepEnable          
00007a91  SysCtlReset                          
00007b4d  SysCtlResetBehaviorGet               
00007b3d  SysCtlResetBehaviorSet               
00007ac3  SysCtlResetCauseClear                
00007abd  SysCtlResetCauseGet                  
000075f9  SysCtlSRAMSizeGet                    
00007a99  SysCtlSleep                          
00007a6d  SysCtlSleepPowerSet                  
00008327  SysCtlUSBPLLDisable                  
0000831b  SysCtlUSBPLLEnable                   
0000836d  SysCtlVCOGet                         
00008355  SysCtlVoltageEventClear              
00008339  SysCtlVoltageEventConfig             
00008349  SysCtlVoltageEventStatus             
0000f729  TimerADCEventGet                     
0000f717  TimerADCEventSet                     
0000f44d  TimerClockSourceGet                  
0000f423  TimerClockSourceSet                  
0000f217  TimerConfigure                       
0000f337  TimerControlEvent                    
0000f293  TimerControlLevel                    
0000f361  TimerControlStall                    
0000f2c9  TimerControlTrigger                  
0000f397  TimerControlWaitOnTrigger            
0000f749  TimerDMAEventGet                     
0000f737  TimerDMAEventSet                     
0000f1f9  TimerDisable                         
0000f1db  TimerEnable                          
0000f6f3  TimerIntClear                        
0000f6bd  TimerIntDisable                      
0000f6a5  TimerIntEnable                       
0000f65f  TimerIntRegister                     
0000f6d5  TimerIntStatus                       
0000f687  TimerIntUnregister                   
0000f517  TimerLoadGet                         
0000f54d  TimerLoadGet64                       
0000f4ed  TimerLoadSet                         
0000f533  TimerLoadSet64                       
0000f5f7  TimerMatchGet                        
0000f62d  TimerMatchGet64                      
0000f5cd  TimerMatchSet                        
0000f613  TimerMatchSet64                      
0000f487  TimerPrescaleGet                     
0000f4d1  TimerPrescaleMatchGet                
0000f4a3  TimerPrescaleMatchSet                
0000f45d  TimerPrescaleSet                     
0000f40d  TimerRTCDisable                      
0000f3f7  TimerRTCEnable                       
0000f705  TimerSynchronize                     
0000f757  TimerUpdateMode                      
0000f57f  TimerValueGet                        
0000f59b  TimerValueGet64                      
0000fd7d  UART9BitAddrSend                     
0000fd57  UART9BitAddrSet                      
0000fd41  UART9BitDisable                      
0000fd2b  UART9BitEnable                       
0000fbcf  UARTBreakCtl                         
0000fbf9  UARTBusy                             
0000fb77  UARTCharGet                          
0000fb5b  UARTCharGetNonBlocking               
0000fbb1  UARTCharPut                          
0000fb8d  UARTCharPutNonBlocking               
0000fb1f  UARTCharsAvail                       
0000fd1b  UARTClockSourceGet                   
0000fd07  UARTClockSourceSet                   
0000f8ef  UARTConfigGetExpClk                  
0000f879  UARTConfigSetExpClk                  
0000fccd  UARTDMADisable                       
0000fcb5  UARTDMAEnable                        
0000f95f  UARTDisable                          
0000f9e3  UARTDisableSIR                       
0000c41f  UARTEchoSet                          
0000f93b  UARTEnable                           
0000f9b5  UARTEnableSIR                        
0000f99f  UARTFIFODisable                      
0000f989  UARTFIFOEnable                       
0000f851  UARTFIFOLevelGet                     
0000f839  UARTFIFOLevelSet                     
0000fadf  UARTFlowControlGet                   
0000fac3  UARTFlowControlSet                   
0000c3eb  UARTFlushRx                          
0000c3f9  UARTFlushTx                          
0000fca3  UARTIntClear                         
0000fc6d  UARTIntDisable                       
0000fc55  UARTIntEnable                        
0000fc17  UARTIntRegister                      
0000fc85  UARTIntStatus                        
0000fc35  UARTIntUnregister                    
0000fdc5  UARTLoopbackEnable                   
0000fa79  UARTModemControlClear                
0000fa9d  UARTModemControlGet                  
0000fa41  UARTModemControlSet                  
0000faaf  UARTModemStatusGet                   
0000f827  UARTParityModeGet                    
0000f80b  UARTParityModeSet                    
0000c3d3  UARTRxBytesAvail                     
0000fcf7  UARTRxErrorClear                     
0000fce5  UARTRxErrorGet                       
0000fa2b  UARTSmartCardDisable                 
0000f9f9  UARTSmartCardEnable                  
0000fb3d  UARTSpaceAvail                       
0000babf  UARTStdioConfig                      
0000c447  UARTStdioIntHandler                  
0000c3df  UARTTxBytesFree                      
0000fb0d  UARTTxIntModeGet                     
0000faf1  UARTTxIntModeSet                     
0000c08d  UARTgetc                             
0000bc75  UARTgets                             
0000c3af  UARTprintf                           
0000c0b5  UARTvprintf                          
0000bbc5  UARTwrite                            
00013f33  ULPIConfigSet                        
00013fd5  ULPIPowerTransceiver                 
000149f5  USB0DeviceIntHandler                 
0000fe99  USB0DualModeIntHandler               
000022e5  USB0HostIntHandler                   
000100d9  USB0OTGModeIntHandler                
00010b1f  USBBufferCallbackDataSet             
00010bcd  USBBufferDataAvailable               
00010b05  USBBufferDataRemoved                 
00010ae5  USBBufferDataWritten                 
00010bf1  USBBufferEventCallback               
00010b7d  USBBufferFlush                       
00010ab9  USBBufferInfoGet                     
00010a6b  USBBufferInit                        
00010b8f  USBBufferRead                        
00010bdf  USBBufferSpaceAvailable              
00010b39  USBBufferWrite                       
00010a89  USBBufferZeroLengthPacketInsert      
00005e27  USBClockDisable                      
00005e0b  USBClockEnable                       
00011fb5  USBControlHandler                    
00005df7  USBControllerVersion                 
00009da1  USBDCDCCompositeInit                 
00009ed3  USBDCDCInit                          
0000a065  USBDCDCPacketRead                    
00009fb3  USBDCDCPacketWrite                   
0000a21b  USBDCDCPowerStatusSet                
0000a22f  USBDCDCRemoteWakeupRequest           
0000a165  USBDCDCRxPacketAvailable             
0000a1c1  USBDCDCSerialStateChange             
00009f59  USBDCDCSetControlCBData              
00009f77  USBDCDCSetRxCBData                   
00009f95  USBDCDCSetTxCBData                   
00009f41  USBDCDCTerm                          
0000a13b  USBDCDCTxPacketAvailable             
00012731  USBDCDConfigDescGet                  
000126e3  USBDCDConfigDescGetNum               
000126ab  USBDCDConfigDescGetSize              
00012813  USBDCDConfigGetInterface             
00012849  USBDCDConfigGetInterfaceEndpoint     
000127bf  USBDCDConfigGetNumAlternateInterfaces
000061ed  USBDCDDeviceInfoInit                 
00006625  USBDCDFeatureGet                     
00006569  USBDCDFeatureSet                     
0000623d  USBDCDInit                           
000064f9  USBDCDPowerStatusSet                 
0000665d  USBDCDRemoteWakeLPM                  
00006677  USBDCDRemoteWakeupRequest            
00006473  USBDCDRequestDataEP0                 
00006499  USBDCDSendDataEP0                    
000064bb  USBDCDSetDefaultConfiguration        
000064cd  USBDCDStallEP0                       
000063fb  USBDCDTerm                           
00005f5f  USBDMAChannelAddressGet              
00005f43  USBDMAChannelAddressSet              
00005ec9  USBDMAChannelConfigSet               
00005f93  USBDMAChannelCountGet                
00005f77  USBDMAChannelCountSet                
00005ea9  USBDMAChannelDisable                 
00005e89  USBDMAChannelEnable                  
00005e59  USBDMAChannelIntDisable              
00005e39  USBDMAChannelIntEnable               
00005e79  USBDMAChannelIntStatus               
00005ef9  USBDMAChannelStatus                  
00005f19  USBDMAChannelStatusClear             
00005fab  USBDMANumChannels                    
00012e4d  USBDescGet                           
00012f71  USBDescGetInterface                  
00012f9f  USBDescGetInterfaceEndpoint          
00012df1  USBDescGetNum                        
00012eb7  USBDescGetNumAlternateInterfaces     
00005265  USBDevAddrGet                        
00005251  USBDevAddrSet                        
00005225  USBDevConnect                        
0000523b  USBDevDisconnect                     
0000559b  USBDevEndpointConfigGet              
000054a9  USBDevEndpointConfigSet              
00005925  USBDevEndpointDataAck                
0000514f  USBDevEndpointStall                  
000051b1  USBDevEndpointStallClear             
00004fc9  USBDevEndpointStatusClear            
00006117  USBDevLPMConfig                      
00006145  USBDevLPMDisable                     
0000612d  USBDevLPMEnable                      
000060ff  USBDevLPMRemoteWake                  
00005d5f  USBDevMode                           
00004d8f  USBDevSpeedGet                       
00011caf  USBDeviceConfig                      
00011ea5  USBDeviceConfigAlternate             
000067ad  USBDeviceEnumHandler                 
000068fd  USBDeviceEnumResetHandler            
00007349  USBDeviceIntHandlerInternal          
000066b1  USBDeviceResumeTickHandler           
0000fee5  USBDualModeInit                      
0000ff55  USBDualModeTerm                      
00005d11  USBEndpointDMAChannel                
00005757  USBEndpointDMAConfigSet              
00005829  USBEndpointDMADisable                
000057ef  USBEndpointDMAEnable                 
00005863  USBEndpointDataAvail                 
0000589b  USBEndpointDataGet                   
00005995  USBEndpointDataPut                   
000059f9  USBEndpointDataSend                  
000050e9  USBEndpointDataToggleClear           
00005dc3  USBEndpointPacketCountSet            
00004f55  USBEndpointStatus                    
00005ce7  USBFIFOAddrGet                       
000056f1  USBFIFOConfigGet                     
0000568b  USBFIFOConfigSet                     
00005a51  USBFIFOFlush                         
00005cab  USBFrameNumberGet                    
00002915  USBHCDControlTransfer                
00002d65  USBHCDDevAddress                     
00002d99  USBHCDDevClass                       
00002d3d  USBHCDDevHubPort                     
00002e2d  USBHCDDevProtocol                    
00002de5  USBHCDDevSubClass                    
0000041b  USBHCDEventDisable                   
000003eb  USBHCDEventEnable                    
00002e8d  USBHCDFeatureSet                     
00002a71  USBHCDHubDeviceConnected             
00002b09  USBHCDHubDeviceDisconnected          
00001495  USBHCDInit                           
00002fd7  USBHCDLPMResume                      
00002f6f  USBHCDLPMSleep                       
00002f45  USBHCDLPMStatus                      
0000250d  USBHCDMain                           
00000873  USBHCDPipeAlloc                      
000005f1  USBHCDPipeAllocSize                  
000008c1  USBHCDPipeConfig                     
00000dcb  USBHCDPipeDataAck                    
00001011  USBHCDPipeFree                       
00000dfd  USBHCDPipeRead                       
00000d81  USBHCDPipeReadNonBlocking            
00000c55  USBHCDPipeSchedule                   
00000a3b  USBHCDPipeStatus                     
000005cb  USBHCDPipeTransferSizeGet            
00000a71  USBHCDPipeWrite                      
0000143f  USBHCDPowerAutomatic                 
000013ab  USBHCDPowerConfigGet                 
00001399  USBHCDPowerConfigInit                
000013cd  USBHCDPowerConfigSet                 
000015b1  USBHCDRegisterDrivers                
000016b5  USBHCDReset                          
00001711  USBHCDResume                         
000018f1  USBHCDSetAddress                     
00001a37  USBHCDSetConfig                      
00001a7f  USBHCDSetInterface                   
00001891  USBHCDStringDescriptorGet            
000016ff  USBHCDSuspend                        
000015e5  USBHCDTerm                           
0000e1cd  USBHHubClose                         
0000e171  USBHHubEnumerationComplete           
0000e193  USBHHubEnumerationError              
0000e1e1  USBHHubInit                          
0000e20f  USBHHubLPMSleep                      
0000e21d  USBHHubLPMStatus                     
0000df45  USBHHubMain                          
0000e1b5  USBHHubOpen                          
00004cfd  USBHighSpeed                         
00005b61  USBHostAddrGet                       
00005b29  USBHostAddrSet                       
00001acb  USBHostCheckPipes                    
00005279  USBHostEndpointConfig                
00005963  USBHostEndpointDataAck               
0000504d  USBHostEndpointDataToggle            
00005123  USBHostEndpointPing                  
00005413  USBHostEndpointSpeed                 
00004f81  USBHostEndpointStatusClear           
00005bf3  USBHostHubAddrGet                    
00005b8f  USBHostHubAddrSet                    
00001b91  USBHostIntHandlerInternal            
000060c3  USBHostLPMConfig                     
000060e7  USBHostLPMResume                     
0000607b  USBHostLPMSend                       
00005d4d  USBHostMode                          
00005c21  USBHostPwrConfig                     
00005c93  USBHostPwrDisable                    
00005c7b  USBHostPwrEnable                     
00005c63  USBHostPwrFaultDisable               
00005c4b  USBHostPwrFaultEnable                
00005ac1  USBHostRequestIN                     
00005ae9  USBHostRequestINClear                
00005b17  USBHostRequestStatus                 
00004ccf  USBHostReset                         
00004d2b  USBHostResume                        
00004d59  USBHostSpeedGet                      
00004cb9  USBHostSuspend                       
00004da7  USBIntDisableControl                 
00004e6b  USBIntDisableEndpoint                
00004de5  USBIntEnableControl                  
00004e99  USBIntEnableEndpoint                 
00004f1d  USBIntRegister                       
00004e1f  USBIntStatusControl                  
00004ec7  USBIntStatusEndpoint                 
00004f3b  USBIntUnregister                     
00006171  USBLPMEndpointGet                    
000061d1  USBLPMIntDisable                     
000061b7  USBLPMIntEnable                      
000061a7  USBLPMIntStatus                      
0000615d  USBLPMLinkStateGet                   
0000618d  USBLPMRemoteWakeEnabled              
000091d5  USBLibDMAAddrGet                     
00009205  USBLibDMAInit                        
000091ed  USBLibDMASizeGet                     
00005d83  USBModeConfig                        
00005cfd  USBModeGet                           
00005de3  USBNumEndpointsGet                   
0001027b  USBOTGFeatureSet                     
000101e5  USBOTGMain                           
00005d71  USBOTGMode                           
0000ffc3  USBOTGModeInit                       
0000ff89  USBOTGModeTerm                       
000100b3  USBOTGPollRate                       
00005cb9  USBOTGSessionRequest                 
00005d97  USBPHYPowerOff                       
00005dad  USBPHYPowerOn                        
000124cf  USBRingBufAdvanceRead                
000124fd  USBRingBufAdvanceWrite               
00012429  USBRingBufContigFree                 
000123fb  USBRingBufContigUsed                 
00012369  USBRingBufEmpty                      
00012393  USBRingBufFlush                      
000123e5  USBRingBufFree                       
0001232f  USBRingBufFull                       
000125b5  USBRingBufInit                       
00012499  USBRingBufRead                       
00012473  USBRingBufReadOne                    
00012465  USBRingBufSize                       
000123b3  USBRingBufUsed                       
0001257f  USBRingBufWrite                      
00012559  USBRingBufWriteOne                   
000120ab  USBRxHandler                         
00012199  USBSerialGetChar                     
00012109  USBSerialInit                        
000121ad  USBSerialPutChar                     
000121f5  USBSerialRead                        
00012245  USBSerialWrite                       
0000fe5d  USBStackModeSet                      
0001203f  USBTxHandler                         
00005fbd  USBULPIConfig                        
00005feb  USBULPIDisable                       
00005fd3  USBULPIEnable                        
00006003  USBULPIRegRead                       
0000603b  USBULPIRegWrite                      
20006778  __STACK_END                          
00000200  __STACK_SIZE                         
20006778  __STACK_TOP                          
00015958  __TI_CINIT_Base                      
00015970  __TI_CINIT_Limit                     
00015938  __TI_Handler_Table_Base              
00015944  __TI_Handler_Table_Limit             
00014801  __TI_auto_init_nobinit_nopinit       
00014555  __TI_decompress_lzss                 
00014acf  __TI_decompress_none                 
ffffffff  __TI_pprof_out_hndl                  
0000c551  __TI_printfi                         
ffffffff  __TI_prof_data_size                  
ffffffff  __TI_prof_data_start                 
00000000  __TI_static_base__                   
00014add  __TI_zero_init                       
0001428f  __aeabi_cdcmpeq                      
0001428f  __aeabi_cdcmple                      
00014315  __aeabi_cdrcmple                     
000147b9  __aeabi_d2iz                         
0001319f  __aeabi_dadd                         
000135c5  __aeabi_ddiv                         
00013b81  __aeabi_dmul                         
00013195  __aeabi_dsub                         
00014b01  __aeabi_errno_addr                   
0001471d  __aeabi_f2ulz                        
00014975  __aeabi_i2d                          
000061eb  __aeabi_idiv0                        
000061eb  __aeabi_ldiv0                        
0001439b  __aeabi_memclr                       
0001439b  __aeabi_memclr4                      
0001439b  __aeabi_memclr8                      
0001415d  __aeabi_memcpy                       
0001415d  __aeabi_memcpy4                      
0001415d  __aeabi_memcpy8                      
0001439d  __aeabi_memset                       
0001439d  __aeabi_memset4                      
0001439d  __aeabi_memset8                      
00014845  __aeabi_uidiv                        
00014845  __aeabi_uidivmod                     
000141f9  __aeabi_uldivmod                     
ffffffff  __binit__                            
ffffffff  __c_args__                           
UNDEFED   __mpu_init                           
20006578  __stack                              
00014941  _c_int00_noargs                      
00014fda  _ctypes_                             
UNDEFED   _system_post_cinit                   
00014b0f  _system_pre_init                     
00014b13  abort                                
0001476d  atoi                                 
ffffffff  binit                                
00011af9  check_and_extract_command_param      
200062b0  cola_freertos                        
200062b4  cola_hora                            
200062b8  cola_temperatura                     
00014a35  copysign                             
00014a35  copysignl                            
00014485  create_checksum                      
00011a67  create_frame                         
00011aeb  decode_command_type                  
00011a13  destuff_and_check_checksum           
000033a9  eTaskGetState                        
20006570  errno                                
000145bd  frexp                                
000145bd  frexpl                               
20006518  g_bUSBTimerInitialized               
200062d8  g_eOTGModeState                      
20006544  g_iUSBMode                           
000157e8  g_pCDCCompSerConfigDescriptors       
000157ec  g_pCDCCompSerConfigDescriptorsHS     
20000000  g_pfnRAMVectors                      
20006178  g_pfnTickHandlers                    
00000000  g_pfnVectors                         
000157f0  g_ppCDCSerConfigDescriptors          
000157f4  g_ppCDCSerConfigDescriptorsHS        
200062bc  g_ppsDevInfo                         
000156b0  g_ppui8StringDescriptors             
200064b8  g_psCDCCompSerSections               
200064c8  g_psCDCCompSerSectionsHS             
200064e8  g_psCDCSerSections                   
200064f4  g_psCDCSerSectionsHS                 
200062dc  g_psCmdTable                         
20006024  g_psDCDInst                          
00015648  g_pui8CDCSerCommInterface            
000156c8  g_pui8CDCSerDataInterface            
000156df  g_pui8CDCSerDataInterfaceHS          
2000652d  g_pui8CDCSerDescriptor               
200064a4  g_pui8CDCSerDeviceDescriptor         
0001552c  g_pui8ConfigString                   
000155f8  g_pui8ControlInterfaceString         
2000654d  g_pui8IADSerDescriptor               
000157e4  g_pui8LangDescriptor                 
00015624  g_pui8ManufacturerString             
0001566b  g_pui8ProductString                  
00015748  g_pui8SerialNumberString             
20005d88  g_pui8USBRxBuffer                    
20005e88  g_pui8USBTxBuffer                    
20006190  g_pvTickInstance                     
0001579c  g_sCDCCompSerConfigHeader            
000157a4  g_sCDCCompSerConfigHeaderHS          
2000633c  g_sCDCDevice                         
00015598  g_sCDCHandlers                       
000157ac  g_sCDCSerCommInterfaceSection        
000157b4  g_sCDCSerConfigHeader                
000157bc  g_sCDCSerConfigHeaderHS              
000157c4  g_sCDCSerConfigSection               
000157cc  g_sCDCSerDataInterfaceSection        
000157d4  g_sCDCSerDataInterfaceSectionHS      
000157dc  g_sIADSerConfigSection               
200063d8  g_sRxBuffer                          
20006410  g_sTxBuffer                          
200062c0  g_ui32CPUUsage                       
2000651c  g_ui32CurrentUSBTick                 
200062c4  g_ui32PollRate                       
200062c8  g_ui32SystemClock                    
20006520  g_ui32USBSOFCount                    
20006548  g_ui32WaitTicks                      
2000653c  g_ulUARTRxCount                      
20006538  g_ulUARTTxCount                      
00011b25  get_command_param_pointer            
20006528  higherPriorityTaskWoken              
000104ef  initCommandLine                      
00013a71  ldexp                                
00013a71  ldexpl                               
00014677  ltoa                                 
0000d571  main                                 
00014a19  memccpy                              
0001415d  memcpy                               
000143a3  memset                               
20006524  miSemaforo                           
200062cc  mutexUSB                             
0000ade7  pcQueueGetName                       
000039a9  pcTaskGetName                        
0000ec21  pcTimerGetName                       
000128b9  pvPortMalloc                         
00004735  pvTaskIncrementMutexHeldCount        
0000f08b  pvTimerGetTimerID                    
2000639c  pxCurrentTCB                         
00013489  pxPortInitialiseStack                
00011b53  receive_frame                        
00013a71  scalbn                               
00013a71  scalbnl                              
00011bb9  send_frame                           
00014885  sprintf                              
00014a7f  strchr                               
00014a67  strcmp                               
00014a95  strcpy                               
00014aa9  strlen                               
000149a3  strncmp                              
0000ab37  ucQueueGetQueueType                  
200062d0  ui32Period                           
000157f8  ulMaxSyscallInterruptPriority        
00013e69  ulPortGetIPSR                        
0000474d  ulTaskNotifyTake                     
00011467  uxEventGroupGetNumber                
000137dd  uxListRemove                         
0000ab17  uxQueueGetQueueNumber                
0000aab5  uxQueueMessagesWaiting               
0000aaeb  uxQueueMessagesWaitingFromISR        
0000aacb  uxQueueSpacesAvailable               
0000399d  uxTaskGetNumberOfTasks               
000041a5  uxTaskGetStackHighWaterMark          
000039c9  uxTaskGetSystemState                 
00003f0f  uxTaskGetTaskNumber                  
00003459  uxTaskPriorityGet                    
00003485  uxTaskPriorityGetFromISR             
00004713  uxTaskResetEventItemValue            
0000f12b  uxTimerGetTimerNumber                
0000cfcb  vApplicationIdleHook                 
0000cfd3  vApplicationMallocFailedHook         
0000cfa1  vApplicationStackOverflowHook        
0000cfab  vApplicationTickHook                 
000144ed  vConfigureTimerForRunTimeStats       
00011401  vEventGroupClearBitsCallback         
000113bd  vEventGroupDelete                    
000113f1  vEventGroupSetBitsCallback           
00011487  vEventGroupSetNumber                 
000136fb  vListInitialise                      
0001372b  vListInitialiseItem                  
00013777  vListInsert                          
0001373b  vListInsertEnd                       
00013f25  vPortEnableVFP                       
00013529  vPortEndScheduler                    
0001352b  vPortEnterCritical                   
0001354b  vPortExitCritical                    
000129c3  vPortFree                            
00012a21  vPortInitialiseBlocks                
00013ee1  vPortSVCHandler                      
00013587  vPortSetupTimerInterrupt             
00013f01  vPortStartFirstTask                  
0000ada5  vQueueAddToRegistry                  
0000ab01  vQueueDelete                         
0000ab25  vQueueSetQueueNumber                 
0000ae27  vQueueUnregisterQueue                
0000ae6b  vQueueWaitForMessageRestricted       
00003369  vTaskDelay                           
000032d9  vTaskDelayUntil                      
0000322b  vTaskDelete                          
00003861  vTaskEndScheduler                    
00004011  vTaskGetInfo                         
0000463b  vTaskGetRunTimeStats                 
00003e5f  vTaskInternalSetTimeOutState         
00004529  vTaskList                            
00003f07  vTaskMissedYield                     
00004a8d  vTaskNotifyGiveFromISR               
00003cd5  vTaskPlaceOnEventList                
00003d29  vTaskPlaceOnEventListRestricted      
00003cf9  vTaskPlaceOnUnorderedEventList       
00004405  vTaskPriorityDisinheritAfterTimeout  
000034cd  vTaskPrioritySet                     
00003dd5  vTaskRemoveFromUnorderedEventList    
000036f9  vTaskResume                          
00003f35  vTaskSetTaskNumber                   
00003e41  vTaskSetTimeOutState                 
00003801  vTaskStartScheduler                  
000035e5  vTaskSuspend                         
0000387d  vTaskSuspendAll                      
00003bf5  vTaskSwitchContext                   
0000cfd5  vTimerCallback                       
0000ebd5  vTimerSetReloadMode                  
0000f0a5  vTimerSetTimerID                     
0000f139  vTimerSetTimerNumber                 
00014abd  wcslen                               
0001127d  xEventGroupClearBits                 
000112a9  xEventGroupClearBitsFromISR          
00011099  xEventGroupCreate                    
000112c1  xEventGroupGetBitsFromISR            
000112f1  xEventGroupSetBits                   
00011447  xEventGroupSetBitsFromISR            
000110b9  xEventGroupSync                      
0001118d  xEventGroupWaitBits                  
00012a15  xPortGetFreeHeapSize                 
00012a1b  xPortGetMinimumEverFreeHeapSize      
00013e81  xPortPendSVHandler                   
000134f3  xPortStartScheduler                  
00013561  xPortSysTickHandler                  
0000a3a3  xQueueCreateMutex                    
0000a2e5  xQueueGenericCreate                  
0000a245  xQueueGenericReset                   
0000a3cf  xQueueGenericSend                    
0000a4fd  xQueueGenericSendFromISR             
0000a599  xQueueGiveFromISR                    
0000ad39  xQueueIsQueueEmptyFromISR            
0000ad7f  xQueueIsQueueFullFromISR             
0000a8a3  xQueuePeek                           
0000aa63  xQueuePeekFromISR                    
0000a62d  xQueueReceive                        
0000a9c9  xQueueReceiveFromISR                 
20006074  xQueueRegistry                       
0000a747  xQueueSemaphoreTake                  
00003e89  xTaskCheckForTimeOut                 
0000301d  xTaskCreate                          
0000487d  xTaskGenericNotify                   
00004985  xTaskGenericNotifyFromISR            
00004221  xTaskGetCurrentTaskHandle            
0000424d  xTaskGetSchedulerState               
00003979  xTaskGetTickCount                    
00003989  xTaskGetTickCountFromISR             
00003abd  xTaskIncrementTick                   
00004b39  xTaskNotifyStateClear                
000047c9  xTaskNotifyWait                      
00004361  xTaskPriorityDisinherit              
0000427d  xTaskPriorityInherit                 
00003d5d  xTaskRemoveFromEventList             
00003891  xTaskResumeAll                       
00003773  xTaskResumeFromISR                   
200062d4  xTimer                               
0000eac9  xTimerCreate                         
0000ea9d  xTimerCreateTimerTask                
0000eb51  xTimerGenericCommand                 
0000ec0b  xTimerGetExpiryTime                  
0000ebc3  xTimerGetPeriod                      
0000ebbd  xTimerGetTimerDaemonTaskHandle       
0000f063  xTimerIsTimerActive                  
0000f0f5  xTimerPendFunctionCall               
0000f0bf  xTimerPendFunctionCallFromISR        


GLOBAL SYMBOLS: SORTED BY Symbol Address 

address   name                                 
-------   ----                                 
00000000  __TI_static_base__                   
00000000  g_pfnVectors                         
00000200  __STACK_SIZE                         
0000026d  ConfigDescAlloc                      
00000303  ConfigDescFree                       
000003eb  USBHCDEventEnable                    
0000041b  USBHCDEventDisable                   
000005cb  USBHCDPipeTransferSizeGet            
000005f1  USBHCDPipeAllocSize                  
00000873  USBHCDPipeAlloc                      
000008c1  USBHCDPipeConfig                     
00000a3b  USBHCDPipeStatus                     
00000a71  USBHCDPipeWrite                      
00000c55  USBHCDPipeSchedule                   
00000d81  USBHCDPipeReadNonBlocking            
00000dcb  USBHCDPipeDataAck                    
00000dfd  USBHCDPipeRead                       
00001011  USBHCDPipeFree                       
00001399  USBHCDPowerConfigInit                
000013ab  USBHCDPowerConfigGet                 
000013cd  USBHCDPowerConfigSet                 
0000143f  USBHCDPowerAutomatic                 
00001495  USBHCDInit                           
000015b1  USBHCDRegisterDrivers                
000015e5  USBHCDTerm                           
000016b5  USBHCDReset                          
000016ff  USBHCDSuspend                        
00001711  USBHCDResume                         
00001891  USBHCDStringDescriptorGet            
000018f1  USBHCDSetAddress                     
00001a37  USBHCDSetConfig                      
00001a7f  USBHCDSetInterface                   
00001acb  USBHostCheckPipes                    
00001b91  USBHostIntHandlerInternal            
000022e5  USB0HostIntHandler                   
000023dd  InternalUSBHCDSendEvent              
0000250d  USBHCDMain                           
00002915  USBHCDControlTransfer                
00002a71  USBHCDHubDeviceConnected             
00002b09  USBHCDHubDeviceDisconnected          
00002d3d  USBHCDDevHubPort                     
00002d65  USBHCDDevAddress                     
00002d99  USBHCDDevClass                       
00002de5  USBHCDDevSubClass                    
00002e2d  USBHCDDevProtocol                    
00002e8d  USBHCDFeatureSet                     
00002f45  USBHCDLPMStatus                      
00002f6f  USBHCDLPMSleep                       
00002fd7  USBHCDLPMResume                      
0000301d  xTaskCreate                          
0000322b  vTaskDelete                          
000032d9  vTaskDelayUntil                      
00003369  vTaskDelay                           
000033a9  eTaskGetState                        
00003459  uxTaskPriorityGet                    
00003485  uxTaskPriorityGetFromISR             
000034cd  vTaskPrioritySet                     
000035e5  vTaskSuspend                         
000036f9  vTaskResume                          
00003773  xTaskResumeFromISR                   
00003801  vTaskStartScheduler                  
00003861  vTaskEndScheduler                    
0000387d  vTaskSuspendAll                      
00003891  xTaskResumeAll                       
00003979  xTaskGetTickCount                    
00003989  xTaskGetTickCountFromISR             
0000399d  uxTaskGetNumberOfTasks               
000039a9  pcTaskGetName                        
000039c9  uxTaskGetSystemState                 
00003abd  xTaskIncrementTick                   
00003bf5  vTaskSwitchContext                   
00003cd5  vTaskPlaceOnEventList                
00003cf9  vTaskPlaceOnUnorderedEventList       
00003d29  vTaskPlaceOnEventListRestricted      
00003d5d  xTaskRemoveFromEventList             
00003dd5  vTaskRemoveFromUnorderedEventList    
00003e41  vTaskSetTimeOutState                 
00003e5f  vTaskInternalSetTimeOutState         
00003e89  xTaskCheckForTimeOut                 
00003f07  vTaskMissedYield                     
00003f0f  uxTaskGetTaskNumber                  
00003f35  vTaskSetTaskNumber                   
00004011  vTaskGetInfo                         
000041a5  uxTaskGetStackHighWaterMark          
00004221  xTaskGetCurrentTaskHandle            
0000424d  xTaskGetSchedulerState               
0000427d  xTaskPriorityInherit                 
00004361  xTaskPriorityDisinherit              
00004405  vTaskPriorityDisinheritAfterTimeout  
00004529  vTaskList                            
0000463b  vTaskGetRunTimeStats                 
00004713  uxTaskResetEventItemValue            
00004735  pvTaskIncrementMutexHeldCount        
0000474d  ulTaskNotifyTake                     
000047c9  xTaskNotifyWait                      
0000487d  xTaskGenericNotify                   
00004985  xTaskGenericNotifyFromISR            
00004a8d  vTaskNotifyGiveFromISR               
00004b39  xTaskNotifyStateClear                
00004cb9  USBHostSuspend                       
00004ccf  USBHostReset                         
00004cfd  USBHighSpeed                         
00004d2b  USBHostResume                        
00004d59  USBHostSpeedGet                      
00004d8f  USBDevSpeedGet                       
00004da7  USBIntDisableControl                 
00004de5  USBIntEnableControl                  
00004e1f  USBIntStatusControl                  
00004e6b  USBIntDisableEndpoint                
00004e99  USBIntEnableEndpoint                 
00004ec7  USBIntStatusEndpoint                 
00004f1d  USBIntRegister                       
00004f3b  USBIntUnregister                     
00004f55  USBEndpointStatus                    
00004f81  USBHostEndpointStatusClear           
00004fc9  USBDevEndpointStatusClear            
0000504d  USBHostEndpointDataToggle            
000050e9  USBEndpointDataToggleClear           
00005123  USBHostEndpointPing                  
0000514f  USBDevEndpointStall                  
000051b1  USBDevEndpointStallClear             
00005225  USBDevConnect                        
0000523b  USBDevDisconnect                     
00005251  USBDevAddrSet                        
00005265  USBDevAddrGet                        
00005279  USBHostEndpointConfig                
00005413  USBHostEndpointSpeed                 
000054a9  USBDevEndpointConfigSet              
0000559b  USBDevEndpointConfigGet              
0000568b  USBFIFOConfigSet                     
000056f1  USBFIFOConfigGet                     
00005757  USBEndpointDMAConfigSet              
000057ef  USBEndpointDMAEnable                 
00005829  USBEndpointDMADisable                
00005863  USBEndpointDataAvail                 
0000589b  USBEndpointDataGet                   
00005925  USBDevEndpointDataAck                
00005963  USBHostEndpointDataAck               
00005995  USBEndpointDataPut                   
000059f9  USBEndpointDataSend                  
00005a51  USBFIFOFlush                         
00005ac1  USBHostRequestIN                     
00005ae9  USBHostRequestINClear                
00005b17  USBHostRequestStatus                 
00005b29  USBHostAddrSet                       
00005b61  USBHostAddrGet                       
00005b8f  USBHostHubAddrSet                    
00005bf3  USBHostHubAddrGet                    
00005c21  USBHostPwrConfig                     
00005c4b  USBHostPwrFaultEnable                
00005c63  USBHostPwrFaultDisable               
00005c7b  USBHostPwrEnable                     
00005c93  USBHostPwrDisable                    
00005cab  USBFrameNumberGet                    
00005cb9  USBOTGSessionRequest                 
00005ce7  USBFIFOAddrGet                       
00005cfd  USBModeGet                           
00005d11  USBEndpointDMAChannel                
00005d4d  USBHostMode                          
00005d5f  USBDevMode                           
00005d71  USBOTGMode                           
00005d83  USBModeConfig                        
00005d97  USBPHYPowerOff                       
00005dad  USBPHYPowerOn                        
00005dc3  USBEndpointPacketCountSet            
00005de3  USBNumEndpointsGet                   
00005df7  USBControllerVersion                 
00005e0b  USBClockEnable                       
00005e27  USBClockDisable                      
00005e39  USBDMAChannelIntEnable               
00005e59  USBDMAChannelIntDisable              
00005e79  USBDMAChannelIntStatus               
00005e89  USBDMAChannelEnable                  
00005ea9  USBDMAChannelDisable                 
00005ec9  USBDMAChannelConfigSet               
00005ef9  USBDMAChannelStatus                  
00005f19  USBDMAChannelStatusClear             
00005f43  USBDMAChannelAddressSet              
00005f5f  USBDMAChannelAddressGet              
00005f77  USBDMAChannelCountSet                
00005f93  USBDMAChannelCountGet                
00005fab  USBDMANumChannels                    
00005fbd  USBULPIConfig                        
00005fd3  USBULPIEnable                        
00005feb  USBULPIDisable                       
00006003  USBULPIRegRead                       
0000603b  USBULPIRegWrite                      
0000607b  USBHostLPMSend                       
000060c3  USBHostLPMConfig                     
000060e7  USBHostLPMResume                     
000060ff  USBDevLPMRemoteWake                  
00006117  USBDevLPMConfig                      
0000612d  USBDevLPMEnable                      
00006145  USBDevLPMDisable                     
0000615d  USBLPMLinkStateGet                   
00006171  USBLPMEndpointGet                    
0000618d  USBLPMRemoteWakeEnabled              
000061a7  USBLPMIntStatus                      
000061b7  USBLPMIntEnable                      
000061d1  USBLPMIntDisable                     
000061eb  __aeabi_idiv0                        
000061eb  __aeabi_ldiv0                        
[...]
0000e3b1  ADCSequenceEnable                    
0000e3cb  ADCSequenceDisable                   
0000e3e5  ADCSequenceConfigure                 
0000e481  ADCSequenceStepConfigure             
0000e56f  ADCSequenceOverflow                  
0000e587  ADCSequenceOverflowClear             
0000e59d  ADCSequenceUnderflow                 
0000e5b5  ADCSequenceUnderflowClear            
0000e5cb  ADCSequenceDataGet                   
0000e60d  ADCProcessorTrigger                  
0000e631  ADCSoftwareOversampleConfigure       
0000e683  ADCSoftwareOversampleStepConfigure   
0000e765  ADCSoftwareOversampleDataGet         
0000e7f9  ADCHardwareOversampleConfigure       
0000e82b  ADCComparatorConfigure               
0000e847  ADCComparatorRegionSet               
0000e86b  ADCComparatorReset                   
0000e8b1  ADCComparatorIntDisable              
0000e8cf  ADCComparatorIntEnable               
0000e8f1  ADCComparatorIntStatus               
0000e905  ADCComparatorIntClear                
0000e917  ADCIntDisableEx                      
0000e92f  ADCIntEnableEx                       
0000e947  ADCIntStatusEx                       
0000e979  ADCIntClearEx                        
0000e98b  ADCReferenceSet                      
0000e9a7  ADCReferenceGet                      
0000e9b9  ADCPhaseDelaySet                     
0000e9cb  ADCPhaseDelayGet                     
0000e9d9  ADCSequenceDMAEnable                 
0000e9f5  ADCSequenceDMADisable                
0000ea11  ADCBusy                              
0000ea2f  ADCClockConfigSet                    
0000ea59  ADCClockConfigGet                    
0000ea9d  xTimerCreateTimerTask                
0000eac9  xTimerCreate                         
0000eb51  xTimerGenericCommand                 
0000ebbd  xTimerGetTimerDaemonTaskHandle       
0000ebc3  xTimerGetPeriod                      
0000ebd5  vTimerSetReloadMode                  
0000ec0b  xTimerGetExpiryTime                  
0000ec21  pcTimerGetName                       
0000f063  xTimerIsTimerActive                  
0000f08b  pvTimerGetTimerID                    
0000f0a5  vTimerSetTimerID                     
0000f0bf  xTimerPendFunctionCallFromISR        
0000f0f5  xTimerPendFunctionCall               
0000f12b  uxTimerGetTimerNumber                
0000f139  vTimerSetTimerNumber                 
0000f1db  TimerEnable                          
0000f1f9  TimerDisable                         
0000f217  TimerConfigure                       
0000f293  TimerControlLevel                    
0000f2c9  TimerControlTrigger                  
0000f337  TimerControlEvent                    
0000f361  TimerControlStall                    
0000f397  TimerControlWaitOnTrigger            
0000f3f7  TimerRTCEnable                       
0000f40d  TimerRTCDisable                      
0000f423  TimerClockSourceSet                  
0000f44d  TimerClockSourceGet                  
0000f45d  TimerPrescaleSet                     
0000f487  TimerPrescaleGet                     
0000f4a3  TimerPrescaleMatchSet                
0000f4d1  TimerPrescaleMatchGet                
0000f4ed  TimerLoadSet                         
0000f517  TimerLoadGet                         
0000f533  TimerLoadSet64                       
0000f54d  TimerLoadGet64                       
0000f57f  TimerValueGet                        
0000f59b  TimerValueGet64                      
0000f5cd  TimerMatchSet                        
0000f5f7  TimerMatchGet                        
0000f613  TimerMatchSet64                      
0000f62d  TimerMatchGet64                      
0000f65f  TimerIntRegister                     
0000f687  TimerIntUnregister                   
0000f6a5  TimerIntEnable                       
0000f6bd  TimerIntDisable                      
0000f6d5  TimerIntStatus                       
0000f6f3  TimerIntClear                        
0000f705  TimerSynchronize                     
0000f717  TimerADCEventSet                     
0000f729  TimerADCEventGet                     
0000f737  TimerDMAEventSet                     
0000f749  TimerDMAEventGet                     
0000f757  TimerUpdateMode                      
0000f80b  UARTParityModeSet                    
0000f827  UARTParityModeGet                    
0000f839  UARTFIFOLevelSet                     
0000f851  UARTFIFOLevelGet                     
0000f879  UARTConfigSetExpClk                  
0000f8ef  UARTConfigGetExpClk                  
0000f93b  UARTEnable                           
0000f95f  UARTDisable                          
0000f989  UARTFIFOEnable                       
0000f99f  UARTFIFODisable                      
0000f9b5  UARTEnableSIR                        
0000f9e3  UARTDisableSIR                       
0000f9f9  UARTSmartCardEnable                  
0000fa2b  UARTSmartCardDisable                 
0000fa41  UARTModemControlSet                  
0000fa79  UARTModemControlClear                
0000fa9d  UARTModemControlGet                  
0000faaf  UARTModemStatusGet                   
0000fac3  UARTFlowControlSet                   
0000fadf  UARTFlowControlGet                   
0000faf1  UARTTxIntModeSet                     
0000fb0d  UARTTxIntModeGet                     
0000fb1f  UARTCharsAvail                       
0000fb3d  UARTSpaceAvail                       
0000fb5b  UARTCharGetNonBlocking               
0000fb77  UARTCharGet                          
0000fb8d  UARTCharPutNonBlocking               
0000fbb1  UARTCharPut                          
0000fbcf  UARTBreakCtl                         
0000fbf9  UARTBusy                             
0000fc17  UARTIntRegister                      
0000fc35  UARTIntUnregister                    
0000fc55  UARTIntEnable                        
0000fc6d  UARTIntDisable                       
0000fc85  UARTIntStatus                        
0000fca3  UARTIntClear                         
0000fcb5  UARTDMAEnable                        
0000fccd  UARTDMADisable                       
0000fce5  UARTRxErrorGet                       
0000fcf7  UARTRxErrorClear                     
0000fd07  UARTClockSourceSet                   
0000fd1b  UARTClockSourceGet                   
0000fd2b  UART9BitEnable                       
0000fd41  UART9BitDisable                      
0000fd57  UART9BitAddrSet                      
0000fd7d  UART9BitAddrSend                     
0000fdc5  UARTLoopbackEnable                   
0000fe5d  USBStackModeSet                      
0000fe99  USB0DualModeIntHandler               
0000fee5  USBDualModeInit                      
0000ff55  USBDualModeTerm                      
0000ff89  USBOTGModeTerm                       
0000ffc3  USBOTGModeInit                       
000100b3  USBOTGPollRate                       
000100d9  USB0OTGModeIntHandler                
000101bf  OTGDeviceDisconnect                  
000101e5  USBOTGMain                           
0001027b  USBOTGFeatureSet                     
000104ef  initCommandLine                      
00010a6b  USBBufferInit                        
00010a89  USBBufferZeroLengthPacketInsert      
00010ab9  USBBufferInfoGet                     
00010ae5  USBBufferDataWritten                 
00010b05  USBBufferDataRemoved                 
00010b1f  USBBufferCallbackDataSet             
00010b39  USBBufferWrite                       
00010b7d  USBBufferFlush                       
00010b8f  USBBufferRead                        
00010bcd  USBBufferDataAvailable               
00010bdf  USBBufferSpaceAvailable              
00010bf1  USBBufferEventCallback               
00010c6d  RGBBlinkIntHandler                   
00010c9b  RGBInit                              
00010d95  RGBEnable                            
00010e4d  RGBDisable                           
00010eab  RGBSet                               
00010ec3  RGBColorSet                          
00010f6d  RGBIntensitySet                      
00010f81  RGBBlinkRateSet                      
0001100d  RGBColorGet                          
00011099  xEventGroupCreate                    
000110b9  xEventGroupSync                      
0001118d  xEventGroupWaitBits                  
0001127d  xEventGroupClearBits                 
000112a9  xEventGroupClearBitsFromISR          
000112c1  xEventGroupGetBitsFromISR            
000112f1  xEventGroupSetBits                   
000113bd  vEventGroupDelete                    
000113f1  vEventGroupSetBitsCallback           
00011401  vEventGroupClearBitsCallback         
00011447  xEventGroupSetBitsFromISR            
00011467  uxEventGroupGetNumber                
00011487  vEventGroupSetNumber                 
000114a3  IntMasterEnable                      
000114b3  IntMasterDisable                     
000114c3  IntRegister                          
00011515  IntUnregister                        
00011529  IntPriorityGroupingSet               
00011543  IntPriorityGroupingGet               
0001157b  IntPrioritySet                       
000115cb  IntPriorityGet                       
000115ef  IntEnable                            
00011661  IntDisable                           
000116d3  IntIsEnabled                         
00011759  IntPendSet                           
000117c9  IntPendClear                         
00011817  IntPriorityMaskSet                   
00011823  IntPriorityMaskGet                   
0001182b  IntTrigger                           
00011a13  destuff_and_check_checksum           
00011a67  create_frame                         
00011aeb  decode_command_type                  
00011af9  check_and_extract_command_param      
00011b25  get_command_param_pointer            
00011b53  receive_frame                        
00011bb9  send_frame                           
00011caf  USBDeviceConfig                      
00011ea5  USBDeviceConfigAlternate             
00011fb5  USBControlHandler                    
0001203f  USBTxHandler                         
000120ab  USBRxHandler                         
00012109  USBSerialInit                        
00012199  USBSerialGetChar                     
000121ad  USBSerialPutChar                     
000121f5  USBSerialRead                        
00012245  USBSerialWrite                       
0001232f  USBRingBufFull                       
00012369  USBRingBufEmpty                      
00012393  USBRingBufFlush                      
000123b3  USBRingBufUsed                       
000123e5  USBRingBufFree                       
000123fb  USBRingBufContigUsed                 
00012429  USBRingBufContigFree                 
00012465  USBRingBufSize                       
00012473  USBRingBufReadOne                    
00012499  USBRingBufRead                       
000124cf  USBRingBufAdvanceRead                
000124fd  USBRingBufAdvanceWrite               
00012559  USBRingBufWriteOne                   
0001257f  USBRingBufWrite                      
000125b5  USBRingBufInit                       
000126ab  USBDCDConfigDescGetSize              
000126e3  USBDCDConfigDescGetNum               
00012731  USBDCDConfigDescGet                  
000127bf  USBDCDConfigGetNumAlternateInterfaces
00012813  USBDCDConfigGetInterface             
00012849  USBDCDConfigGetInterfaceEndpoint     
000128b9  pvPortMalloc                         
000129c3  vPortFree                            
00012a15  xPortGetFreeHeapSize                 
00012a1b  xPortGetMinimumEverFreeHeapSize      
00012a21  vPortInitialiseBlocks                
00012df1  USBDescGetNum                        
00012e4d  USBDescGet                           
00012eb7  USBDescGetNumAlternateInterfaces     
00012f71  USBDescGetInterface                  
00012f9f  USBDescGetInterfaceEndpoint          
00013195  __aeabi_dsub                         
0001319f  __aeabi_dadd                         
00013489  pxPortInitialiseStack                
000134f3  xPortStartScheduler                  
00013529  vPortEndScheduler                    
0001352b  vPortEnterCritical                   
0001354b  vPortExitCritical                    
00013561  xPortSysTickHandler                  
00013587  vPortSetupTimerInterrupt             
000135c5  __aeabi_ddiv                         
000136fb  vListInitialise                      
0001372b  vListInitialiseItem                  
0001373b  vListInsertEnd                       
00013777  vListInsert                          
000137dd  uxListRemove                         
00013825  ButtonsPoll                          
000138cb  ButtonsInit                          
00013a71  ldexp                                
00013a71  ldexpl                               
00013a71  scalbn                               
00013a71  scalbnl                              
00013b81  __aeabi_dmul                         
00013c7d  CPUUsageTick                         
00013cbb  CPUUsageInit                         
00013d6d  InternalUSBTickInit                  
00013dab  InternalUSBTickReset                 
00013db3  InternalUSBRegisterTickHandler       
00013e03  InternalUSBStartOfFrameTick          
00013e69  ulPortGetIPSR                        
00013e81  xPortPendSVHandler                   
00013ee1  vPortSVCHandler                      
00013f01  vPortStartFirstTask                  
00013f25  vPortEnableVFP                       
00013f33  ULPIConfigSet                        
00013fd5  ULPIPowerTransceiver                 
000140b1  CmdLineProcess                       
0001415d  __aeabi_memcpy                       
0001415d  __aeabi_memcpy4                      
0001415d  __aeabi_memcpy8                      
0001415d  memcpy                               
000141f9  __aeabi_uldivmod                     
0001428f  __aeabi_cdcmpeq                      
0001428f  __aeabi_cdcmple                      
00014315  __aeabi_cdrcmple                     
0001439b  __aeabi_memclr                       
0001439b  __aeabi_memclr4                      
0001439b  __aeabi_memclr8                      
0001439d  __aeabi_memset                       
0001439d  __aeabi_memset4                      
0001439d  __aeabi_memset8                      
000143a3  memset                               
00014485  create_checksum                      
000144ed  vConfigureTimerForRunTimeStats       
00014555  __TI_decompress_lzss                 
000145bd  frexp                                
000145bd  frexpl                               
00014677  ltoa                                 
0001471d  __aeabi_f2ulz                        
0001476d  atoi                                 
000147b9  __aeabi_d2iz                         
00014801  __TI_auto_init_nobinit_nopinit       
00014845  __aeabi_uidiv                        
00014845  __aeabi_uidivmod                     
00014885  sprintf                              
00014903  CPUcpsid                             
0001490f  CPUprimask                           
00014919  CPUcpsie                             
00014925  CPUwfi                               
00014929  CPUbasepriSet                        
00014937  CPUbasepriGet                        
00014941  _c_int00_noargs                      
00014975  __aeabi_i2d                          
000149a3  strncmp                              
000149d1  GetOverflowCounts                    
000149f5  USB0DeviceIntHandler                 
00014a19  memccpy                              
00014a35  copysign                             
00014a35  copysignl                            
00014a67  strcmp                               
00014a7f  strchr                               
00014a95  strcpy                               
00014aa9  strlen                               
00014abd  wcslen                               
00014acf  __TI_decompress_none                 
00014add  __TI_zero_init                       
00014ae9  ResetISR                             
00014b01  __aeabi_errno_addr                   
00014b09  SysCtlDelay                          
00014b0f  _system_pre_init                     
00014b13  C$$EXIT                              
00014b13  abort                                
00014fda  _ctypes_                             
0001552c  g_pui8ConfigString                   
00015598  g_sCDCHandlers                       
000155f8  g_pui8ControlInterfaceString         
00015624  g_pui8ManufacturerString             
00015648  g_pui8CDCSerCommInterface            
0001566b  g_pui8ProductString                  
000156b0  g_ppui8StringDescriptors             
000156c8  g_pui8CDCSerDataInterface            
000156df  g_pui8CDCSerDataInterfaceHS          
00015748  g_pui8SerialNumberString             
0001579c  g_sCDCCompSerConfigHeader            
000157a4  g_sCDCCompSerConfigHeaderHS          
000157ac  g_sCDCSerCommInterfaceSection        
000157b4  g_sCDCSerConfigHeader                
000157bc  g_sCDCSerConfigHeaderHS              
000157c4  g_sCDCSerConfigSection               
000157cc  g_sCDCSerDataInterfaceSection        
000157d4  g_sCDCSerDataInterfaceSectionHS      
000157dc  g_sIADSerConfigSection               
000157e4  g_pui8LangDescriptor                 
000157e8  g_pCDCCompSerConfigDescriptors       
000157ec  g_pCDCCompSerConfigDescriptorsHS     
000157f0  g_ppCDCSerConfigDescriptors          
000157f4  g_ppCDCSerConfigDescriptorsHS        
000157f8  ulMaxSyscallInterruptPriority        
00015938  __TI_Handler_Table_Base              
00015944  __TI_Handler_Table_Limit             
00015958  __TI_CINIT_Base                      
00015970  __TI_CINIT_Limit                     
20000000  g_pfnRAMVectors                      
20005d88  g_pui8USBRxBuffer                    
20005e88  g_pui8USBTxBuffer                    
20006024  g_psDCDInst                          
20006074  xQueueRegistry                       
20006178  g_pfnTickHandlers                    
20006190  g_pvTickInstance                     
200062b0  cola_freertos                        
200062b4  cola_hora                            
200062b8  cola_temperatura                     
200062bc  g_ppsDevInfo                         
200062c0  g_ui32CPUUsage                       
200062c4  g_ui32PollRate                       
200062c8  g_ui32SystemClock                    
200062cc  mutexUSB                             
200062d0  ui32Period                           
200062d4  xTimer                               
200062d8  g_eOTGModeState                      
200062dc  g_psCmdTable                         
2000633c  g_sCDCDevice                         
2000639c  pxCurrentTCB                         
200063d8  g_sRxBuffer                          
20006410  g_sTxBuffer                          
200064a4  g_pui8CDCSerDeviceDescriptor         
200064b8  g_psCDCCompSerSections               
200064c8  g_psCDCCompSerSectionsHS             
200064e8  g_psCDCSerSections                   
200064f4  g_psCDCSerSectionsHS                 
20006518  g_bUSBTimerInitialized               
2000651c  g_ui32CurrentUSBTick                 
20006520  g_ui32USBSOFCount                    
20006524  miSemaforo                           
20006528  higherPriorityTaskWoken              
2000652d  g_pui8CDCSerDescriptor               
20006538  g_ulUARTTxCount                      
2000653c  g_ulUARTRxCount                      
20006544  g_iUSBMode                           
20006548  g_ui32WaitTicks                      
2000654d  g_pui8IADSerDescriptor               
20006570  errno                                
20006578  __stack                              
20006778  __STACK_END                          
20006778  __STACK_TOP                          
ffffffff  __TI_pprof_out_hndl                  
ffffffff  __TI_prof_data_size                  
ffffffff  __TI_prof_data_start                 
ffffffff  __binit__                            
ffffffff  __c_args__                           
ffffffff  binit                                
UNDEFED   __mpu_init                           
UNDEFED   _system_post_cinit                   

[816 symbols]
